../Core/Src/main.c:78:5:main	8	static
../Core/Src/main.c:130:6:SystemClock_Config	120	static
../Core/Src/main.c:192:13:MX_FDCAN1_Init	8	static
../Core/Src/main.c:245:13:MX_SPI4_Init	8	static
../Core/Src/main.c:293:13:MX_SPI6_Init	8	static
../Core/Src/main.c:341:13:MX_USART1_UART_Init	8	static
../Core/Src/main.c:389:13:MX_USART2_UART_Init	8	static
../Core/Src/main.c:437:13:MX_GPIO_Init	56	static
../Core/Src/main.c:474:6:MPU_Config	24	static
../Core/Src/main.c:505:6:Error_Handler	4	static,ignoring_inline_asm
