Archive member included to satisfy reference by file (symbol)

C:/ST/STM32CubeIDE_1.19.0/STM32CubeIDE/plugins/com.st.stm32cube.ide.mcu.externaltools.gnu-tools-for-stm32.13.3.rel1.win32_1.0.0.202411081344/tools/bin/../lib/gcc/arm-none-eabi/13.3.1/../../../../arm-none-eabi/lib/thumb/v7e-m+dp/hard\libc_nano.a(libc_a-exit.o)
                              C:/ST/STM32CubeIDE_1.19.0/STM32CubeIDE/plugins/com.st.stm32cube.ide.mcu.externaltools.gnu-tools-for-stm32.13.3.rel1.win32_1.0.0.202411081344/tools/bin/../lib/gcc/arm-none-eabi/13.3.1/../../../../arm-none-eabi/lib/thumb/v7e-m+dp/hard/crt0.o (exit)
C:/ST/STM32CubeIDE_1.19.0/STM32CubeIDE/plugins/com.st.stm32cube.ide.mcu.externaltools.gnu-tools-for-stm32.13.3.rel1.win32_1.0.0.202411081344/tools/bin/../lib/gcc/arm-none-eabi/13.3.1/../../../../arm-none-eabi/lib/thumb/v7e-m+dp/hard\libc_nano.a(libc_a-findfp.o)
                              C:/ST/STM32CubeIDE_1.19.0/STM32CubeIDE/plugins/com.st.stm32cube.ide.mcu.externaltools.gnu-tools-for-stm32.13.3.rel1.win32_1.0.0.202411081344/tools/bin/../lib/gcc/arm-none-eabi/13.3.1/../../../../arm-none-eabi/lib/thumb/v7e-m+dp/hard\libc_nano.a(libc_a-exit.o) (__stdio_exit_handler)
C:/ST/STM32CubeIDE_1.19.0/STM32CubeIDE/plugins/com.st.stm32cube.ide.mcu.externaltools.gnu-tools-for-stm32.13.3.rel1.win32_1.0.0.202411081344/tools/bin/../lib/gcc/arm-none-eabi/13.3.1/../../../../arm-none-eabi/lib/thumb/v7e-m+dp/hard\libc_nano.a(libc_a-fwalk.o)
                              C:/ST/STM32CubeIDE_1.19.0/STM32CubeIDE/plugins/com.st.stm32cube.ide.mcu.externaltools.gnu-tools-for-stm32.13.3.rel1.win32_1.0.0.202411081344/tools/bin/../lib/gcc/arm-none-eabi/13.3.1/../../../../arm-none-eabi/lib/thumb/v7e-m+dp/hard\libc_nano.a(libc_a-findfp.o) (_fwalk_sglue)
C:/ST/STM32CubeIDE_1.19.0/STM32CubeIDE/plugins/com.st.stm32cube.ide.mcu.externaltools.gnu-tools-for-stm32.13.3.rel1.win32_1.0.0.202411081344/tools/bin/../lib/gcc/arm-none-eabi/13.3.1/../../../../arm-none-eabi/lib/thumb/v7e-m+dp/hard\libc_nano.a(libc_a-snprintf.o)
                              ./Core/Src/debug_uart.o (snprintf)
C:/ST/STM32CubeIDE_1.19.0/STM32CubeIDE/plugins/com.st.stm32cube.ide.mcu.externaltools.gnu-tools-for-stm32.13.3.rel1.win32_1.0.0.202411081344/tools/bin/../lib/gcc/arm-none-eabi/13.3.1/../../../../arm-none-eabi/lib/thumb/v7e-m+dp/hard\libc_nano.a(libc_a-stdio.o)
                              C:/ST/STM32CubeIDE_1.19.0/STM32CubeIDE/plugins/com.st.stm32cube.ide.mcu.externaltools.gnu-tools-for-stm32.13.3.rel1.win32_1.0.0.202411081344/tools/bin/../lib/gcc/arm-none-eabi/13.3.1/../../../../arm-none-eabi/lib/thumb/v7e-m+dp/hard\libc_nano.a(libc_a-findfp.o) (__sread)
C:/ST/STM32CubeIDE_1.19.0/STM32CubeIDE/plugins/com.st.stm32cube.ide.mcu.externaltools.gnu-tools-for-stm32.13.3.rel1.win32_1.0.0.202411081344/tools/bin/../lib/gcc/arm-none-eabi/13.3.1/../../../../arm-none-eabi/lib/thumb/v7e-m+dp/hard\libc_nano.a(libc_a-vsnprintf.o)
                              ./Core/Src/debug_uart.o (vsnprintf)
C:/ST/STM32CubeIDE_1.19.0/STM32CubeIDE/plugins/com.st.stm32cube.ide.mcu.externaltools.gnu-tools-for-stm32.13.3.rel1.win32_1.0.0.202411081344/tools/bin/../lib/gcc/arm-none-eabi/13.3.1/../../../../arm-none-eabi/lib/thumb/v7e-m+dp/hard\libc_nano.a(libc_a-memset.o)
                              C:/ST/STM32CubeIDE_1.19.0/STM32CubeIDE/plugins/com.st.stm32cube.ide.mcu.externaltools.gnu-tools-for-stm32.13.3.rel1.win32_1.0.0.202411081344/tools/bin/../lib/gcc/arm-none-eabi/13.3.1/../../../../arm-none-eabi/lib/thumb/v7e-m+dp/hard/crt0.o (memset)
C:/ST/STM32CubeIDE_1.19.0/STM32CubeIDE/plugins/com.st.stm32cube.ide.mcu.externaltools.gnu-tools-for-stm32.13.3.rel1.win32_1.0.0.202411081344/tools/bin/../lib/gcc/arm-none-eabi/13.3.1/../../../../arm-none-eabi/lib/thumb/v7e-m+dp/hard\libc_nano.a(libc_a-closer.o)
                              C:/ST/STM32CubeIDE_1.19.0/STM32CubeIDE/plugins/com.st.stm32cube.ide.mcu.externaltools.gnu-tools-for-stm32.13.3.rel1.win32_1.0.0.202411081344/tools/bin/../lib/gcc/arm-none-eabi/13.3.1/../../../../arm-none-eabi/lib/thumb/v7e-m+dp/hard\libc_nano.a(libc_a-stdio.o) (_close_r)
C:/ST/STM32CubeIDE_1.19.0/STM32CubeIDE/plugins/com.st.stm32cube.ide.mcu.externaltools.gnu-tools-for-stm32.13.3.rel1.win32_1.0.0.202411081344/tools/bin/../lib/gcc/arm-none-eabi/13.3.1/../../../../arm-none-eabi/lib/thumb/v7e-m+dp/hard\libc_nano.a(libc_a-reent.o)
                              C:/ST/STM32CubeIDE_1.19.0/STM32CubeIDE/plugins/com.st.stm32cube.ide.mcu.externaltools.gnu-tools-for-stm32.13.3.rel1.win32_1.0.0.202411081344/tools/bin/../lib/gcc/arm-none-eabi/13.3.1/../../../../arm-none-eabi/lib/thumb/v7e-m+dp/hard\libc_nano.a(libc_a-closer.o) (errno)
C:/ST/STM32CubeIDE_1.19.0/STM32CubeIDE/plugins/com.st.stm32cube.ide.mcu.externaltools.gnu-tools-for-stm32.13.3.rel1.win32_1.0.0.202411081344/tools/bin/../lib/gcc/arm-none-eabi/13.3.1/../../../../arm-none-eabi/lib/thumb/v7e-m+dp/hard\libc_nano.a(libc_a-impure.o)
[...]
Memory Configuration

Name             Origin             Length             Attributes
FLASH            0x08000000         0x00200000         xr
DTCMRAM          0x20000000         0x00020000         xrw
RAM_D1           0x24000000         0x00080000         xrw
RAM_D2           0x30000000         0x00048000         xrw
RAM_D3           0x38000000         0x00010000         xrw
ITCMRAM          0x00000000         0x00010000         xrw
*default*        0x00000000         0xffffffff

Linker script and memory map

LOAD C:/ST/STM32CubeIDE_1.19.0/STM32CubeIDE/plugins/com.st.stm32cube.ide.mcu.externaltools.gnu-tools-for-stm32.13.3.rel1.win32_1.0.0.202411081344/tools/bin/../lib/gcc/arm-none-eabi/13.3.1/thumb/v7e-m+dp/hard/crti.o
LOAD C:/ST/STM32CubeIDE_1.19.0/STM32CubeIDE/plugins/com.st.stm32cube.ide.mcu.externaltools.gnu-tools-for-stm32.13.3.rel1.win32_1.0.0.202411081344/tools/bin/../lib/gcc/arm-none-eabi/13.3.1/thumb/v7e-m+dp/hard/crtbegin.o
LOAD C:/ST/STM32CubeIDE_1.19.0/STM32CubeIDE/plugins/com.st.stm32cube.ide.mcu.externaltools.gnu-tools-for-stm32.13.3.rel1.win32_1.0.0.202411081344/tools/bin/../lib/gcc/arm-none-eabi/13.3.1/../../../../arm-none-eabi/lib/thumb/v7e-m+dp/hard/crt0.o
LOAD ./Core/Src/debug_uart.o
LOAD ./Core/Src/digital_output_handler.o
LOAD ./Core/Src/main.o
LOAD ./Core/Src/rs485_protocol.o
LOAD ./Core/Src/stm32h7xx_hal_msp.o
LOAD ./Core/Src/stm32h7xx_it.o
LOAD ./Core/Src/syscalls.o
LOAD ./Core/Src/sysmem.o
LOAD ./Core/Src/system_stm32h7xx.o
LOAD ./Core/Src/version.o
LOAD ./Core/Startup/startup_stm32h753zitx.o
LOAD ./Drivers/STM32H7xx_HAL_Driver/Src/stm32h7xx_hal.o
LOAD ./Drivers/STM32H7xx_HAL_Driver/Src/stm32h7xx_hal_cortex.o
LOAD ./Drivers/STM32H7xx_HAL_Driver/Src/stm32h7xx_hal_dma.o
LOAD ./Drivers/STM32H7xx_HAL_Driver/Src/stm32h7xx_hal_dma_ex.o
LOAD ./Drivers/STM32H7xx_HAL_Driver/Src/stm32h7xx_hal_exti.o
LOAD ./Drivers/STM32H7xx_HAL_Driver/Src/stm32h7xx_hal_fdcan.o
LOAD ./Drivers/STM32H7xx_HAL_Driver/Src/stm32h7xx_hal_flash.o
LOAD ./Drivers/STM32H7xx_HAL_Driver/Src/stm32h7xx_hal_flash_ex.o
LOAD ./Drivers/STM32H7xx_HAL_Driver/Src/stm32h7xx_hal_gpio.o
LOAD ./Drivers/STM32H7xx_HAL_Driver/Src/stm32h7xx_hal_hsem.o
LOAD ./Drivers/STM32H7xx_HAL_Driver/Src/stm32h7xx_hal_i2c.o
LOAD ./Drivers/STM32H7xx_HAL_Driver/Src/stm32h7xx_hal_i2c_ex.o
LOAD ./Drivers/STM32H7xx_HAL_Driver/Src/stm32h7xx_hal_mdma.o
LOAD ./Drivers/STM32H7xx_HAL_Driver/Src/stm32h7xx_hal_pwr.o
LOAD ./Drivers/STM32H7xx_HAL_Driver/Src/stm32h7xx_hal_pwr_ex.o
LOAD ./Drivers/STM32H7xx_HAL_Driver/Src/stm32h7xx_hal_rcc.o
LOAD ./Drivers/STM32H7xx_HAL_Driver/Src/stm32h7xx_hal_rcc_ex.o
LOAD ./Drivers/STM32H7xx_HAL_Driver/Src/stm32h7xx_hal_tim.o
LOAD ./Drivers/STM32H7xx_HAL_Driver/Src/stm32h7xx_hal_tim_ex.o
LOAD ./Drivers/STM32H7xx_HAL_Driver/Src/stm32h7xx_hal_uart.o
LOAD ./Drivers/STM32H7xx_HAL_Driver/Src/stm32h7xx_hal_uart_ex.o
START GROUP
LOAD C:/ST/STM32CubeIDE_1.19.0/STM32CubeIDE/plugins/com.st.stm32cube.ide.mcu.externaltools.gnu-tools-for-stm32.13.3.rel1.win32_1.0.0.202411081344/tools/bin/../lib/gcc/arm-none-eabi/13.3.1/../../../../arm-none-eabi/lib/thumb/v7e-m+dp/hard\libc_nano.a
LOAD C:/ST/STM32CubeIDE_1.19.0/STM32CubeIDE/plugins/com.st.stm32cube.ide.mcu.externaltools.gnu-tools-for-stm32.13.3.rel1.win32_1.0.0.202411081344/tools/bin/../lib/gcc/arm-none-eabi/13.3.1/../../../../arm-none-eabi/lib/thumb/v7e-m+dp/hard\libm.a
END GROUP
START GROUP
LOAD C:/ST/STM32CubeIDE_1.19.0/STM32CubeIDE/plugins/com.st.stm32cube.ide.mcu.externaltools.gnu-tools-for-stm32.13.3.rel1.win32_1.0.0.202411081344/tools/bin/../lib/gcc/arm-none-eabi/13.3.1/thumb/v7e-m+dp/hard\libgcc.a
LOAD C:/ST/STM32CubeIDE_1.19.0/STM32CubeIDE/plugins/com.st.stm32cube.ide.mcu.externaltools.gnu-tools-for-stm32.13.3.rel1.win32_1.0.0.202411081344/tools/bin/../lib/gcc/arm-none-eabi/13.3.1/../../../../arm-none-eabi/lib/thumb/v7e-m+dp/hard\libc_nano.a
END GROUP
START GROUP
LOAD C:/ST/STM32CubeIDE_1.19.0/STM32CubeIDE/plugins/com.st.stm32cube.ide.mcu.externaltools.gnu-tools-for-stm32.13.3.rel1.win32_1.0.0.202411081344/tools/bin/../lib/gcc/arm-none-eabi/13.3.1/thumb/v7e-m+dp/hard\libgcc.a
LOAD C:/ST/STM32CubeIDE_1.19.0/STM32CubeIDE/plugins/com.st.stm32cube.ide.mcu.externaltools.gnu-tools-for-stm32.13.3.rel1.win32_1.0.0.202411081344/tools/bin/../lib/gcc/arm-none-eabi/13.3.1/../../../../arm-none-eabi/lib/thumb/v7e-m+dp/hard\libc_nano.a
LOAD C:/ST/STM32CubeIDE_1.19.0/STM32CubeIDE/plugins/com.st.stm32cube.ide.mcu.externaltools.gnu-tools-for-stm32.13.3.rel1.win32_1.0.0.202411081344/tools/bin/../lib/gcc/arm-none-eabi/13.3.1/../../../../arm-none-eabi/lib/thumb/v7e-m+dp/hard\libnosys.a
END GROUP
START GROUP
LOAD C:/ST/STM32CubeIDE_1.19.0/STM32CubeIDE/plugins/com.st.stm32cube.ide.mcu.externaltools.gnu-tools-for-stm32.13.3.rel1.win32_1.0.0.202411081344/tools/bin/../lib/gcc/arm-none-eabi/13.3.1/thumb/v7e-m+dp/hard\libgcc.a
LOAD C:/ST/STM32CubeIDE_1.19.0/STM32CubeIDE/plugins/com.st.stm32cube.ide.mcu.externaltools.gnu-tools-for-stm32.13.3.rel1.win32_1.0.0.202411081344/tools/bin/../lib/gcc/arm-none-eabi/13.3.1/../../../../arm-none-eabi/lib/thumb/v7e-m+dp/hard\libc_nano.a
LOAD C:/ST/STM32CubeIDE_1.19.0/STM32CubeIDE/plugins/com.st.stm32cube.ide.mcu.externaltools.gnu-tools-for-stm32.13.3.rel1.win32_1.0.0.202411081344/tools/bin/../lib/gcc/arm-none-eabi/13.3.1/../../../../arm-none-eabi/lib/thumb/v7e-m+dp/hard\libnosys.a
END GROUP
LOAD C:/ST/STM32CubeIDE_1.19.0/STM32CubeIDE/plugins/com.st.stm32cube.ide.mcu.externaltools.gnu-tools-for-stm32.13.3.rel1.win32_1.0.0.202411081344/tools/bin/../lib/gcc/arm-none-eabi/13.3.1/thumb/v7e-m+dp/hard/crtend.o
LOAD C:/ST/STM32CubeIDE_1.19.0/STM32CubeIDE/plugins/com.st.stm32cube.ide.mcu.externaltools.gnu-tools-for-stm32.13.3.rel1.win32_1.0.0.202411081344/tools/bin/../lib/gcc/arm-none-eabi/13.3.1/thumb/v7e-m+dp/hard/crtn.o
                0x24080000                        _estack = (ORIGIN (RAM_D1) + LENGTH (RAM_D1))
                0x00000200                        _Min_Heap_Size = 0x200
                0x00000400                        _Min_Stack_Size = 0x400

.isr_vector     0x08000000      0x298
                0x08000000                        . = ALIGN (0x4)
 *(.isr_vector)
 .isr_vector    0x08000000      0x298 ./Core/Startup/startup_stm32h753zitx.o
                0x08000000                g_pfnVectors
                0x08000298                        . = ALIGN (0x4)

.text           0x080002a0     0x9ac8
                0x080002a0                        . = ALIGN (0x4)
 *(.text)
 .text          0x080002a0       0x40 C:/ST/STM32CubeIDE_1.19.0/STM32CubeIDE/plugins/com.st.stm32cube.ide.mcu.externaltools.gnu-tools-for-stm32.13.3.rel1.win32_1.0.0.202411081344/tools/bin/../lib/gcc/arm-none-eabi/13.3.1/thumb/v7e-m+dp/hard/crtbegin.o
 .text          0x080002e0       0xa0 C:/ST/STM32CubeIDE_1.19.0/STM32CubeIDE/plugins/com.st.stm32cube.ide.mcu.externaltools.gnu-tools-for-stm32.13.3.rel1.win32_1.0.0.202411081344/tools/bin/../lib/gcc/arm-none-eabi/13.3.1/../../../../arm-none-eabi/lib/thumb/v7e-m+dp/hard\libc_nano.a(libc_a-memchr.o)
                0x080002e0                memchr
 .text          0x08000380       0x30 C:/ST/STM32CubeIDE_1.19.0/STM32CubeIDE/plugins/com.st.stm32cube.ide.mcu.externaltools.gnu-tools-for-stm32.13.3.rel1.win32_1.0.0.202411081344/tools/bin/../lib/gcc/arm-none-eabi/13.3.1/thumb/v7e-m+dp/hard\libgcc.a(_aeabi_uldivmod.o)
                0x08000380                __aeabi_uldivmod
 .text          0x080003b0      0x2f8 C:/ST/STM32CubeIDE_1.19.0/STM32CubeIDE/plugins/com.st.stm32cube.ide.mcu.externaltools.gnu-tools-for-stm32.13.3.rel1.win32_1.0.0.202411081344/tools/bin/../lib/gcc/arm-none-eabi/13.3.1/thumb/v7e-m+dp/hard\libgcc.a(_udivmoddi4.o)
                0x080003b0                __udivmoddi4
 .text          0x080006a8        0x4 C:/ST/STM32CubeIDE_1.19.0/STM32CubeIDE/plugins/com.st.stm32cube.ide.mcu.externaltools.gnu-tools-for-stm32.13.3.rel1.win32_1.0.0.202411081344/tools/bin/../lib/gcc/arm-none-eabi/13.3.1/thumb/v7e-m+dp/hard\libgcc.a(_dvmd_tls.o)
                0x080006a8                __aeabi_idiv0
                0x080006a8                __aeabi_ldiv0
 *(.text*)
 .text.Debug_Init
                0x080006ac       0x20 ./Core/Src/debug_uart.o
                0x080006ac                Debug_Init
 .text.Debug_Print
                0x080006cc       0xe0 ./Core/Src/debug_uart.o
                0x080006cc                Debug_Print
 .text.DigitalOutput_Init
                0x080007ac       0xa4 ./Core/Src/digital_output_handler.o
                0x080007ac                DigitalOutput_Init
 .text.DigitalOutput_Set
                0x08000850       0x68 ./Core/Src/digital_output_handler.o
                0x08000850                DigitalOutput_Set
 .text.DigitalOutput_SetAll
                0x080008b8       0x7c ./Core/Src/digital_output_handler.o
                0x080008b8                DigitalOutput_SetAll
 .text.DigitalOutput_GetAll
                0x08000934       0x88 ./Core/Src/digital_output_handler.o
                0x08000934                DigitalOutput_GetAll
 .text.main     0x080009bc      0x12c ./Core/Src/main.o
                0x080009bc                main
 .text.SystemClock_Config
                0x08000ae8       0xdc ./Core/Src/main.o
                0x08000ae8                SystemClock_Config
 .text.MX_FDCAN1_Init
                0x08000bc4       0xc8 ./Core/Src/main.o
 .text.MX_USART1_UART_Init
                0x08000c8c       0x98 ./Core/Src/main.o
 .text.MX_USART2_UART_Init
                0x08000d24       0x98 ./Core/Src/main.o
 .text.MX_GPIO_Init
                0x08000dbc      0x27c ./Core/Src/main.o
 .text.HandleWriteDO
                0x08001038       0x3c ./Core/Src/main.o
                0x08001038                HandleWriteDO
 .text.HandleReadDO
                0x08001074       0x38 ./Core/Src/main.o
                0x08001074                HandleReadDO
 .text.MPU_Config
                0x080010ac       0x58 ./Core/Src/main.o
 .text.Error_Handler
                0x08001104        0xc ./Core/Src/main.o
                0x08001104                Error_Handler
 .text.RS485_Init
                0x08001110       0xa4 ./Core/Src/rs485_protocol.o
                0x08001110                RS485_Init
 .text.RS485_Process
                0x080011b4       0x24 ./Core/Src/rs485_protocol.o
                0x080011b4                RS485_Process
 .text.RS485_SendPacket
                0x080011d8      0x548 ./Core/Src/rs485_protocol.o
                0x080011d8                RS485_SendPacket
 .text.RS485_SendResponse
                0x08001720       0x2c ./Core/Src/rs485_protocol.o
                0x08001720                RS485_SendResponse
 .text.RS485_SendError
                0x0800174c       0x38 ./Core/Src/rs485_protocol.o
                0x0800174c                RS485_SendError
 .text.RS485_RegisterCommandHandler
                0x08001784       0x28 ./Core/Src/rs485_protocol.o
                0x08001784                RS485_RegisterCommandHandler
 .text.RS485_GetStatus
                0x080017ac       0x14 ./Core/Src/rs485_protocol.o
                0x080017ac                RS485_GetStatus
 .text.RS485_CalculateCRC
                0x080017c0       0x78 ./Core/Src/rs485_protocol.o
                0x080017c0                RS485_CalculateCRC
 .text.RS485_ProcessPacket
                0x08001838      0x300 ./Core/Src/rs485_protocol.o
 .text.RS485_HandlePing
                0x08001b38       0x64 ./Core/Src/rs485_protocol.o
 .text.RS485_HandleGetVersion
                0x08001b9c       0x48 ./Core/Src/rs485_protocol.o
 .text.RS485_HandleHeartbeat
                0x08001be4       0x34 ./Core/Src/rs485_protocol.o
 .text.RS485_HandleGetStatus
                0x08001c18       0x50 ./Core/Src/rs485_protocol.o
 .text.HAL_UART_RxCpltCallback
                0x08001c68       0x78 ./Core/Src/rs485_protocol.o
                0x08001c68                HAL_UART_RxCpltCallback
 .text.RS485_ProcessReceivedByte
                0x08001ce0      0x164 ./Core/Src/rs485_protocol.o
 .text.HAL_MspInit
                0x08001e44       0x34 ./Core/Src/stm32h7xx_hal_msp.o
                0x08001e44                HAL_MspInit
 .text.HAL_FDCAN_MspInit
                0x08001e78       0xd4 ./Core/Src/stm32h7xx_hal_msp.o
                0x08001e78                HAL_FDCAN_MspInit
 .text.HAL_UART_MspInit
                0x08001f4c      0x1a4 ./Core/Src/stm32h7xx_hal_msp.o
                0x08001f4c                HAL_UART_MspInit
 .text.NMI_Handler
                0x080020f0        0x8 ./Core/Src/stm32h7xx_it.o
                0x080020f0                NMI_Handler
 .text.HardFault_Handler
                0x080020f8        0x8 ./Core/Src/stm32h7xx_it.o
                0x080020f8                HardFault_Handler
 .text.MemManage_Handler
                0x08002100        0x8 ./Core/Src/stm32h7xx_it.o
                0x08002100                MemManage_Handler
 .text.BusFault_Handler
                0x08002108        0x8 ./Core/Src/stm32h7xx_it.o
                0x08002108                BusFault_Handler
 .text.UsageFault_Handler
                0x08002110        0x8 ./Core/Src/stm32h7xx_it.o
                0x08002110                UsageFault_Handler
 .text.SVC_Handler
                0x08002118        0xe ./Core/Src/stm32h7xx_it.o
                0x08002118                SVC_Handler
 .text.DebugMon_Handler
                0x08002126        0xe ./Core/Src/stm32h7xx_it.o
                0x08002126                DebugMon_Handler
 .text.PendSV_Handler
                0x08002134        0xe ./Core/Src/stm32h7xx_it.o
                0x08002134                PendSV_Handler
 .text.SysTick_Handler
                0x08002142        0xc ./Core/Src/stm32h7xx_it.o
                0x08002142                SysTick_Handler
 *fill*         0x0800214e        0x2 
 .text.USART1_IRQHandler
                0x08002150       0x14 ./Core/Src/stm32h7xx_it.o
                0x08002150                USART1_IRQHandler
 .text.USART2_IRQHandler
                0x08002164       0x14 ./Core/Src/stm32h7xx_it.o
                0x08002164                USART2_IRQHandler
 .text._sbrk    0x08002178       0x6c ./Core/Src/sysmem.o
                0x08002178                _sbrk
 .text.SystemInit
                0x080021e4      0x140 ./Core/Src/system_stm32h7xx.o
                0x080021e4                SystemInit
 .text.ExitRun0Mode
                0x08002324       0x30 ./Core/Src/system_stm32h7xx.o
                0x08002324                ExitRun0Mode
 .text.Version_GetString
                0x08002354       0x50 ./Core/Src/version.o
                0x08002354                Version_GetString
 .text.Reset_Handler
                0x080023a4       0x54 ./Core/Startup/startup_stm32h753zitx.o
                0x080023a4                Reset_Handler
 .text.Default_Handler
                0x080023f8        0x2 ./Core/Startup/startup_stm32h753zitx.o
                0x080023f8                RTC_Alarm_IRQHandler
                0x080023f8                HASH_RNG_IRQHandler
                0x080023f8                EXTI2_IRQHandler
                0x080023f8                TIM8_CC_IRQHandler
                0x080023f8                HRTIM1_Master_IRQHandler
                0x080023f8                UART8_IRQHandler
                0x080023f8                SPI4_IRQHandler
                0x080023f8                TIM1_CC_IRQHandler
                0x080023f8                BDMA_Channel6_IRQHandler
                0x080023f8                DMA2_Stream5_IRQHandler
                0x080023f8                HRTIM1_FLT_IRQHandler
                0x080023f8                JPEG_IRQHandler
                0x080023f8                DMA1_Stream5_IRQHandler
                0x080023f8                BDMA_Channel1_IRQHandler
                0x080023f8                HRTIM1_TIMD_IRQHandler
                0x080023f8                TAMP_STAMP_IRQHandler
                0x080023f8                EXTI3_IRQHandler
                0x080023f8                LPTIM4_IRQHandler
                0x080023f8                TIM8_TRG_COM_TIM14_IRQHandler
                0x080023f8                LPTIM2_IRQHandler
                0x080023f8                DFSDM1_FLT1_IRQHandler
                0x080023f8                DMAMUX2_OVR_IRQHandler
                0x080023f8                TIM8_UP_TIM13_IRQHandler
                0x080023f8                I2C3_ER_IRQHandler
                0x080023f8                DFSDM1_FLT2_IRQHandler
                0x080023f8                MDMA_IRQHandler
                0x080023f8                LPTIM3_IRQHandler
                0x080023f8                HSEM1_IRQHandler
                0x080023f8                EXTI0_IRQHandler
                0x080023f8                I2C2_EV_IRQHandler
                0x080023f8                DMA1_Stream2_IRQHandler
                0x080023f8                FPU_IRQHandler
                0x080023f8                OTG_HS_WKUP_IRQHandler
                0x080023f8                FDCAN1_IT1_IRQHandler
                0x080023f8                LTDC_ER_IRQHandler
                0x080023f8                DMA2_Stream2_IRQHandler
                0x080023f8                HRTIM1_TIME_IRQHandler
                0x080023f8                SPI1_IRQHandler
                0x080023f8                TIM6_DAC_IRQHandler
                0x080023f8                DCMI_IRQHandler
                0x080023f8                HRTIM1_TIMC_IRQHandler
                0x080023f8                DMA2_Stream3_IRQHandler
                0x080023f8                SAI2_IRQHandler
                0x080023f8                DFSDM1_FLT3_IRQHandler
                0x080023f8                USART6_IRQHandler
                0x080023f8                TIM17_IRQHandler
                0x080023f8                USART3_IRQHandler
                0x080023f8                BDMA_Channel7_IRQHandler
                0x080023f8                CRYP_IRQHandler
                0x080023f8                LPTIM5_IRQHandler
                0x080023f8                UART5_IRQHandler
                0x080023f8                ADC3_IRQHandler
                0x080023f8                DMA2_Stream0_IRQHandler
                0x080023f8                TIM4_IRQHandler
                0x080023f8                BDMA_Channel2_IRQHandler
                0x080023f8                QUADSPI_IRQHandler
                0x080023f8                I2C1_EV_IRQHandler
                0x080023f8                DMA1_Stream6_IRQHandler
                0x080023f8                DMAMUX1_OVR_IRQHandler
                0x080023f8                DMA1_Stream1_IRQHandler
                0x080023f8                TIM16_IRQHandler
                0x080023f8                UART4_IRQHandler
                0x080023f8                BDMA_Channel5_IRQHandler
                0x080023f8                TIM3_IRQHandler
                0x080023f8                RCC_IRQHandler
                0x080023f8                TIM8_BRK_TIM12_IRQHandler
                0x080023f8                TIM1_TRG_COM_IRQHandler
                0x080023f8                Default_Handler
                0x080023f8                ECC_IRQHandler
                0x080023f8                CEC_IRQHandler
                0x080023f8                EXTI15_10_IRQHandler
                0x080023f8                BDMA_Channel0_IRQHandler
                0x080023f8                ADC_IRQHandler
                0x080023f8                DMA1_Stream7_IRQHandler
                0x080023f8                HRTIM1_TIMA_IRQHandler
                0x080023f8                SPI5_IRQHandler
                0x080023f8                TIM7_IRQHandler
                0x080023f8                SDMMC1_IRQHandler
                0x080023f8                TIM5_IRQHandler
                0x080023f8                DMA2_Stream7_IRQHandler
                0x080023f8                TIM15_IRQHandler
                0x080023f8                PVD_AVD_IRQHandler
                0x080023f8                I2C3_EV_IRQHandler
                0x080023f8                EXTI9_5_IRQHandler
                0x080023f8                RTC_WKUP_IRQHandler
                0x080023f8                LTDC_IRQHandler
                0x080023f8                SAI3_IRQHandler
                0x080023f8                ETH_WKUP_IRQHandler
                0x080023f8                SPDIF_RX_IRQHandler
                0x080023f8                SPI2_IRQHandler
                0x080023f8                OTG_HS_EP1_IN_IRQHandler
                0x080023f8                DMA1_Stream0_IRQHandler
                0x080023f8                CRS_IRQHandler
                0x080023f8                EXTI4_IRQHandler
                0x080023f8                HRTIM1_TIMB_IRQHandler
                0x080023f8                FDCAN2_IT1_IRQHandler
                0x080023f8                ETH_IRQHandler
                0x080023f8                TIM1_UP_IRQHandler
                0x080023f8                BDMA_Channel4_IRQHandler
                0x080023f8                OTG_HS_EP1_OUT_IRQHandler
                0x080023f8                WWDG_IRQHandler
                0x080023f8                SPI6_IRQHandler
                0x080023f8                MDIOS_IRQHandler
                0x080023f8                I2C4_EV_IRQHandler
                0x080023f8                FDCAN2_IT0_IRQHandler
                0x080023f8                LPUART1_IRQHandler
                0x080023f8                FDCAN1_IT0_IRQHandler
                0x080023f8                TIM2_IRQHandler
                0x080023f8                OTG_FS_WKUP_IRQHandler
                0x080023f8                OTG_HS_IRQHandler
                0x080023f8                DMA2D_IRQHandler
                0x080023f8                TIM1_BRK_IRQHandler
                0x080023f8                EXTI1_IRQHandler
                0x080023f8                SDMMC2_IRQHandler
                0x080023f8                OTG_FS_EP1_OUT_IRQHandler
                0x080023f8                BDMA_Channel3_IRQHandler
                0x080023f8                UART7_IRQHandler
                0x080023f8                MDIOS_WKUP_IRQHandler
                0x080023f8                DFSDM1_FLT0_IRQHandler
                0x080023f8                SAI4_IRQHandler
                0x080023f8                I2C2_ER_IRQHandler
                0x080023f8                DMA2_Stream1_IRQHandler
                0x080023f8                FLASH_IRQHandler
                0x080023f8                DMA2_Stream4_IRQHandler
                0x080023f8                OTG_FS_IRQHandler
                0x080023f8                SPI3_IRQHandler
                0x080023f8                WAKEUP_PIN_IRQHandler
                0x080023f8                DMA1_Stream4_IRQHandler
                0x080023f8                OTG_FS_EP1_IN_IRQHandler
                0x080023f8                I2C1_ER_IRQHandler
                0x080023f8                FMC_IRQHandler
                0x080023f8                FDCAN_CAL_IRQHandler
                0x080023f8                SWPMI1_IRQHandler
                0x080023f8                COMP1_IRQHandler
                0x080023f8                LPTIM1_IRQHandler
                0x080023f8                I2C4_ER_IRQHandler
                0x080023f8                DMA2_Stream6_IRQHandler
                0x080023f8                SAI1_IRQHandler
                0x080023f8                DMA1_Stream3_IRQHandler
 *fill*         0x080023fa        0x2 
 .text.HAL_Init
                0x080023fc       0x78 ./Drivers/STM32H7xx_HAL_Driver/Src/stm32h7xx_hal.o
                0x080023fc                HAL_Init
 .text.HAL_InitTick
                0x08002474       0x6c ./Drivers/STM32H7xx_HAL_Driver/Src/stm32h7xx_hal.o
                0x08002474                HAL_InitTick
 .text.HAL_IncTick
                0x080024e0       0x28 ./Drivers/STM32H7xx_HAL_Driver/Src/stm32h7xx_hal.o
                0x080024e0                HAL_IncTick
 .text.HAL_GetTick
                0x08002508       0x18 ./Drivers/STM32H7xx_HAL_Driver/Src/stm32h7xx_hal.o
                0x08002508                HAL_GetTick
 .text.HAL_Delay
                0x08002520       0x48 ./Drivers/STM32H7xx_HAL_Driver/Src/stm32h7xx_hal.o
                0x08002520                HAL_Delay
 .text.HAL_GetREVID
                0x08002568       0x18 ./Drivers/STM32H7xx_HAL_Driver/Src/stm32h7xx_hal.o
                0x08002568                HAL_GetREVID
 .text.HAL_SYSCFG_AnalogSwitchConfig
                0x08002580       0x2c ./Drivers/STM32H7xx_HAL_Driver/Src/stm32h7xx_hal.o
                0x08002580                HAL_SYSCFG_AnalogSwitchConfig
 .text.__NVIC_SetPriorityGrouping
                0x080025ac       0x48 ./Drivers/STM32H7xx_HAL_Driver/Src/stm32h7xx_hal_cortex.o
 .text.__NVIC_GetPriorityGrouping
                0x080025f4       0x1c ./Drivers/STM32H7xx_HAL_Driver/Src/stm32h7xx_hal_cortex.o
 .text.__NVIC_EnableIRQ
                0x08002610       0x3c ./Drivers/STM32H7xx_HAL_Driver/Src/stm32h7xx_hal_cortex.o
 .text.__NVIC_SetPriority
                0x0800264c       0x54 ./Drivers/STM32H7xx_HAL_Driver/Src/stm32h7xx_hal_cortex.o
 .text.NVIC_EncodePriority
                0x080026a0       0x66 ./Drivers/STM32H7xx_HAL_Driver/Src/stm32h7xx_hal_cortex.o
 *fill*         0x08002706        0x2 
 .text.SysTick_Config
                0x08002708       0x44 ./Drivers/STM32H7xx_HAL_Driver/Src/stm32h7xx_hal_cortex.o
 .text.HAL_NVIC_SetPriorityGrouping
                0x0800274c       0x16 ./Drivers/STM32H7xx_HAL_Driver/Src/stm32h7xx_hal_cortex.o
                0x0800274c                HAL_NVIC_SetPriorityGrouping
 .text.HAL_NVIC_SetPriority
                0x08002762       0x34 ./Drivers/STM32H7xx_HAL_Driver/Src/stm32h7xx_hal_cortex.o
                0x08002762                HAL_NVIC_SetPriority
 .text.HAL_NVIC_EnableIRQ
                0x08002796       0x1c ./Drivers/STM32H7xx_HAL_Driver/Src/stm32h7xx_hal_cortex.o
                0x08002796                HAL_NVIC_EnableIRQ
 .text.HAL_SYSTICK_Config
                0x080027b2       0x18 ./Drivers/STM32H7xx_HAL_Driver/Src/stm32h7xx_hal_cortex.o
                0x080027b2                HAL_SYSTICK_Config
 *fill*         0x080027ca        0x2 
 .text.HAL_MPU_Disable
                0x080027cc       0x30 ./Drivers/STM32H7xx_HAL_Driver/Src/stm32h7xx_hal_cortex.o
                0x080027cc                HAL_MPU_Disable
 .text.HAL_MPU_Enable
                0x080027fc       0x40 ./Drivers/STM32H7xx_HAL_Driver/Src/stm32h7xx_hal_cortex.o
                0x080027fc                HAL_MPU_Enable
 .text.HAL_MPU_ConfigRegion
                0x0800283c       0x80 ./Drivers/STM32H7xx_HAL_Driver/Src/stm32h7xx_hal_cortex.o
                0x0800283c                HAL_MPU_ConfigRegion
 .text.HAL_DMA_Abort
                0x080028bc      0x63c ./Drivers/STM32H7xx_HAL_Driver/Src/stm32h7xx_hal_dma.o
                0x080028bc                HAL_DMA_Abort
 .text.HAL_DMA_Abort_IT
                0x08002ef8      0x48c ./Drivers/STM32H7xx_HAL_Driver/Src/stm32h7xx_hal_dma.o
                0x08002ef8                HAL_DMA_Abort_IT
 .text.HAL_FDCAN_Init
                0x08003384      0x3bc ./Drivers/STM32H7xx_HAL_Driver/Src/stm32h7xx_hal_fdcan.o
                0x08003384                HAL_FDCAN_Init
 .text.FDCAN_CalcultateRamBlockAddresses
                0x08003740      0x30c ./Drivers/STM32H7xx_HAL_Driver/Src/stm32h7xx_hal_fdcan.o
 .text.HAL_GPIO_Init
                0x08003a4c      0x360 ./Drivers/STM32H7xx_HAL_Driver/Src/stm32h7xx_hal_gpio.o
                0x08003a4c                HAL_GPIO_Init
 .text.HAL_GPIO_ReadPin
                0x08003dac       0x30 ./Drivers/STM32H7xx_HAL_Driver/Src/stm32h7xx_hal_gpio.o
                0x08003dac                HAL_GPIO_ReadPin
 .text.HAL_GPIO_WritePin
                0x08003ddc       0x32 ./Drivers/STM32H7xx_HAL_Driver/Src/stm32h7xx_hal_gpio.o
                0x08003ddc                HAL_GPIO_WritePin
 .text.HAL_GPIO_TogglePin
                0x08003e0e       0x34 ./Drivers/STM32H7xx_HAL_Driver/Src/stm32h7xx_hal_gpio.o
                0x08003e0e                HAL_GPIO_TogglePin
 *fill*         0x08003e42        0x2 
 .text.HAL_PWREx_ConfigSupply
                0x08003e44       0x74 ./Drivers/STM32H7xx_HAL_Driver/Src/stm32h7xx_hal_pwr_ex.o
                0x08003e44                HAL_PWREx_ConfigSupply
 .text.HAL_RCC_OscConfig
                0x08003eb8      0x8b4 ./Drivers/STM32H7xx_HAL_Driver/Src/stm32h7xx_hal_rcc.o
                0x08003eb8                HAL_RCC_OscConfig
 .text.HAL_RCC_ClockConfig
                0x0800476c      0x36c ./Drivers/STM32H7xx_HAL_Driver/Src/stm32h7xx_hal_rcc.o
                0x0800476c                HAL_RCC_ClockConfig
 .text.HAL_RCC_GetSysClockFreq
                0x08004ad8      0x2f4 ./Drivers/STM32H7xx_HAL_Driver/Src/stm32h7xx_hal_rcc.o
                0x08004ad8                HAL_RCC_GetSysClockFreq
 .text.HAL_RCC_GetHCLKFreq
                0x08004dcc       0x60 ./Drivers/STM32H7xx_HAL_Driver/Src/stm32h7xx_hal_rcc.o
                0x08004dcc                HAL_RCC_GetHCLKFreq
 .text.HAL_RCC_GetPCLK1Freq
                0x08004e2c       0x2c ./Drivers/STM32H7xx_HAL_Driver/Src/stm32h7xx_hal_rcc.o
                0x08004e2c                HAL_RCC_GetPCLK1Freq
 .text.HAL_RCC_GetPCLK2Freq
                0x08004e58       0x2c ./Drivers/STM32H7xx_HAL_Driver/Src/stm32h7xx_hal_rcc.o
                0x08004e58                HAL_RCC_GetPCLK2Freq
 .text.HAL_RCCEx_PeriphCLKConfig
                0x08004e84     0x1414 ./Drivers/STM32H7xx_HAL_Driver/Src/stm32h7xx_hal_rcc_ex.o
                0x08004e84                HAL_RCCEx_PeriphCLKConfig
 .text.HAL_RCCEx_GetD3PCLK1Freq
                0x08006298       0x2c ./Drivers/STM32H7xx_HAL_Driver/Src/stm32h7xx_hal_rcc_ex.o
                0x08006298                HAL_RCCEx_GetD3PCLK1Freq
 .text.HAL_RCCEx_GetPLL2ClockFreq
                0x080062c4      0x2a8 ./Drivers/STM32H7xx_HAL_Driver/Src/stm32h7xx_hal_rcc_ex.o
                0x080062c4                HAL_RCCEx_GetPLL2ClockFreq
 .text.HAL_RCCEx_GetPLL3ClockFreq
                0x0800656c      0x2a8 ./Drivers/STM32H7xx_HAL_Driver/Src/stm32h7xx_hal_rcc_ex.o
                0x0800656c                HAL_RCCEx_GetPLL3ClockFreq
 .text.RCCEx_PLL2_Config
                0x08006814      0x164 ./Drivers/STM32H7xx_HAL_Driver/Src/stm32h7xx_hal_rcc_ex.o
 .text.RCCEx_PLL3_Config
                0x08006978      0x164 ./Drivers/STM32H7xx_HAL_Driver/Src/stm32h7xx_hal_rcc_ex.o
 .text.HAL_UART_Init
                0x08006adc       0xa0 ./Drivers/STM32H7xx_HAL_Driver/Src/stm32h7xx_hal_uart.o
                0x08006adc                HAL_UART_Init
 .text.HAL_UART_Transmit
                0x08006b7c      0x11c ./Drivers/STM32H7xx_HAL_Driver/Src/stm32h7xx_hal_uart.o
                0x08006b7c                HAL_UART_Transmit
 .text.HAL_UART_Receive_IT
                0x08006c98       0x98 ./Drivers/STM32H7xx_HAL_Driver/Src/stm32h7xx_hal_uart.o
                0x08006c98                HAL_UART_Receive_IT
 .text.HAL_UART_IRQHandler
                0x08006d30      0x7ac ./Drivers/STM32H7xx_HAL_Driver/Src/stm32h7xx_hal_uart.o
                0x08006d30                HAL_UART_IRQHandler
 .text.HAL_UART_TxCpltCallback
                0x080074dc       0x14 ./Drivers/STM32H7xx_HAL_Driver/Src/stm32h7xx_hal_uart.o
                0x080074dc                HAL_UART_TxCpltCallback
 .text.HAL_UART_ErrorCallback
                0x080074f0       0x14 ./Drivers/STM32H7xx_HAL_Driver/Src/stm32h7xx_hal_uart.o
                0x080074f0                HAL_UART_ErrorCallback
 .text.HAL_UARTEx_RxEventCallback
                0x08007504       0x18 ./Drivers/STM32H7xx_HAL_Driver/Src/stm32h7xx_hal_uart.o
                0x08007504                HAL_UARTEx_RxEventCallback
 .text.UART_SetConfig
                0x0800751c      0xad0 ./Drivers/STM32H7xx_HAL_Driver/Src/stm32h7xx_hal_uart.o
                0x0800751c                UART_SetConfig
 .text.UART_AdvFeatureConfig
                0x08007fec      0x144 ./Drivers/STM32H7xx_HAL_Driver/Src/stm32h7xx_hal_uart.o
                0x08007fec                UART_AdvFeatureConfig
 .text.UART_CheckIdleState
                0x08008130      0x154 ./Drivers/STM32H7xx_HAL_Driver/Src/stm32h7xx_hal_uart.o
                0x08008130                UART_CheckIdleState
 .text.UART_WaitOnFlagUntilTimeout
                0x08008284       0xda ./Drivers/STM32H7xx_HAL_Driver/Src/stm32h7xx_hal_uart.o
                0x08008284                UART_WaitOnFlagUntilTimeout
 *fill*         0x0800835e        0x2 
 .text.UART_Start_Receive_IT
                0x08008360      0x244 ./Drivers/STM32H7xx_HAL_Driver/Src/stm32h7xx_hal_uart.o
                0x08008360                UART_Start_Receive_IT
 .text.UART_EndRxTransfer
                0x080085a4       0xcc ./Drivers/STM32H7xx_HAL_Driver/Src/stm32h7xx_hal_uart.o
 .text.UART_DMAAbortOnError
                0x08008670       0x24 ./Drivers/STM32H7xx_HAL_Driver/Src/stm32h7xx_hal_uart.o
 .text.UART_EndTransmit_IT
                0x08008694       0x56 ./Drivers/STM32H7xx_HAL_Driver/Src/stm32h7xx_hal_uart.o
 *fill*         0x080086ea        0x2 
 .text.UART_RxISR_8BIT
                0x080086ec      0x1b8 ./Drivers/STM32H7xx_HAL_Driver/Src/stm32h7xx_hal_uart.o
 .text.UART_RxISR_16BIT
                0x080088a4      0x1b8 ./Drivers/STM32H7xx_HAL_Driver/Src/stm32h7xx_hal_uart.o
 .text.UART_RxISR_8BIT_FIFOEN
                0x08008a5c      0x364 ./Drivers/STM32H7xx_HAL_Driver/Src/stm32h7xx_hal_uart.o
 .text.UART_RxISR_16BIT_FIFOEN
                0x08008dc0      0x36c ./Drivers/STM32H7xx_HAL_Driver/Src/stm32h7xx_hal_uart.o
 .text.HAL_UARTEx_WakeupCallback
                0x0800912c       0x14 ./Drivers/STM32H7xx_HAL_Driver/Src/stm32h7xx_hal_uart_ex.o
                0x0800912c                HAL_UARTEx_WakeupCallback
 .text.HAL_UARTEx_RxFifoFullCallback
                0x08009140       0x14 ./Drivers/STM32H7xx_HAL_Driver/Src/stm32h7xx_hal_uart_ex.o
                0x08009140                HAL_UARTEx_RxFifoFullCallback
 .text.HAL_UARTEx_TxFifoEmptyCallback
                0x08009154       0x14 ./Drivers/STM32H7xx_HAL_Driver/Src/stm32h7xx_hal_uart_ex.o
                0x08009154                HAL_UARTEx_TxFifoEmptyCallback
 .text.HAL_UARTEx_DisableFifoMode
                0x08009168       0x72 ./Drivers/STM32H7xx_HAL_Driver/Src/stm32h7xx_hal_uart_ex.o
                0x08009168                HAL_UARTEx_DisableFifoMode
 .text.HAL_UARTEx_SetTxFifoThreshold
                0x080091da       0x7c ./Drivers/STM32H7xx_HAL_Driver/Src/stm32h7xx_hal_uart_ex.o
                0x080091da                HAL_UARTEx_SetTxFifoThreshold
 .text.HAL_UARTEx_SetRxFifoThreshold
                0x08009256       0x7c ./Drivers/STM32H7xx_HAL_Driver/Src/stm32h7xx_hal_uart_ex.o
                0x08009256                HAL_UARTEx_SetRxFifoThreshold
 *fill*         0x080092d2        0x2 
 .text.UARTEx_SetNbDataToProcess
                0x080092d4       0x9c ./Drivers/STM32H7xx_HAL_Driver/Src/stm32h7xx_hal_uart_ex.o
 .text.snprintf
                0x08009370       0x6c C:/ST/STM32CubeIDE_1.19.0/STM32CubeIDE/plugins/com.st.stm32cube.ide.mcu.externaltools.gnu-tools-for-stm32.13.3.rel1.win32_1.0.0.202411081344/tools/bin/../lib/gcc/arm-none-eabi/13.3.1/../../../../arm-none-eabi/lib/thumb/v7e-m+dp/hard\libc_nano.a(libc_a-snprintf.o)
                0x08009370                sniprintf
                0x08009370                snprintf
 .text._vsnprintf_r
                0x080093dc       0x5c C:/ST/STM32CubeIDE_1.19.0/STM32CubeIDE/plugins/com.st.stm32cube.ide.mcu.externaltools.gnu-tools-for-stm32.13.3.rel1.win32_1.0.0.202411081344/tools/bin/../lib/gcc/arm-none-eabi/13.3.1/../../../../arm-none-eabi/lib/thumb/v7e-m+dp/hard\libc_nano.a(libc_a-vsnprintf.o)
                0x080093dc                _vsniprintf_r
                0x080093dc                _vsnprintf_r
 .text.vsnprintf
                0x08009438       0x1c C:/ST/STM32CubeIDE_1.19.0/STM32CubeIDE/plugins/com.st.stm32cube.ide.mcu.externaltools.gnu-tools-for-stm32.13.3.rel1.win32_1.0.0.202411081344/tools/bin/../lib/gcc/arm-none-eabi/13.3.1/../../../../arm-none-eabi/lib/thumb/v7e-m+dp/hard\libc_nano.a(libc_a-vsnprintf.o)
                0x08009438                vsniprintf
                0x08009438                vsnprintf
 .text.memset   0x08009454       0x10 C:/ST/STM32CubeIDE_1.19.0/STM32CubeIDE/plugins/com.st.stm32cube.ide.mcu.externaltools.gnu-tools-for-stm32.13.3.rel1.win32_1.0.0.202411081344/tools/bin/../lib/gcc/arm-none-eabi/13.3.1/../../../../arm-none-eabi/lib/thumb/v7e-m+dp/hard\libc_nano.a(libc_a-memset.o)
                0x08009454                memset
 .text.__errno  0x08009464        0xc C:/ST/STM32CubeIDE_1.19.0/STM32CubeIDE/plugins/com.st.stm32cube.ide.mcu.externaltools.gnu-tools-for-stm32.13.3.rel1.win32_1.0.0.202411081344/tools/bin/../lib/gcc/arm-none-eabi/13.3.1/../../../../arm-none-eabi/lib/thumb/v7e-m+dp/hard\libc_nano.a(libc_a-errno.o)
                0x08009464                __errno
 .text.__libc_init_array
                0x08009470       0x48 C:/ST/STM32CubeIDE_1.19.0/STM32CubeIDE/plugins/com.st.stm32cube.ide.mcu.externaltools.gnu-tools-for-stm32.13.3.rel1.win32_1.0.0.202411081344/tools/bin/../lib/gcc/arm-none-eabi/13.3.1/../../../../arm-none-eabi/lib/thumb/v7e-m+dp/hard\libc_nano.a(libc_a-init.o)
                0x08009470                __libc_init_array
 .text.__retarget_lock_acquire_recursive
                0x080094b8        0x2 C:/ST/STM32CubeIDE_1.19.0/STM32CubeIDE/plugins/com.st.stm32cube.ide.mcu.externaltools.gnu-tools-for-stm32.13.3.rel1.win32_1.0.0.202411081344/tools/bin/../lib/gcc/arm-none-eabi/13.3.1/../../../../arm-none-eabi/lib/thumb/v7e-m+dp/hard\libc_nano.a(libc_a-lock.o)
                0x080094b8                __retarget_lock_acquire_recursive
 .text.__retarget_lock_release_recursive
                0x080094ba        0x2 C:/ST/STM32CubeIDE_1.19.0/STM32CubeIDE/plugins/com.st.stm32cube.ide.mcu.externaltools.gnu-tools-for-stm32.13.3.rel1.win32_1.0.0.202411081344/tools/bin/../lib/gcc/arm-none-eabi/13.3.1/../../../../arm-none-eabi/lib/thumb/v7e-m+dp/hard\libc_nano.a(libc_a-lock.o)
                0x080094ba                __retarget_lock_release_recursive
 .text.memcpy   0x080094bc       0x1c C:/ST/STM32CubeIDE_1.19.0/STM32CubeIDE/plugins/com.st.stm32cube.ide.mcu.externaltools.gnu-tools-for-stm32.13.3.rel1.win32_1.0.0.202411081344/tools/bin/../lib/gcc/arm-none-eabi/13.3.1/../../../../arm-none-eabi/lib/thumb/v7e-m+dp/hard\libc_nano.a(libc_a-memcpy-stub.o)
                0x080094bc                memcpy
 .text._free_r  0x080094d8       0x94 C:/ST/STM32CubeIDE_1.19.0/STM32CubeIDE/plugins/com.st.stm32cube.ide.mcu.externaltools.gnu-tools-for-stm32.13.3.rel1.win32_1.0.0.202411081344/tools/bin/../lib/gcc/arm-none-eabi/13.3.1/../../../../arm-none-eabi/lib/thumb/v7e-m+dp/hard\libc_nano.a(libc_a-freer.o)
                0x080094d8                _free_r
 .text.sbrk_aligned
                0x0800956c       0x44 C:/ST/STM32CubeIDE_1.19.0/STM32CubeIDE/plugins/com.st.stm32cube.ide.mcu.externaltools.gnu-tools-for-stm32.13.3.rel1.win32_1.0.0.202411081344/tools/bin/../lib/gcc/arm-none-eabi/13.3.1/../../../../arm-none-eabi/lib/thumb/v7e-m+dp/hard\libc_nano.a(libc_a-mallocr.o)
 .text._malloc_r
                0x080095b0      0x100 C:/ST/STM32CubeIDE_1.19.0/STM32CubeIDE/plugins/com.st.stm32cube.ide.mcu.externaltools.gnu-tools-for-stm32.13.3.rel1.win32_1.0.0.202411081344/tools/bin/../lib/gcc/arm-none-eabi/13.3.1/../../../../arm-none-eabi/lib/thumb/v7e-m+dp/hard\libc_nano.a(libc_a-mallocr.o)
                0x080095b0                _malloc_r
 .text.__malloc_lock
                0x080096b0        0xc C:/ST/STM32CubeIDE_1.19.0/STM32CubeIDE/plugins/com.st.stm32cube.ide.mcu.externaltools.gnu-tools-for-stm32.13.3.rel1.win32_1.0.0.202411081344/tools/bin/../lib/gcc/arm-none-eabi/13.3.1/../../../../arm-none-eabi/lib/thumb/v7e-m+dp/hard\libc_nano.a(libc_a-mlock.o)
                0x080096b0                __malloc_lock
 .text.__malloc_unlock
                0x080096bc        0xc C:/ST/STM32CubeIDE_1.19.0/STM32CubeIDE/plugins/com.st.stm32cube.ide.mcu.externaltools.gnu-tools-for-stm32.13.3.rel1.win32_1.0.0.202411081344/tools/bin/../lib/gcc/arm-none-eabi/13.3.1/../../../../arm-none-eabi/lib/thumb/v7e-m+dp/hard\libc_nano.a(libc_a-mlock.o)
                0x080096bc                __malloc_unlock
 .text.__ssputs_r
                0x080096c8       0xb6 C:/ST/STM32CubeIDE_1.19.0/STM32CubeIDE/plugins/com.st.stm32cube.ide.mcu.externaltools.gnu-tools-for-stm32.13.3.rel1.win32_1.0.0.202411081344/tools/bin/../lib/gcc/arm-none-eabi/13.3.1/../../../../arm-none-eabi/lib/thumb/v7e-m+dp/hard\libc_nano.a(libc_a-nano-svfprintf.o)
                0x080096c8                __ssputs_r
 *fill*         0x0800977e        0x2 
 .text._svfprintf_r
                0x08009780      0x1f8 C:/ST/STM32CubeIDE_1.19.0/STM32CubeIDE/plugins/com.st.stm32cube.ide.mcu.externaltools.gnu-tools-for-stm32.13.3.rel1.win32_1.0.0.202411081344/tools/bin/../lib/gcc/arm-none-eabi/13.3.1/../../../../arm-none-eabi/lib/thumb/v7e-m+dp/hard\libc_nano.a(libc_a-nano-svfprintf.o)
                0x08009780                _svfiprintf_r
                0x08009780                _svfprintf_r
 .text._printf_common
                0x08009978       0xda C:/ST/STM32CubeIDE_1.19.0/STM32CubeIDE/plugins/com.st.stm32cube.ide.mcu.externaltools.gnu-tools-for-stm32.13.3.rel1.win32_1.0.0.202411081344/tools/bin/../lib/gcc/arm-none-eabi/13.3.1/../../../../arm-none-eabi/lib/thumb/v7e-m+dp/hard\libc_nano.a(libc_a-nano-vfprintf_i.o)
                0x08009978                _printf_common
 *fill*         0x08009a52        0x2 
 .text._printf_i
                0x08009a54      0x23c C:/ST/STM32CubeIDE_1.19.0/STM32CubeIDE/plugins/com.st.stm32cube.ide.mcu.externaltools.gnu-tools-for-stm32.13.3.rel1.win32_1.0.0.202411081344/tools/bin/../lib/gcc/arm-none-eabi/13.3.1/../../../../arm-none-eabi/lib/thumb/v7e-m+dp/hard\libc_nano.a(libc_a-nano-vfprintf_i.o)
                0x08009a54                _printf_i
 .text.memmove  0x08009c90       0x34 C:/ST/STM32CubeIDE_1.19.0/STM32CubeIDE/plugins/com.st.stm32cube.ide.mcu.externaltools.gnu-tools-for-stm32.13.3.rel1.win32_1.0.0.202411081344/tools/bin/../lib/gcc/arm-none-eabi/13.3.1/../../../../arm-none-eabi/lib/thumb/v7e-m+dp/hard\libc_nano.a(libc_a-memmove.o)
                0x08009c90                memmove
 .text._sbrk_r  0x08009cc4       0x20 C:/ST/STM32CubeIDE_1.19.0/STM32CubeIDE/plugins/com.st.stm32cube.ide.mcu.externaltools.gnu-tools-for-stm32.13.3.rel1.win32_1.0.0.202411081344/tools/bin/../lib/gcc/arm-none-eabi/13.3.1/../../../../arm-none-eabi/lib/thumb/v7e-m+dp/hard\libc_nano.a(libc_a-sbrkr.o)
                0x08009cc4                _sbrk_r
 .text._realloc_r
                0x08009ce4       0x5c C:/ST/STM32CubeIDE_1.19.0/STM32CubeIDE/plugins/com.st.stm32cube.ide.mcu.externaltools.gnu-tools-for-stm32.13.3.rel1.win32_1.0.0.202411081344/tools/bin/../lib/gcc/arm-none-eabi/13.3.1/../../../../arm-none-eabi/lib/thumb/v7e-m+dp/hard\libc_nano.a(libc_a-reallocr.o)
                0x08009ce4                _realloc_r
 .text._malloc_usable_size_r
                0x08009d40       0x10 C:/ST/STM32CubeIDE_1.19.0/STM32CubeIDE/plugins/com.st.stm32cube.ide.mcu.externaltools.gnu-tools-for-stm32.13.3.rel1.win32_1.0.0.202411081344/tools/bin/../lib/gcc/arm-none-eabi/13.3.1/../../../../arm-none-eabi/lib/thumb/v7e-m+dp/hard\libc_nano.a(libc_a-msizer.o)
                0x08009d40                _malloc_usable_size_r
 *(.glue_7)
 .glue_7        0x08009d50        0x0 linker stubs
 *(.glue_7t)
 .glue_7t       0x08009d50        0x0 linker stubs
 *(.eh_frame)
 .eh_frame      0x08009d50        0x0 C:/ST/STM32CubeIDE_1.19.0/STM32CubeIDE/plugins/com.st.stm32cube.ide.mcu.externaltools.gnu-tools-for-stm32.13.3.rel1.win32_1.0.0.202411081344/tools/bin/../lib/gcc/arm-none-eabi/13.3.1/thumb/v7e-m+dp/hard/crtbegin.o
 *(.init)
 .init          0x08009d50        0x4 C:/ST/STM32CubeIDE_1.19.0/STM32CubeIDE/plugins/com.st.stm32cube.ide.mcu.externaltools.gnu-tools-for-stm32.13.3.rel1.win32_1.0.0.202411081344/tools/bin/../lib/gcc/arm-none-eabi/13.3.1/thumb/v7e-m+dp/hard/crti.o
                0x08009d50                _init
 .init          0x08009d54        0x8 C:/ST/STM32CubeIDE_1.19.0/STM32CubeIDE/plugins/com.st.stm32cube.ide.mcu.externaltools.gnu-tools-for-stm32.13.3.rel1.win32_1.0.0.202411081344/tools/bin/../lib/gcc/arm-none-eabi/13.3.1/thumb/v7e-m+dp/hard/crtn.o
 *(.fini)
 .fini          0x08009d5c        0x4 C:/ST/STM32CubeIDE_1.19.0/STM32CubeIDE/plugins/com.st.stm32cube.ide.mcu.externaltools.gnu-tools-for-stm32.13.3.rel1.win32_1.0.0.202411081344/tools/bin/../lib/gcc/arm-none-eabi/13.3.1/thumb/v7e-m+dp/hard/crti.o
                0x08009d5c                _fini
 .fini          0x08009d60        0x8 C:/ST/STM32CubeIDE_1.19.0/STM32CubeIDE/plugins/com.st.stm32cube.ide.mcu.externaltools.gnu-tools-for-stm32.13.3.rel1.win32_1.0.0.202411081344/tools/bin/../lib/gcc/arm-none-eabi/13.3.1/thumb/v7e-m+dp/hard/crtn.o
                0x08009d68                        . = ALIGN (0x4)
                0x08009d68                        _etext = .

.vfp11_veneer   0x08009d68        0x0
 .vfp11_veneer  0x08009d68        0x0 linker stubs

.v4_bx          0x08009d68        0x0
 .v4_bx         0x08009d68        0x0 linker stubs

.iplt           0x08009d68        0x0
 .iplt          0x08009d68        0x0 C:/ST/STM32CubeIDE_1.19.0/STM32CubeIDE/plugins/com.st.stm32cube.ide.mcu.externaltools.gnu-tools-for-stm32.13.3.rel1.win32_1.0.0.202411081344/tools/bin/../lib/gcc/arm-none-eabi/13.3.1/thumb/v7e-m+dp/hard/crtbegin.o

.rodata         0x08009d68      0x834
                0x08009d68                        . = ALIGN (0x4)
 *(.rodata)
 .rodata        0x08009d68       0x6b ./Core/Src/debug_uart.o
 *fill*         0x08009dd3        0x1 
 .rodata        0x08009dd4       0x40 ./Core/Src/digital_output_handler.o
 .rodata        0x08009e14       0xed ./Core/Src/main.o
 *fill*         0x08009f01        0x3 
 .rodata        0x08009f04      0x3cb ./Core/Src/rs485_protocol.o
 *fill*         0x0800a2cf        0x1 
 .rodata        0x0800a2d0       0x51 ./Core/Src/version.o
 *fill*         0x0800a321        0x3 
 .rodata        0x0800a324       0x4c ./Drivers/STM32H7xx_HAL_Driver/Src/stm32h7xx_hal_fdcan.o
 *(.rodata*)
 .rodata.outputPinMap
                0x0800a370      0x1c0 ./Core/Src/digital_output_handler.o
 .rodata.D1CorePrescTable
                0x0800a530       0x10 ./Core/Src/system_stm32h7xx.o
                0x0800a530                D1CorePrescTable
 .rodata.UARTPrescTable
                0x0800a540       0x18 ./Drivers/STM32H7xx_HAL_Driver/Src/stm32h7xx_hal_uart.o
                0x0800a540                UARTPrescTable
 .rodata.numerator.1
                0x0800a558        0x8 ./Drivers/STM32H7xx_HAL_Driver/Src/stm32h7xx_hal_uart_ex.o
 .rodata.denominator.0
                0x0800a560        0x8 ./Drivers/STM32H7xx_HAL_Driver/Src/stm32h7xx_hal_uart_ex.o
 .rodata._svfprintf_r.str1.1
                0x0800a568       0x33 C:/ST/STM32CubeIDE_1.19.0/STM32CubeIDE/plugins/com.st.stm32cube.ide.mcu.externaltools.gnu-tools-for-stm32.13.3.rel1.win32_1.0.0.202411081344/tools/bin/../lib/gcc/arm-none-eabi/13.3.1/../../../../arm-none-eabi/lib/thumb/v7e-m+dp/hard\libc_nano.a(libc_a-nano-svfprintf.o)
                                 0x11 (size before relaxing)
 .rodata._printf_i.str1.1
                0x0800a59b       0x22 C:/ST/STM32CubeIDE_1.19.0/STM32CubeIDE/plugins/com.st.stm32cube.ide.mcu.externaltools.gnu-tools-for-stm32.13.3.rel1.win32_1.0.0.202411081344/tools/bin/../lib/gcc/arm-none-eabi/13.3.1/../../../../arm-none-eabi/lib/thumb/v7e-m+dp/hard\libc_nano.a(libc_a-nano-vfprintf_i.o)
                0x0800a5c0                        . = ALIGN (0x4)
 *fill*         0x0800a59b        0x1 

.ARM.extab
 *(.ARM.extab* .gnu.linkonce.armextab.*)

.ARM            0x0800a59c        0x8
                0x0800a59c                        __exidx_start = .
 *(.ARM.exidx*)
 .ARM.exidx     0x0800a59c        0x8 C:/ST/STM32CubeIDE_1.19.0/STM32CubeIDE/plugins/com.st.stm32cube.ide.mcu.externaltools.gnu-tools-for-stm32.13.3.rel1.win32_1.0.0.202411081344/tools/bin/../lib/gcc/arm-none-eabi/13.3.1/../../../../arm-none-eabi/lib/thumb/v7e-m+dp/hard\libc_nano.a(libc_a-memchr.o)
 .ARM.exidx     0x0800a5a4        0x0 C:/ST/STM32CubeIDE_1.19.0/STM32CubeIDE/plugins/com.st.stm32cube.ide.mcu.externaltools.gnu-tools-for-stm32.13.3.rel1.win32_1.0.0.202411081344/tools/bin/../lib/gcc/arm-none-eabi/13.3.1/thumb/v7e-m+dp/hard\libgcc.a(_udivmoddi4.o)
                                  0x8 (size before relaxing)
                0x0800a5a4                        __exidx_end = .

.preinit_array  0x0800a5a4        0x0
                0x0800a5a4                        PROVIDE (__preinit_array_start = .)
 *(.preinit_array*)
                0x0800a5a4                        PROVIDE (__preinit_array_end = .)

.init_array     0x0800a5a4        0x4
                0x0800a5a4                        PROVIDE (__init_array_start = .)
 *(SORT_BY_NAME(.init_array.*))
 *(.init_array*)
 .init_array    0x0800a5a4        0x4 C:/ST/STM32CubeIDE_1.19.0/STM32CubeIDE/plugins/com.st.stm32cube.ide.mcu.externaltools.gnu-tools-for-stm32.13.3.rel1.win32_1.0.0.202411081344/tools/bin/../lib/gcc/arm-none-eabi/13.3.1/thumb/v7e-m+dp/hard/crtbegin.o
                0x0800a5a8                        PROVIDE (__init_array_end = .)

.fini_array     0x0800a5a8        0x4
                [!provide]                        PROVIDE (__fini_array_start = .)
 *(SORT_BY_NAME(.fini_array.*))
 *(.fini_array*)
 .fini_array    0x0800a5a8        0x4 C:/ST/STM32CubeIDE_1.19.0/STM32CubeIDE/plugins/com.st.stm32cube.ide.mcu.externaltools.gnu-tools-for-stm32.13.3.rel1.win32_1.0.0.202411081344/tools/bin/../lib/gcc/arm-none-eabi/13.3.1/thumb/v7e-m+dp/hard/crtbegin.o
                [!provide]                        PROVIDE (__fini_array_end = .)
                0x0800a5ac                        _sidata = LOADADDR (.data)

.rel.dyn        0x0800a5ac        0x0
 .rel.iplt      0x0800a5ac        0x0 C:/ST/STM32CubeIDE_1.19.0/STM32CubeIDE/plugins/com.st.stm32cube.ide.mcu.externaltools.gnu-tools-for-stm32.13.3.rel1.win32_1.0.0.202411081344/tools/bin/../lib/gcc/arm-none-eabi/13.3.1/thumb/v7e-m+dp/hard/crtbegin.o

.data           0x24000000       0x7c load address 0x0800a5ac
                0x24000000                        . = ALIGN (0x4)
                0x24000000                        _sdata = .
 *(.data)
 *(.data*)
 .data.currentDebugLevel
                0x24000000        0x1 ./Core/Src/debug_uart.o
 *fill*         0x24000001        0x3 
 .data.levelNames
                0x24000004       0x14 ./Core/Src/debug_uart.o
 .data.myAddress
                0x24000018        0x1 ./Core/Src/rs485_protocol.o
 *fill*         0x24000019        0x3 
 .data.SystemCoreClock
                0x2400001c        0x4 ./Core/Src/system_stm32h7xx.o
                0x2400001c                SystemCoreClock
 .data.SystemD2Clock
                0x24000020        0x4 ./Core/Src/system_stm32h7xx.o
                0x24000020                SystemD2Clock
 .data.uwTickPrio
                0x24000024        0x4 ./Drivers/STM32H7xx_HAL_Driver/Src/stm32h7xx_hal.o
                0x24000024                uwTickPrio
 .data.uwTickFreq
                0x24000028        0x1 ./Drivers/STM32H7xx_HAL_Driver/Src/stm32h7xx_hal.o
                0x24000028                uwTickFreq
 *fill*         0x24000029        0x3 
 .data._impure_ptr
                0x2400002c        0x4 C:/ST/STM32CubeIDE_1.19.0/STM32CubeIDE/plugins/com.st.stm32cube.ide.mcu.externaltools.gnu-tools-for-stm32.13.3.rel1.win32_1.0.0.202411081344/tools/bin/../lib/gcc/arm-none-eabi/13.3.1/../../../../arm-none-eabi/lib/thumb/v7e-m+dp/hard\libc_nano.a(libc_a-impure.o)
                0x2400002c                _impure_ptr
 .data._impure_data
                0x24000030       0x4c C:/ST/STM32CubeIDE_1.19.0/STM32CubeIDE/plugins/com.st.stm32cube.ide.mcu.externaltools.gnu-tools-for-stm32.13.3.rel1.win32_1.0.0.202411081344/tools/bin/../lib/gcc/arm-none-eabi/13.3.1/../../../../arm-none-eabi/lib/thumb/v7e-m+dp/hard\libc_nano.a(libc_a-impure.o)
                0x24000030                _impure_data
 *(.RamFunc)
 *(.RamFunc*)
                0x2400007c                        . = ALIGN (0x4)
                0x2400007c                        _edata = .

.igot.plt       0x2400007c        0x0 load address 0x0800a628
 .igot.plt      0x2400007c        0x0 C:/ST/STM32CubeIDE_1.19.0/STM32CubeIDE/plugins/com.st.stm32cube.ide.mcu.externaltools.gnu-tools-for-stm32.13.3.rel1.win32_1.0.0.202411081344/tools/bin/../lib/gcc/arm-none-eabi/13.3.1/thumb/v7e-m+dp/hard/crtbegin.o
                0x2400007c                        . = ALIGN (0x4)

.bss            0x2400007c      0xd9c load address 0x0800a628
                0x2400007c                        _sbss = .
                0x2400007c                        __bss_start__ = _sbss
 *(.bss)
 .bss           0x2400007c       0x1c C:/ST/STM32CubeIDE_1.19.0/STM32CubeIDE/plugins/com.st.stm32cube.ide.mcu.externaltools.gnu-tools-for-stm32.13.3.rel1.win32_1.0.0.202411081344/tools/bin/../lib/gcc/arm-none-eabi/13.3.1/thumb/v7e-m+dp/hard/crtbegin.o
 *(.bss*)
 .bss.debugBuffer
                0x24000098      0x100 ./Core/Src/debug_uart.o
 .bss.systemTicks
                0x24000198        0x4 ./Core/Src/debug_uart.o
 .bss.digitalOutputs
                0x2400019c      0x1c0 ./Core/Src/digital_output_handler.o
 .bss.outputStates
                0x2400035c       0x38 ./Core/Src/digital_output_handler.o
 .bss.hfdcan1   0x24000394       0xa0 ./Core/Src/main.o
                0x24000394                hfdcan1
 .bss.huart1    0x24000434       0x94 ./Core/Src/main.o
                0x24000434                huart1
 .bss.huart2    0x240004c8       0x94 ./Core/Src/main.o
                0x240004c8                huart2
 .bss.heartbeatTimer
                0x2400055c        0x4 ./Core/Src/main.o
 .bss.statusLedTimer
                0x24000560        0x4 ./Core/Src/main.o
 .bss.versionString
                0x24000564       0x40 ./Core/Src/main.o
 .bss.rxBuffer  0x240005a4      0x200 ./Core/Src/rs485_protocol.o
 .bss.rxIndex   0x240007a4        0x2 ./Core/Src/rs485_protocol.o
 *fill*         0x240007a6        0x2 
 .bss.status    0x240007a8       0x14 ./Core/Src/rs485_protocol.o
 .bss.txInProgress
                0x240007bc        0x1 ./Core/Src/rs485_protocol.o
 *fill*         0x240007bd        0x3 
 .bss.commandHandlers
                0x240007c0      0x400 ./Core/Src/rs485_protocol.o
 .bss.lastByteTime.3
                0x24000bc0        0x4 ./Core/Src/rs485_protocol.o
 .bss.packetIndex.2
                0x24000bc4        0x2 ./Core/Src/rs485_protocol.o
 .bss.expectedLength.1
                0x24000bc6        0x1 ./Core/Src/rs485_protocol.o
 *fill*         0x24000bc7        0x1 
 .bss.packetBuffer.0
                0x24000bc8      0x100 ./Core/Src/rs485_protocol.o
 .bss.__sbrk_heap_end
                0x24000cc8        0x4 ./Core/Src/sysmem.o
 .bss.uwTick    0x24000ccc        0x4 ./Drivers/STM32H7xx_HAL_Driver/Src/stm32h7xx_hal.o
                0x24000ccc                uwTick
 .bss.__sf      0x24000cd0      0x138 C:/ST/STM32CubeIDE_1.19.0/STM32CubeIDE/plugins/com.st.stm32cube.ide.mcu.externaltools.gnu-tools-for-stm32.13.3.rel1.win32_1.0.0.202411081344/tools/bin/../lib/gcc/arm-none-eabi/13.3.1/../../../../arm-none-eabi/lib/thumb/v7e-m+dp/hard\libc_nano.a(libc_a-findfp.o)
                0x24000cd0                __sf
 .bss.errno     0x24000e08        0x4 C:/ST/STM32CubeIDE_1.19.0/STM32CubeIDE/plugins/com.st.stm32cube.ide.mcu.externaltools.gnu-tools-for-stm32.13.3.rel1.win32_1.0.0.202411081344/tools/bin/../lib/gcc/arm-none-eabi/13.3.1/../../../../arm-none-eabi/lib/thumb/v7e-m+dp/hard\libc_nano.a(libc_a-reent.o)
                0x24000e08                errno
 .bss.__lock___malloc_recursive_mutex
                0x24000e0c        0x1 C:/ST/STM32CubeIDE_1.19.0/STM32CubeIDE/plugins/com.st.stm32cube.ide.mcu.externaltools.gnu-tools-for-stm32.13.3.rel1.win32_1.0.0.202411081344/tools/bin/../lib/gcc/arm-none-eabi/13.3.1/../../../../arm-none-eabi/lib/thumb/v7e-m+dp/hard\libc_nano.a(libc_a-lock.o)
                0x24000e0c                __lock___malloc_recursive_mutex
 *fill*         0x24000e0d        0x3 
 .bss.__malloc_sbrk_start
                0x24000e10        0x4 C:/ST/STM32CubeIDE_1.19.0/STM32CubeIDE/plugins/com.st.stm32cube.ide.mcu.externaltools.gnu-tools-for-stm32.13.3.rel1.win32_1.0.0.202411081344/tools/bin/../lib/gcc/arm-none-eabi/13.3.1/../../../../arm-none-eabi/lib/thumb/v7e-m+dp/hard\libc_nano.a(libc_a-mallocr.o)
                0x24000e10                __malloc_sbrk_start
 .bss.__malloc_free_list
                0x24000e14        0x4 C:/ST/STM32CubeIDE_1.19.0/STM32CubeIDE/plugins/com.st.stm32cube.ide.mcu.externaltools.gnu-tools-for-stm32.13.3.rel1.win32_1.0.0.202411081344/tools/bin/../lib/gcc/arm-none-eabi/13.3.1/../../../../arm-none-eabi/lib/thumb/v7e-m+dp/hard\libc_nano.a(libc_a-mallocr.o)
                0x24000e14                __malloc_free_list
 *(COMMON)
                0x24000e18                        . = ALIGN (0x4)
                0x24000e18                        _ebss = .
                0x24000e18                        __bss_end__ = _ebss

._user_heap_stack
                0x24000e18      0x600 load address 0x0800a628
                0x24000e18                        . = ALIGN (0x8)
                [!provide]                        PROVIDE (end = .)
                0x24000e18                        PROVIDE (_end = .)
                0x24001018                        . = (. + _Min_Heap_Size)
 *fill*         0x24000e18      0x200 
                0x24001418                        . = (. + _Min_Stack_Size)
 *fill*         0x24001018      0x400 
                0x24001418                        . = ALIGN (0x8)

/DISCARD/
 libc.a(*)
 libm.a(*)
 libgcc.a(*)

.ARM.attributes
                0x00000000       0x2e
 *(.ARM.attributes)
 .ARM.attributes
                0x00000000       0x20 C:/ST/STM32CubeIDE_1.19.0/STM32CubeIDE/plugins/com.st.stm32cube.ide.mcu.externaltools.gnu-tools-for-stm32.13.3.rel1.win32_1.0.0.202411081344/tools/bin/../lib/gcc/arm-none-eabi/13.3.1/thumb/v7e-m+dp/hard/crti.o
 .ARM.attributes
                0x00000020       0x32 C:/ST/STM32CubeIDE_1.19.0/STM32CubeIDE/plugins/com.st.stm32cube.ide.mcu.externaltools.gnu-tools-for-stm32.13.3.rel1.win32_1.0.0.202411081344/tools/bin/../lib/gcc/arm-none-eabi/13.3.1/thumb/v7e-m+dp/hard/crtbegin.o
 .ARM.attributes
                0x00000052       0x32 ./Core/Src/debug_uart.o
 .ARM.attributes
                0x00000084       0x32 ./Core/Src/digital_output_handler.o
 .ARM.attributes
                0x000000b6       0x32 ./Core/Src/main.o
 .ARM.attributes
                0x000000e8       0x32 ./Core/Src/rs485_protocol.o
 .ARM.attributes
                0x0000011a       0x32 ./Core/Src/stm32h7xx_hal_msp.o
 .ARM.attributes
                0x0000014c       0x32 ./Core/Src/stm32h7xx_it.o
 .ARM.attributes
                0x0000017e       0x32 ./Core/Src/sysmem.o
 .ARM.attributes
                0x000001b0       0x32 ./Core/Src/system_stm32h7xx.o
 .ARM.attributes
                0x000001e2       0x32 ./Core/Src/version.o
 .ARM.attributes
                0x00000214       0x21 ./Core/Startup/startup_stm32h753zitx.o
 .ARM.attributes
                0x00000235       0x32 ./Drivers/STM32H7xx_HAL_Driver/Src/stm32h7xx_hal.o
 .ARM.attributes
                0x00000267       0x32 ./Drivers/STM32H7xx_HAL_Driver/Src/stm32h7xx_hal_cortex.o
 .ARM.attributes
                0x00000299       0x32 ./Drivers/STM32H7xx_HAL_Driver/Src/stm32h7xx_hal_dma.o
 .ARM.attributes
                0x000002cb       0x32 ./Drivers/STM32H7xx_HAL_Driver/Src/stm32h7xx_hal_fdcan.o
 .ARM.attributes
                0x000002fd       0x32 ./Drivers/STM32H7xx_HAL_Driver/Src/stm32h7xx_hal_gpio.o
 .ARM.attributes
                0x0000032f       0x32 ./Drivers/STM32H7xx_HAL_Driver/Src/stm32h7xx_hal_pwr_ex.o
 .ARM.attributes
                0x00000361       0x32 ./Drivers/STM32H7xx_HAL_Driver/Src/stm32h7xx_hal_rcc.o
 .ARM.attributes
                0x00000393       0x32 ./Drivers/STM32H7xx_HAL_Driver/Src/stm32h7xx_hal_rcc_ex.o
 .ARM.attributes
                0x000003c5       0x32 ./Drivers/STM32H7xx_HAL_Driver/Src/stm32h7xx_hal_uart.o
 .ARM.attributes
                0x000003f7       0x32 ./Drivers/STM32H7xx_HAL_Driver/Src/stm32h7xx_hal_uart_ex.o
 .ARM.attributes
                0x00000429       0x32 C:/ST/STM32CubeIDE_1.19.0/STM32CubeIDE/plugins/com.st.stm32cube.ide.mcu.externaltools.gnu-tools-for-stm32.13.3.rel1.win32_1.0.0.202411081344/tools/bin/../lib/gcc/arm-none-eabi/13.3.1/../../../../arm-none-eabi/lib/thumb/v7e-m+dp/hard\libc_nano.a(libc_a-findfp.o)
 .ARM.attributes
                0x0000045b       0x32 C:/ST/STM32CubeIDE_1.19.0/STM32CubeIDE/plugins/com.st.stm32cube.ide.mcu.externaltools.gnu-tools-for-stm32.13.3.rel1.win32_1.0.0.202411081344/tools/bin/../lib/gcc/arm-none-eabi/13.3.1/../../../../arm-none-eabi/lib/thumb/v7e-m+dp/hard\libc_nano.a(libc_a-snprintf.o)
 .ARM.attributes
                0x0000048d       0x32 C:/ST/STM32CubeIDE_1.19.0/STM32CubeIDE/plugins/com.st.stm32cube.ide.mcu.externaltools.gnu-tools-for-stm32.13.3.rel1.win32_1.0.0.202411081344/tools/bin/../lib/gcc/arm-none-eabi/13.3.1/../../../../arm-none-eabi/lib/thumb/v7e-m+dp/hard\libc_nano.a(libc_a-vsnprintf.o)
 .ARM.attributes
                0x000004bf       0x32 C:/ST/STM32CubeIDE_1.19.0/STM32CubeIDE/plugins/com.st.stm32cube.ide.mcu.externaltools.gnu-tools-for-stm32.13.3.rel1.win32_1.0.0.202411081344/tools/bin/../lib/gcc/arm-none-eabi/13.3.1/../../../../arm-none-eabi/lib/thumb/v7e-m+dp/hard\libc_nano.a(libc_a-memset.o)
 .ARM.attributes
                0x000004f1       0x32 C:/ST/STM32CubeIDE_1.19.0/STM32CubeIDE/plugins/com.st.stm32cube.ide.mcu.externaltools.gnu-tools-for-stm32.13.3.rel1.win32_1.0.0.202411081344/tools/bin/../lib/gcc/arm-none-eabi/13.3.1/../../../../arm-none-eabi/lib/thumb/v7e-m+dp/hard\libc_nano.a(libc_a-reent.o)
 .ARM.attributes
                0x00000523       0x32 C:/ST/STM32CubeIDE_1.19.0/STM32CubeIDE/plugins/com.st.stm32cube.ide.mcu.externaltools.gnu-tools-for-stm32.13.3.rel1.win32_1.0.0.202411081344/tools/bin/../lib/gcc/arm-none-eabi/13.3.1/../../../../arm-none-eabi/lib/thumb/v7e-m+dp/hard\libc_nano.a(libc_a-impure.o)
 .ARM.attributes
                0x00000555       0x32 C:/ST/STM32CubeIDE_1.19.0/STM32CubeIDE/plugins/com.st.stm32cube.ide.mcu.externaltools.gnu-tools-for-stm32.13.3.rel1.win32_1.0.0.202411081344/tools/bin/../lib/gcc/arm-none-eabi/13.3.1/../../../../arm-none-eabi/lib/thumb/v7e-m+dp/hard\libc_nano.a(libc_a-errno.o)
 .ARM.attributes
                0x00000587       0x32 C:/ST/STM32CubeIDE_1.19.0/STM32CubeIDE/plugins/com.st.stm32cube.ide.mcu.externaltools.gnu-tools-for-stm32.13.3.rel1.win32_1.0.0.202411081344/tools/bin/../lib/gcc/arm-none-eabi/13.3.1/../../../../arm-none-eabi/lib/thumb/v7e-m+dp/hard\libc_nano.a(libc_a-init.o)
 .ARM.attributes
                0x000005b9       0x32 C:/ST/STM32CubeIDE_1.19.0/STM32CubeIDE/plugins/com.st.stm32cube.ide.mcu.externaltools.gnu-tools-for-stm32.13.3.rel1.win32_1.0.0.202411081344/tools/bin/../lib/gcc/arm-none-eabi/13.3.1/../../../../arm-none-eabi/lib/thumb/v7e-m+dp/hard\libc_nano.a(libc_a-lock.o)
 .ARM.attributes
                0x000005eb       0x32 C:/ST/STM32CubeIDE_1.19.0/STM32CubeIDE/plugins/com.st.stm32cube.ide.mcu.externaltools.gnu-tools-for-stm32.13.3.rel1.win32_1.0.0.202411081344/tools/bin/../lib/gcc/arm-none-eabi/13.3.1/../../../../arm-none-eabi/lib/thumb/v7e-m+dp/hard\libc_nano.a(libc_a-memcpy-stub.o)
 .ARM.attributes
                0x0000061d       0x32 C:/ST/STM32CubeIDE_1.19.0/STM32CubeIDE/plugins/com.st.stm32cube.ide.mcu.externaltools.gnu-tools-for-stm32.13.3.rel1.win32_1.0.0.202411081344/tools/bin/../lib/gcc/arm-none-eabi/13.3.1/../../../../arm-none-eabi/lib/thumb/v7e-m+dp/hard\libc_nano.a(libc_a-freer.o)
 .ARM.attributes
                0x0000064f       0x32 C:/ST/STM32CubeIDE_1.19.0/STM32CubeIDE/plugins/com.st.stm32cube.ide.mcu.externaltools.gnu-tools-for-stm32.13.3.rel1.win32_1.0.0.202411081344/tools/bin/../lib/gcc/arm-none-eabi/13.3.1/../../../../arm-none-eabi/lib/thumb/v7e-m+dp/hard\libc_nano.a(libc_a-mallocr.o)
 .ARM.attributes
                0x00000681       0x32 C:/ST/STM32CubeIDE_1.19.0/STM32CubeIDE/plugins/com.st.stm32cube.ide.mcu.externaltools.gnu-tools-for-stm32.13.3.rel1.win32_1.0.0.202411081344/tools/bin/../lib/gcc/arm-none-eabi/13.3.1/../../../../arm-none-eabi/lib/thumb/v7e-m+dp/hard\libc_nano.a(libc_a-mlock.o)
 .ARM.attributes
                0x000006b3       0x32 C:/ST/STM32CubeIDE_1.19.0/STM32CubeIDE/plugins/com.st.stm32cube.ide.mcu.externaltools.gnu-tools-for-stm32.13.3.rel1.win32_1.0.0.202411081344/tools/bin/../lib/gcc/arm-none-eabi/13.3.1/../../../../arm-none-eabi/lib/thumb/v7e-m+dp/hard\libc_nano.a(libc_a-nano-svfprintf.o)
 .ARM.attributes
                0x000006e5       0x32 C:/ST/STM32CubeIDE_1.19.0/STM32CubeIDE/plugins/com.st.stm32cube.ide.mcu.externaltools.gnu-tools-for-stm32.13.3.rel1.win32_1.0.0.202411081344/tools/bin/../lib/gcc/arm-none-eabi/13.3.1/../../../../arm-none-eabi/lib/thumb/v7e-m+dp/hard\libc_nano.a(libc_a-nano-vfprintf_i.o)
 .ARM.attributes
                0x00000717       0x32 C:/ST/STM32CubeIDE_1.19.0/STM32CubeIDE/plugins/com.st.stm32cube.ide.mcu.externaltools.gnu-tools-for-stm32.13.3.rel1.win32_1.0.0.202411081344/tools/bin/../lib/gcc/arm-none-eabi/13.3.1/../../../../arm-none-eabi/lib/thumb/v7e-m+dp/hard\libc_nano.a(libc_a-memmove.o)
 .ARM.attributes
                0x00000749       0x32 C:/ST/STM32CubeIDE_1.19.0/STM32CubeIDE/plugins/com.st.stm32cube.ide.mcu.externaltools.gnu-tools-for-stm32.13.3.rel1.win32_1.0.0.202411081344/tools/bin/../lib/gcc/arm-none-eabi/13.3.1/../../../../arm-none-eabi/lib/thumb/v7e-m+dp/hard\libc_nano.a(libc_a-sbrkr.o)
 .ARM.attributes
                0x0000077b       0x1c C:/ST/STM32CubeIDE_1.19.0/STM32CubeIDE/plugins/com.st.stm32cube.ide.mcu.externaltools.gnu-tools-for-stm32.13.3.rel1.win32_1.0.0.202411081344/tools/bin/../lib/gcc/arm-none-eabi/13.3.1/../../../../arm-none-eabi/lib/thumb/v7e-m+dp/hard\libc_nano.a(libc_a-memchr.o)
 .ARM.attributes
                0x00000797       0x32 C:/ST/STM32CubeIDE_1.19.0/STM32CubeIDE/plugins/com.st.stm32cube.ide.mcu.externaltools.gnu-tools-for-stm32.13.3.rel1.win32_1.0.0.202411081344/tools/bin/../lib/gcc/arm-none-eabi/13.3.1/../../../../arm-none-eabi/lib/thumb/v7e-m+dp/hard\libc_nano.a(libc_a-reallocr.o)
 .ARM.attributes
                0x000007c9       0x32 C:/ST/STM32CubeIDE_1.19.0/STM32CubeIDE/plugins/com.st.stm32cube.ide.mcu.externaltools.gnu-tools-for-stm32.13.3.rel1.win32_1.0.0.202411081344/tools/bin/../lib/gcc/arm-none-eabi/13.3.1/../../../../arm-none-eabi/lib/thumb/v7e-m+dp/hard\libc_nano.a(libc_a-msizer.o)
 .ARM.attributes
                0x000007fb       0x20 C:/ST/STM32CubeIDE_1.19.0/STM32CubeIDE/plugins/com.st.stm32cube.ide.mcu.externaltools.gnu-tools-for-stm32.13.3.rel1.win32_1.0.0.202411081344/tools/bin/../lib/gcc/arm-none-eabi/13.3.1/thumb/v7e-m+dp/hard\libgcc.a(_aeabi_uldivmod.o)
 .ARM.attributes
                0x0000081b       0x32 C:/ST/STM32CubeIDE_1.19.0/STM32CubeIDE/plugins/com.st.stm32cube.ide.mcu.externaltools.gnu-tools-for-stm32.13.3.rel1.win32_1.0.0.202411081344/tools/bin/../lib/gcc/arm-none-eabi/13.3.1/thumb/v7e-m+dp/hard\libgcc.a(_udivmoddi4.o)
 .ARM.attributes
                0x0000084d       0x20 C:/ST/STM32CubeIDE_1.19.0/STM32CubeIDE/plugins/com.st.stm32cube.ide.mcu.externaltools.gnu-tools-for-stm32.13.3.rel1.win32_1.0.0.202411081344/tools/bin/../lib/gcc/arm-none-eabi/13.3.1/thumb/v7e-m+dp/hard\libgcc.a(_dvmd_tls.o)
 .ARM.attributes
                0x0000086d       0x20 C:/ST/STM32CubeIDE_1.19.0/STM32CubeIDE/plugins/com.st.stm32cube.ide.mcu.externaltools.gnu-tools-for-stm32.13.3.rel1.win32_1.0.0.202411081344/tools/bin/../lib/gcc/arm-none-eabi/13.3.1/thumb/v7e-m+dp/hard/crtn.o
OUTPUT(SW_Controller_OUT.elf elf32-littlearm)
LOAD linker stubs
LOAD C:/ST/STM32CubeIDE_1.19.0/STM32CubeIDE/plugins/com.st.stm32cube.ide.mcu.externaltools.gnu-tools-for-stm32.13.3.rel1.win32_1.0.0.202411081344/tools/bin/../lib/gcc/arm-none-eabi/13.3.1/../../../../arm-none-eabi/lib/thumb/v7e-m+dp/hard\libc.a
LOAD C:/ST/STM32CubeIDE_1.19.0/STM32CubeIDE/plugins/com.st.stm32cube.ide.mcu.externaltools.gnu-tools-for-stm32.13.3.rel1.win32_1.0.0.202411081344/tools/bin/../lib/gcc/arm-none-eabi/13.3.1/../../../../arm-none-eabi/lib/thumb/v7e-m+dp/hard\libm.a
LOAD C:/ST/STM32CubeIDE_1.19.0/STM32CubeIDE/plugins/com.st.stm32cube.ide.mcu.externaltools.gnu-tools-for-stm32.13.3.rel1.win32_1.0.0.202411081344/tools/bin/../lib/gcc/arm-none-eabi/13.3.1/thumb/v7e-m+dp/hard\libgcc.a

.debug_info     0x00000000    0x16a93
 .debug_info    0x00000000      0xa2c ./Core/Src/debug_uart.o
 .debug_info    0x00000a2c      0x498 ./Core/Src/digital_output_handler.o
 .debug_info    0x00000ec4     0x1fd9 ./Core/Src/main.o
 .debug_info    0x00002e9d     0x112f ./Core/Src/rs485_protocol.o
 .debug_info    0x00003fcc     0x1c6f ./Core/Src/stm32h7xx_hal_msp.o
 .debug_info    0x00005c3b      0x848 ./Core/Src/stm32h7xx_it.o
 .debug_info    0x00006483      0x168 ./Core/Src/sysmem.o
 .debug_info    0x000065eb      0xdb2 ./Core/Src/system_stm32h7xx.o
 .debug_info    0x0000739d      0x117 ./Core/Src/version.o
 .debug_info    0x000074b4       0x30 ./Core/Startup/startup_stm32h753zitx.o
 .debug_info    0x000074e4     0x1541 ./Drivers/STM32H7xx_HAL_Driver/Src/stm32h7xx_hal.o
 .debug_info    0x00008a25     0x10b7 ./Drivers/STM32H7xx_HAL_Driver/Src/stm32h7xx_hal_cortex.o
 .debug_info    0x00009adc      0xc31 ./Drivers/STM32H7xx_HAL_Driver/Src/stm32h7xx_hal_dma.o
 .debug_info    0x0000a70d     0x2baf ./Drivers/STM32H7xx_HAL_Driver/Src/stm32h7xx_hal_fdcan.o
 .debug_info    0x0000d2bc      0xc5a ./Drivers/STM32H7xx_HAL_Driver/Src/stm32h7xx_hal_gpio.o
 .debug_info    0x0000df16     0x1012 ./Drivers/STM32H7xx_HAL_Driver/Src/stm32h7xx_hal_pwr_ex.o
 .debug_info    0x0000ef28      0xe6a ./Drivers/STM32H7xx_HAL_Driver/Src/stm32h7xx_hal_rcc.o
 .debug_info    0x0000fd92     0x1225 ./Drivers/STM32H7xx_HAL_Driver/Src/stm32h7xx_hal_rcc_ex.o
 .debug_info    0x00010fb7     0x4b1d ./Drivers/STM32H7xx_HAL_Driver/Src/stm32h7xx_hal_uart.o
 .debug_info    0x00015ad4      0xfbf ./Drivers/STM32H7xx_HAL_Driver/Src/stm32h7xx_hal_uart_ex.o

.debug_abbrev   0x00000000     0x2bb0
 .debug_abbrev  0x00000000      0x227 ./Core/Src/debug_uart.o
 .debug_abbrev  0x00000227      0x1e1 ./Core/Src/digital_output_handler.o
 .debug_abbrev  0x00000408      0x362 ./Core/Src/main.o
 .debug_abbrev  0x0000076a      0x342 ./Core/Src/rs485_protocol.o
 .debug_abbrev  0x00000aac      0x20d ./Core/Src/stm32h7xx_hal_msp.o
 .debug_abbrev  0x00000cb9      0x172 ./Core/Src/stm32h7xx_it.o
 .debug_abbrev  0x00000e2b       0xbc ./Core/Src/sysmem.o
 .debug_abbrev  0x00000ee7      0x165 ./Core/Src/system_stm32h7xx.o
 .debug_abbrev  0x0000104c       0xb6 ./Core/Src/version.o
 .debug_abbrev  0x00001102       0x24 ./Core/Startup/startup_stm32h753zitx.o
 .debug_abbrev  0x00001126      0x295 ./Drivers/STM32H7xx_HAL_Driver/Src/stm32h7xx_hal.o
 .debug_abbrev  0x000013bb      0x339 ./Drivers/STM32H7xx_HAL_Driver/Src/stm32h7xx_hal_cortex.o
 .debug_abbrev  0x000016f4      0x248 ./Drivers/STM32H7xx_HAL_Driver/Src/stm32h7xx_hal_dma.o
 .debug_abbrev  0x0000193c      0x288 ./Drivers/STM32H7xx_HAL_Driver/Src/stm32h7xx_hal_fdcan.o
 .debug_abbrev  0x00001bc4      0x205 ./Drivers/STM32H7xx_HAL_Driver/Src/stm32h7xx_hal_gpio.o
 .debug_abbrev  0x00001dc9      0x2a7 ./Drivers/STM32H7xx_HAL_Driver/Src/stm32h7xx_hal_pwr_ex.o
 .debug_abbrev  0x00002070      0x2c8 ./Drivers/STM32H7xx_HAL_Driver/Src/stm32h7xx_hal_rcc.o
 .debug_abbrev  0x00002338      0x269 ./Drivers/STM32H7xx_HAL_Driver/Src/stm32h7xx_hal_rcc_ex.o
 .debug_abbrev  0x000025a1      0x33d ./Drivers/STM32H7xx_HAL_Driver/Src/stm32h7xx_hal_uart.o
 .debug_abbrev  0x000028de      0x2d2 ./Drivers/STM32H7xx_HAL_Driver/Src/stm32h7xx_hal_uart_ex.o

.debug_aranges  0x00000000      0xf90
 .debug_aranges
                0x00000000       0x40 ./Core/Src/debug_uart.o
 .debug_aranges
                0x00000040       0x48 ./Core/Src/digital_output_handler.o
 .debug_aranges
                0x00000088       0x68 ./Core/Src/main.o
 .debug_aranges
                0x000000f0       0x90 ./Core/Src/rs485_protocol.o
 .debug_aranges
                0x00000180       0x40 ./Core/Src/stm32h7xx_hal_msp.o
 .debug_aranges
                0x000001c0       0x70 ./Core/Src/stm32h7xx_it.o
 .debug_aranges
                0x00000230       0x20 ./Core/Src/sysmem.o
 .debug_aranges
                0x00000250       0x30 ./Core/Src/system_stm32h7xx.o
 .debug_aranges
                0x00000280       0x28 ./Core/Src/version.o
 .debug_aranges
                0x000002a8       0x28 ./Core/Startup/startup_stm32h753zitx.o
 .debug_aranges
                0x000002d0      0x198 ./Drivers/STM32H7xx_HAL_Driver/Src/stm32h7xx_hal.o
 .debug_aranges
                0x00000468      0x130 ./Drivers/STM32H7xx_HAL_Driver/Src/stm32h7xx_hal_cortex.o
 .debug_aranges
                0x00000598       0xa0 ./Drivers/STM32H7xx_HAL_Driver/Src/stm32h7xx_hal_dma.o
 .debug_aranges
                0x00000638      0x338 ./Drivers/STM32H7xx_HAL_Driver/Src/stm32h7xx_hal_fdcan.o
 .debug_aranges
                0x00000970       0x58 ./Drivers/STM32H7xx_HAL_Driver/Src/stm32h7xx_hal_gpio.o
 .debug_aranges
                0x000009c8      0x158 ./Drivers/STM32H7xx_HAL_Driver/Src/stm32h7xx_hal_pwr_ex.o
 .debug_aranges
                0x00000b20       0x88 ./Drivers/STM32H7xx_HAL_Driver/Src/stm32h7xx_hal_rcc.o
 .debug_aranges
                0x00000ba8       0xf8 ./Drivers/STM32H7xx_HAL_Driver/Src/stm32h7xx_hal_rcc_ex.o
 .debug_aranges
                0x00000ca0      0x248 ./Drivers/STM32H7xx_HAL_Driver/Src/stm32h7xx_hal_uart.o
 .debug_aranges
                0x00000ee8       0xa8 ./Drivers/STM32H7xx_HAL_Driver/Src/stm32h7xx_hal_uart_ex.o

.debug_rnglists
                0x00000000      0xbfd
 .debug_rnglists
                0x00000000       0x2c ./Core/Src/debug_uart.o
 .debug_rnglists
                0x0000002c       0x33 ./Core/Src/digital_output_handler.o
 .debug_rnglists
                0x0000005f       0x4f ./Core/Src/main.o
 .debug_rnglists
                0x000000ae       0x6b ./Core/Src/rs485_protocol.o
 .debug_rnglists
                0x00000119       0x2e ./Core/Src/stm32h7xx_hal_msp.o
 .debug_rnglists
                0x00000147       0x4f ./Core/Src/stm32h7xx_it.o
 .debug_rnglists
                0x00000196       0x13 ./Core/Src/sysmem.o
 .debug_rnglists
                0x000001a9       0x21 ./Core/Src/system_stm32h7xx.o
 .debug_rnglists
                0x000001ca       0x19 ./Core/Src/version.o
 .debug_rnglists
                0x000001e3       0x19 ./Core/Startup/startup_stm32h753zitx.o
 .debug_rnglists
                0x000001fc      0x131 ./Drivers/STM32H7xx_HAL_Driver/Src/stm32h7xx_hal.o
 .debug_rnglists
                0x0000032d       0xe0 ./Drivers/STM32H7xx_HAL_Driver/Src/stm32h7xx_hal_cortex.o
 .debug_rnglists
                0x0000040d       0x82 ./Drivers/STM32H7xx_HAL_Driver/Src/stm32h7xx_hal_dma.o
 .debug_rnglists
                0x0000048f      0x28b ./Drivers/STM32H7xx_HAL_Driver/Src/stm32h7xx_hal_fdcan.o
 .debug_rnglists
                0x0000071a       0x3f ./Drivers/STM32H7xx_HAL_Driver/Src/stm32h7xx_hal_gpio.o
 .debug_rnglists
                0x00000759      0x103 ./Drivers/STM32H7xx_HAL_Driver/Src/stm32h7xx_hal_pwr_ex.o
 .debug_rnglists
                0x0000085c       0x68 ./Drivers/STM32H7xx_HAL_Driver/Src/stm32h7xx_hal_rcc.o
 .debug_rnglists
                0x000008c4       0xc0 ./Drivers/STM32H7xx_HAL_Driver/Src/stm32h7xx_hal_rcc_ex.o
 .debug_rnglists
                0x00000984      0x1fa ./Drivers/STM32H7xx_HAL_Driver/Src/stm32h7xx_hal_uart.o
 .debug_rnglists
                0x00000b7e       0x7f ./Drivers/STM32H7xx_HAL_Driver/Src/stm32h7xx_hal_uart_ex.o

.debug_macro    0x00000000    0x389f3
 .debug_macro   0x00000000      0x31a ./Core/Src/debug_uart.o
 .debug_macro   0x0000031a      0xaf6 ./Core/Src/debug_uart.o
 .debug_macro   0x00000e10      0x238 ./Core/Src/debug_uart.o
 .debug_macro   0x00001048       0x2e ./Core/Src/debug_uart.o
 .debug_macro   0x00001076       0x3b ./Core/Src/debug_uart.o
 .debug_macro   0x000010b1       0x22 ./Core/Src/debug_uart.o
 .debug_macro   0x000010d3       0x8e ./Core/Src/debug_uart.o
 .debug_macro   0x00001161       0x51 ./Core/Src/debug_uart.o
 .debug_macro   0x000011b2      0x103 ./Core/Src/debug_uart.o
 .debug_macro   0x000012b5       0x6a ./Core/Src/debug_uart.o
 .debug_macro   0x0000131f      0x1df ./Core/Src/debug_uart.o
 .debug_macro   0x000014fe       0x1c ./Core/Src/debug_uart.o
 .debug_macro   0x0000151a       0x22 ./Core/Src/debug_uart.o
 .debug_macro   0x0000153c       0xfb ./Core/Src/debug_uart.o
 .debug_macro   0x00001637     0x1305 ./Core/Src/debug_uart.o
 .debug_macro   0x0000293c      0x11f ./Core/Src/debug_uart.o
 .debug_macro   0x00002a5b       0x27 ./Core/Src/debug_uart.o
 .debug_macro   0x00002a82    0x261cc ./Core/Src/debug_uart.o
 .debug_macro   0x00028c4e       0x6d ./Core/Src/debug_uart.o
 .debug_macro   0x00028cbb     0x3d79 ./Core/Src/debug_uart.o
 .debug_macro   0x0002ca34      0x190 ./Core/Src/debug_uart.o
 .debug_macro   0x0002cbc4       0x61 ./Core/Src/debug_uart.o
 .debug_macro   0x0002cc25       0x29 ./Core/Src/debug_uart.o
 .debug_macro   0x0002cc4e       0x43 ./Core/Src/debug_uart.o
 .debug_macro   0x0002cc91       0x34 ./Core/Src/debug_uart.o
 .debug_macro   0x0002ccc5      0x370 ./Core/Src/debug_uart.o
 .debug_macro   0x0002d035       0x16 ./Core/Src/debug_uart.o
 .debug_macro   0x0002d04b       0x4a ./Core/Src/debug_uart.o
 .debug_macro   0x0002d095       0x34 ./Core/Src/debug_uart.o
 .debug_macro   0x0002d0c9       0x10 ./Core/Src/debug_uart.o
 .debug_macro   0x0002d0d9       0x58 ./Core/Src/debug_uart.o
 .debug_macro   0x0002d131       0x8e ./Core/Src/debug_uart.o
 .debug_macro   0x0002d1bf       0x1c ./Core/Src/debug_uart.o
 .debug_macro   0x0002d1db      0x185 ./Core/Src/debug_uart.o
 .debug_macro   0x0002d360      0x19b ./Core/Src/debug_uart.o
 .debug_macro   0x0002d4fb       0x5d ./Core/Src/debug_uart.o
 .debug_macro   0x0002d558     0x240e ./Core/Src/debug_uart.o
 .debug_macro   0x0002f966     0x102c ./Core/Src/debug_uart.o
 .debug_macro   0x00030992      0x154 ./Core/Src/debug_uart.o
 .debug_macro   0x00030ae6      0x114 ./Core/Src/debug_uart.o
 .debug_macro   0x00030bfa      0x3b6 ./Core/Src/debug_uart.o
 .debug_macro   0x00030fb0       0xac ./Core/Src/debug_uart.o
 .debug_macro   0x0003105c      0x72d ./Core/Src/debug_uart.o
 .debug_macro   0x00031789      0x228 ./Core/Src/debug_uart.o
 .debug_macro   0x000319b1       0x66 ./Core/Src/debug_uart.o
 .debug_macro   0x00031a17      0x3bb ./Core/Src/debug_uart.o
 .debug_macro   0x00031dd2      0x3e4 ./Core/Src/debug_uart.o
 .debug_macro   0x000321b6      0x275 ./Core/Src/debug_uart.o
 .debug_macro   0x0003242b      0xe42 ./Core/Src/debug_uart.o
 .debug_macro   0x0003326d      0x3ca ./Core/Src/debug_uart.o
 .debug_macro   0x00033637      0x408 ./Core/Src/debug_uart.o
 .debug_macro   0x00033a3f       0x51 ./Core/Src/debug_uart.o
 .debug_macro   0x00033a90       0x4a ./Core/Src/debug_uart.o
 .debug_macro   0x00033ada      0x22c ./Core/Src/debug_uart.o
 .debug_macro   0x00033d06       0x67 ./Core/Src/debug_uart.o
 .debug_macro   0x00033d6d       0xa5 ./Core/Src/debug_uart.o
 .debug_macro   0x00033e12      0x1c4 ./Core/Src/debug_uart.o
 .debug_macro   0x00033fd6      0x25e ./Core/Src/debug_uart.o
 .debug_macro   0x00034234       0x35 ./Core/Src/debug_uart.o
 .debug_macro   0x00034269      0x693 ./Core/Src/debug_uart.o
 .debug_macro   0x000348fc       0xa6 ./Core/Src/debug_uart.o
 .debug_macro   0x000349a2      0x5ac ./Core/Src/debug_uart.o
 .debug_macro   0x00034f4e      0x316 ./Core/Src/debug_uart.o
 .debug_macro   0x00035264       0x58 ./Core/Src/debug_uart.o
 .debug_macro   0x000352bc       0x3a ./Core/Src/debug_uart.o
 .debug_macro   0x000352f6       0x1c ./Core/Src/debug_uart.o
 .debug_macro   0x00035312       0x3c ./Core/Src/debug_uart.o
 .debug_macro   0x0003534e       0x1c ./Core/Src/debug_uart.o
 .debug_macro   0x0003536a       0x16 ./Core/Src/debug_uart.o
 .debug_macro   0x00035380      0x146 ./Core/Src/debug_uart.o
 .debug_macro   0x000354c6       0x16 ./Core/Src/debug_uart.o
 .debug_macro   0x000354dc       0x20 ./Core/Src/debug_uart.o
 .debug_macro   0x000354fc      0x30b ./Core/Src/digital_output_handler.o
 .debug_macro   0x00035807      0x2e4 ./Core/Src/main.o
 .debug_macro   0x00035aeb       0x46 ./Core/Src/main.o
 .debug_macro   0x00035b31       0x46 ./Core/Src/main.o
 .debug_macro   0x00035b77       0x10 ./Core/Src/main.o
 .debug_macro   0x00035b87      0x319 ./Core/Src/rs485_protocol.o
 .debug_macro   0x00035ea0       0x40 ./Core/Src/rs485_protocol.o
 .debug_macro   0x00035ee0      0x2ad ./Core/Src/stm32h7xx_hal_msp.o
 .debug_macro   0x0003618d      0x2b7 ./Core/Src/stm32h7xx_it.o
 .debug_macro   0x00036444      0x112 ./Core/Src/sysmem.o
 .debug_macro   0x00036556      0x23c ./Core/Src/sysmem.o
 .debug_macro   0x00036792      0x29e ./Core/Src/system_stm32h7xx.o
 .debug_macro   0x00036a30      0x17f ./Core/Src/version.o
 .debug_macro   0x00036baf       0x40 ./Core/Src/version.o
 .debug_macro   0x00036bef       0x16 ./Core/Src/version.o
 .debug_macro   0x00036c05       0x9e ./Core/Src/version.o
 .debug_macro   0x00036ca3      0x112 ./Core/Src/version.o
 .debug_macro   0x00036db5       0x16 ./Core/Src/version.o
 .debug_macro   0x00036dcb      0x2c8 ./Drivers/STM32H7xx_HAL_Driver/Src/stm32h7xx_hal.o
 .debug_macro   0x00037093      0x29e ./Drivers/STM32H7xx_HAL_Driver/Src/stm32h7xx_hal_cortex.o
 .debug_macro   0x00037331      0x2f2 ./Drivers/STM32H7xx_HAL_Driver/Src/stm32h7xx_hal_dma.o
 .debug_macro   0x00037623      0x363 ./Drivers/STM32H7xx_HAL_Driver/Src/stm32h7xx_hal_fdcan.o
 .debug_macro   0x00037986      0x2a5 ./Drivers/STM32H7xx_HAL_Driver/Src/stm32h7xx_hal_gpio.o
 .debug_macro   0x00037c2b      0x2d7 ./Drivers/STM32H7xx_HAL_Driver/Src/stm32h7xx_hal_pwr_ex.o
 .debug_macro   0x00037f02      0x2c2 ./Drivers/STM32H7xx_HAL_Driver/Src/stm32h7xx_hal_rcc.o
 .debug_macro   0x000381c4      0x2bc ./Drivers/STM32H7xx_HAL_Driver/Src/stm32h7xx_hal_rcc_ex.o
 .debug_macro   0x00038480      0x2c9 ./Drivers/STM32H7xx_HAL_Driver/Src/stm32h7xx_hal_uart.o
 .debug_macro   0x00038749      0x2aa ./Drivers/STM32H7xx_HAL_Driver/Src/stm32h7xx_hal_uart_ex.o

.debug_line     0x00000000    0x15f25
 .debug_line    0x00000000      0xa16 ./Core/Src/debug_uart.o
 .debug_line    0x00000a16      0xaa6 ./Core/Src/digital_output_handler.o
 .debug_line    0x000014bc      0xc56 ./Core/Src/main.o
 .debug_line    0x00002112      0xd89 ./Core/Src/rs485_protocol.o
 .debug_line    0x00002e9b      0x9d9 ./Core/Src/stm32h7xx_hal_msp.o
 .debug_line    0x00003874      0x9a1 ./Core/Src/stm32h7xx_it.o
 .debug_line    0x00004215      0x588 ./Core/Src/sysmem.o
 .debug_line    0x0000479d      0xac1 ./Core/Src/system_stm32h7xx.o
 .debug_line    0x0000525e      0x5ce ./Core/Src/version.o
 .debug_line    0x0000582c       0x7b ./Core/Startup/startup_stm32h753zitx.o
 .debug_line    0x000058a7      0xe9a ./Drivers/STM32H7xx_HAL_Driver/Src/stm32h7xx_hal.o
 .debug_line    0x00006741      0xe84 ./Drivers/STM32H7xx_HAL_Driver/Src/stm32h7xx_hal_cortex.o
 .debug_line    0x000075c5     0x281b ./Drivers/STM32H7xx_HAL_Driver/Src/stm32h7xx_hal_dma.o
 .debug_line    0x00009de0     0x2925 ./Drivers/STM32H7xx_HAL_Driver/Src/stm32h7xx_hal_fdcan.o
 .debug_line    0x0000c705      0xd23 ./Drivers/STM32H7xx_HAL_Driver/Src/stm32h7xx_hal_gpio.o
 .debug_line    0x0000d428     0x101e ./Drivers/STM32H7xx_HAL_Driver/Src/stm32h7xx_hal_pwr_ex.o
 .debug_line    0x0000e446     0x1541 ./Drivers/STM32H7xx_HAL_Driver/Src/stm32h7xx_hal_rcc.o
 .debug_line    0x0000f987     0x1e4d ./Drivers/STM32H7xx_HAL_Driver/Src/stm32h7xx_hal_rcc_ex.o
 .debug_line    0x000117d4     0x3921 ./Drivers/STM32H7xx_HAL_Driver/Src/stm32h7xx_hal_uart.o
 .debug_line    0x000150f5      0xe30 ./Drivers/STM32H7xx_HAL_Driver/Src/stm32h7xx_hal_uart_ex.o

.debug_str      0x00000000   0x1659c4
 .debug_str     0x00000000   0x1659c4 ./Core/Src/debug_uart.o
                             0x15eb18 (size before relaxing)
 .debug_str     0x001659c4   0x15e064 ./Core/Src/digital_output_handler.o
 .debug_str     0x001659c4   0x15f438 ./Core/Src/main.o
 .debug_str     0x001659c4   0x15ebaf ./Core/Src/rs485_protocol.o
 .debug_str     0x001659c4   0x15f3c4 ./Core/Src/stm32h7xx_hal_msp.o
 .debug_str     0x001659c4   0x15e110 ./Core/Src/stm32h7xx_it.o
 .debug_str     0x001659c4     0x77cb ./Core/Src/sysmem.o
 .debug_str     0x001659c4   0x15d45c ./Core/Src/system_stm32h7xx.o
 .debug_str     0x001659c4     0x7a9f ./Core/Src/version.o
 .debug_str     0x001659c4       0x6f ./Core/Startup/startup_stm32h753zitx.o
 .debug_str     0x001659c4   0x15e342 ./Drivers/STM32H7xx_HAL_Driver/Src/stm32h7xx_hal.o
 .debug_str     0x001659c4   0x15dd7d ./Drivers/STM32H7xx_HAL_Driver/Src/stm32h7xx_hal_cortex.o
 .debug_str     0x001659c4   0x15db57 ./Drivers/STM32H7xx_HAL_Driver/Src/stm32h7xx_hal_dma.o
 .debug_str     0x001659c4   0x15f10b ./Drivers/STM32H7xx_HAL_Driver/Src/stm32h7xx_hal_fdcan.o
 .debug_str     0x001659c4   0x15d3d4 ./Drivers/STM32H7xx_HAL_Driver/Src/stm32h7xx_hal_gpio.o
 .debug_str     0x001659c4   0x15d895 ./Drivers/STM32H7xx_HAL_Driver/Src/stm32h7xx_hal_pwr_ex.o
 .debug_str     0x001659c4   0x15d7b8 ./Drivers/STM32H7xx_HAL_Driver/Src/stm32h7xx_hal_rcc.o
 .debug_str     0x001659c4   0x15dc99 ./Drivers/STM32H7xx_HAL_Driver/Src/stm32h7xx_hal_rcc_ex.o
 .debug_str     0x001659c4   0x15e2f9 ./Drivers/STM32H7xx_HAL_Driver/Src/stm32h7xx_hal_uart.o
 .debug_str     0x001659c4   0x15d8b9 ./Drivers/STM32H7xx_HAL_Driver/Src/stm32h7xx_hal_uart_ex.o

.comment        0x00000000       0x43
 .comment       0x00000000       0x43 ./Core/Src/debug_uart.o
                                 0x44 (size before relaxing)
 .comment       0x00000043       0x44 ./Core/Src/digital_output_handler.o
 .comment       0x00000043       0x44 ./Core/Src/main.o
 .comment       0x00000043       0x44 ./Core/Src/rs485_protocol.o
 .comment       0x00000043       0x44 ./Core/Src/stm32h7xx_hal_msp.o
 .comment       0x00000043       0x44 ./Core/Src/stm32h7xx_it.o
 .comment       0x00000043       0x44 ./Core/Src/sysmem.o
 .comment       0x00000043       0x44 ./Core/Src/system_stm32h7xx.o
 .comment       0x00000043       0x44 ./Core/Src/version.o
 .comment       0x00000043       0x44 ./Drivers/STM32H7xx_HAL_Driver/Src/stm32h7xx_hal.o
 .comment       0x00000043       0x44 ./Drivers/STM32H7xx_HAL_Driver/Src/stm32h7xx_hal_cortex.o
 .comment       0x00000043       0x44 ./Drivers/STM32H7xx_HAL_Driver/Src/stm32h7xx_hal_dma.o
 .comment       0x00000043       0x44 ./Drivers/STM32H7xx_HAL_Driver/Src/stm32h7xx_hal_fdcan.o
 .comment       0x00000043       0x44 ./Drivers/STM32H7xx_HAL_Driver/Src/stm32h7xx_hal_gpio.o
 .comment       0x00000043       0x44 ./Drivers/STM32H7xx_HAL_Driver/Src/stm32h7xx_hal_pwr_ex.o
 .comment       0x00000043       0x44 ./Drivers/STM32H7xx_HAL_Driver/Src/stm32h7xx_hal_rcc.o
 .comment       0x00000043       0x44 ./Drivers/STM32H7xx_HAL_Driver/Src/stm32h7xx_hal_rcc_ex.o
 .comment       0x00000043       0x44 ./Drivers/STM32H7xx_HAL_Driver/Src/stm32h7xx_hal_uart.o
 .comment       0x00000043       0x44 ./Drivers/STM32H7xx_HAL_Driver/Src/stm32h7xx_hal_uart_ex.o

.debug_frame    0x00000000     0x46c0
 .debug_frame   0x00000000       0xd4 ./Core/Src/debug_uart.o
 .debug_frame   0x000000d4       0xec ./Core/Src/digital_output_handler.o
 .debug_frame   0x000001c0      0x154 ./Core/Src/main.o
 .debug_frame   0x00000314      0x24c ./Core/Src/rs485_protocol.o
 .debug_frame   0x00000560       0xd0 ./Core/Src/stm32h7xx_hal_msp.o
 .debug_frame   0x00000630      0x13c ./Core/Src/stm32h7xx_it.o
 .debug_frame   0x0000076c       0x34 ./Core/Src/sysmem.o
 .debug_frame   0x000007a0       0x78 ./Core/Src/system_stm32h7xx.o
 .debug_frame   0x00000818       0x54 ./Core/Src/version.o
 .debug_frame   0x0000086c      0x690 ./Drivers/STM32H7xx_HAL_Driver/Src/stm32h7xx_hal.o
 .debug_frame   0x00000efc      0x508 ./Drivers/STM32H7xx_HAL_Driver/Src/stm32h7xx_hal_cortex.o
 .debug_frame   0x00001404      0x2b4 ./Drivers/STM32H7xx_HAL_Driver/Src/stm32h7xx_hal_dma.o
 .debug_frame   0x000016b8      0xf9c ./Drivers/STM32H7xx_HAL_Driver/Src/stm32h7xx_hal_fdcan.o
 .debug_frame   0x00002654      0x14c ./Drivers/STM32H7xx_HAL_Driver/Src/stm32h7xx_hal_gpio.o
 .debug_frame   0x000027a0      0x580 ./Drivers/STM32H7xx_HAL_Driver/Src/stm32h7xx_hal_pwr_ex.o
 .debug_frame   0x00002d20      0x1f8 ./Drivers/STM32H7xx_HAL_Driver/Src/stm32h7xx_hal_rcc.o
 .debug_frame   0x00002f18      0x414 ./Drivers/STM32H7xx_HAL_Driver/Src/stm32h7xx_hal_rcc_ex.o
 .debug_frame   0x0000332c      0xa94 ./Drivers/STM32H7xx_HAL_Driver/Src/stm32h7xx_hal_uart.o
 .debug_frame   0x00003dc0      0x2c0 ./Drivers/STM32H7xx_HAL_Driver/Src/stm32h7xx_hal_uart_ex.o
 .debug_frame   0x00004080      0x144 C:/ST/STM32CubeIDE_1.19.0/STM32CubeIDE/plugins/com.st.stm32cube.ide.mcu.externaltools.gnu-tools-for-stm32.13.3.rel1.win32_1.0.0.202411081344/tools/bin/../lib/gcc/arm-none-eabi/13.3.1/../../../../arm-none-eabi/lib/thumb/v7e-m+dp/hard\libc_nano.a(libc_a-findfp.o)
 .debug_frame   0x000041c4       0x7c C:/ST/STM32CubeIDE_1.19.0/STM32CubeIDE/plugins/com.st.stm32cube.ide.mcu.externaltools.gnu-tools-for-stm32.13.3.rel1.win32_1.0.0.202411081344/tools/bin/../lib/gcc/arm-none-eabi/13.3.1/../../../../arm-none-eabi/lib/thumb/v7e-m+dp/hard\libc_nano.a(libc_a-snprintf.o)
 .debug_frame   0x00004240       0x4c C:/ST/STM32CubeIDE_1.19.0/STM32CubeIDE/plugins/com.st.stm32cube.ide.mcu.externaltools.gnu-tools-for-stm32.13.3.rel1.win32_1.0.0.202411081344/tools/bin/../lib/gcc/arm-none-eabi/13.3.1/../../../../arm-none-eabi/lib/thumb/v7e-m+dp/hard\libc_nano.a(libc_a-vsnprintf.o)
 .debug_frame   0x0000428c       0x20 C:/ST/STM32CubeIDE_1.19.0/STM32CubeIDE/plugins/com.st.stm32cube.ide.mcu.externaltools.gnu-tools-for-stm32.13.3.rel1.win32_1.0.0.202411081344/tools/bin/../lib/gcc/arm-none-eabi/13.3.1/../../../../arm-none-eabi/lib/thumb/v7e-m+dp/hard\libc_nano.a(libc_a-memset.o)
 .debug_frame   0x000042ac       0x38 C:/ST/STM32CubeIDE_1.19.0/STM32CubeIDE/plugins/com.st.stm32cube.ide.mcu.externaltools.gnu-tools-for-stm32.13.3.rel1.win32_1.0.0.202411081344/tools/bin/../lib/gcc/arm-none-eabi/13.3.1/../../../../arm-none-eabi/lib/thumb/v7e-m+dp/hard\libc_nano.a(libc_a-reent.o)
 .debug_frame   0x000042e4       0x20 C:/ST/STM32CubeIDE_1.19.0/STM32CubeIDE/plugins/com.st.stm32cube.ide.mcu.externaltools.gnu-tools-for-stm32.13.3.rel1.win32_1.0.0.202411081344/tools/bin/../lib/gcc/arm-none-eabi/13.3.1/../../../../arm-none-eabi/lib/thumb/v7e-m+dp/hard\libc_nano.a(libc_a-errno.o)
 .debug_frame   0x00004304       0x2c C:/ST/STM32CubeIDE_1.19.0/STM32CubeIDE/plugins/com.st.stm32cube.ide.mcu.externaltools.gnu-tools-for-stm32.13.3.rel1.win32_1.0.0.202411081344/tools/bin/../lib/gcc/arm-none-eabi/13.3.1/../../../../arm-none-eabi/lib/thumb/v7e-m+dp/hard\libc_nano.a(libc_a-init.o)
 .debug_frame   0x00004330       0xb0 C:/ST/STM32CubeIDE_1.19.0/STM32CubeIDE/plugins/com.st.stm32cube.ide.mcu.externaltools.gnu-tools-for-stm32.13.3.rel1.win32_1.0.0.202411081344/tools/bin/../lib/gcc/arm-none-eabi/13.3.1/../../../../arm-none-eabi/lib/thumb/v7e-m+dp/hard\libc_nano.a(libc_a-lock.o)
 .debug_frame   0x000043e0       0x28 C:/ST/STM32CubeIDE_1.19.0/STM32CubeIDE/plugins/com.st.stm32cube.ide.mcu.externaltools.gnu-tools-for-stm32.13.3.rel1.win32_1.0.0.202411081344/tools/bin/../lib/gcc/arm-none-eabi/13.3.1/../../../../arm-none-eabi/lib/thumb/v7e-m+dp/hard\libc_nano.a(libc_a-memcpy-stub.o)
 .debug_frame   0x00004408       0x38 C:/ST/STM32CubeIDE_1.19.0/STM32CubeIDE/plugins/com.st.stm32cube.ide.mcu.externaltools.gnu-tools-for-stm32.13.3.rel1.win32_1.0.0.202411081344/tools/bin/../lib/gcc/arm-none-eabi/13.3.1/../../../../arm-none-eabi/lib/thumb/v7e-m+dp/hard\libc_nano.a(libc_a-freer.o)
 .debug_frame   0x00004440       0x50 C:/ST/STM32CubeIDE_1.19.0/STM32CubeIDE/plugins/com.st.stm32cube.ide.mcu.externaltools.gnu-tools-for-stm32.13.3.rel1.win32_1.0.0.202411081344/tools/bin/../lib/gcc/arm-none-eabi/13.3.1/../../../../arm-none-eabi/lib/thumb/v7e-m+dp/hard\libc_nano.a(libc_a-mallocr.o)
 .debug_frame   0x00004490       0x30 C:/ST/STM32CubeIDE_1.19.0/STM32CubeIDE/plugins/com.st.stm32cube.ide.mcu.externaltools.gnu-tools-for-stm32.13.3.rel1.win32_1.0.0.202411081344/tools/bin/../lib/gcc/arm-none-eabi/13.3.1/../../../../arm-none-eabi/lib/thumb/v7e-m+dp/hard\libc_nano.a(libc_a-mlock.o)
 .debug_frame   0x000044c0       0x90 C:/ST/STM32CubeIDE_1.19.0/STM32CubeIDE/plugins/com.st.stm32cube.ide.mcu.externaltools.gnu-tools-for-stm32.13.3.rel1.win32_1.0.0.202411081344/tools/bin/../lib/gcc/arm-none-eabi/13.3.1/../../../../arm-none-eabi/lib/thumb/v7e-m+dp/hard\libc_nano.a(libc_a-nano-svfprintf.o)
 .debug_frame   0x00004550       0x60 C:/ST/STM32CubeIDE_1.19.0/STM32CubeIDE/plugins/com.st.stm32cube.ide.mcu.externaltools.gnu-tools-for-stm32.13.3.rel1.win32_1.0.0.202411081344/tools/bin/../lib/gcc/arm-none-eabi/13.3.1/../../../../arm-none-eabi/lib/thumb/v7e-m+dp/hard\libc_nano.a(libc_a-nano-vfprintf_i.o)
 .debug_frame   0x000045b0       0x28 C:/ST/STM32CubeIDE_1.19.0/STM32CubeIDE/plugins/com.st.stm32cube.ide.mcu.externaltools.gnu-tools-for-stm32.13.3.rel1.win32_1.0.0.202411081344/tools/bin/../lib/gcc/arm-none-eabi/13.3.1/../../../../arm-none-eabi/lib/thumb/v7e-m+dp/hard\libc_nano.a(libc_a-memmove.o)
 .debug_frame   0x000045d8       0x2c C:/ST/STM32CubeIDE_1.19.0/STM32CubeIDE/plugins/com.st.stm32cube.ide.mcu.externaltools.gnu-tools-for-stm32.13.3.rel1.win32_1.0.0.202411081344/tools/bin/../lib/gcc/arm-none-eabi/13.3.1/../../../../arm-none-eabi/lib/thumb/v7e-m+dp/hard\libc_nano.a(libc_a-sbrkr.o)
 .debug_frame   0x00004604       0x3c C:/ST/STM32CubeIDE_1.19.0/STM32CubeIDE/plugins/com.st.stm32cube.ide.mcu.externaltools.gnu-tools-for-stm32.13.3.rel1.win32_1.0.0.202411081344/tools/bin/../lib/gcc/arm-none-eabi/13.3.1/../../../../arm-none-eabi/lib/thumb/v7e-m+dp/hard\libc_nano.a(libc_a-reallocr.o)
 .debug_frame   0x00004640       0x20 C:/ST/STM32CubeIDE_1.19.0/STM32CubeIDE/plugins/com.st.stm32cube.ide.mcu.externaltools.gnu-tools-for-stm32.13.3.rel1.win32_1.0.0.202411081344/tools/bin/../lib/gcc/arm-none-eabi/13.3.1/../../../../arm-none-eabi/lib/thumb/v7e-m+dp/hard\libc_nano.a(libc_a-msizer.o)
 .debug_frame   0x00004660       0x2c C:/ST/STM32CubeIDE_1.19.0/STM32CubeIDE/plugins/com.st.stm32cube.ide.mcu.externaltools.gnu-tools-for-stm32.13.3.rel1.win32_1.0.0.202411081344/tools/bin/../lib/gcc/arm-none-eabi/13.3.1/thumb/v7e-m+dp/hard\libgcc.a(_aeabi_uldivmod.o)
 .debug_frame   0x0000468c       0x34 C:/ST/STM32CubeIDE_1.19.0/STM32CubeIDE/plugins/com.st.stm32cube.ide.mcu.externaltools.gnu-tools-for-stm32.13.3.rel1.win32_1.0.0.202411081344/tools/bin/../lib/gcc/arm-none-eabi/13.3.1/thumb/v7e-m+dp/hard\libgcc.a(_udivmoddi4.o)

.debug_line_str
                0x00000000       0x53
 .debug_line_str