Archive member included to satisfy reference by file (symbol)

C:/ST/STM32CubeIDE_1.19.0/STM32CubeIDE/plugins/com.st.stm32cube.ide.mcu.externaltools.gnu-tools-for-stm32.13.3.rel1.win32_1.0.0.202411081344/tools/bin/../lib/gcc/arm-none-eabi/13.3.1/../../../../arm-none-eabi/lib/thumb/v7e-m+dp/hard\libc_nano.a(libc_a-exit.o)
                              C:/ST/STM32CubeIDE_1.19.0/STM32CubeIDE/plugins/com.st.stm32cube.ide.mcu.externaltools.gnu-tools-for-stm32.13.3.rel1.win32_1.0.0.202411081344/tools/bin/../lib/gcc/arm-none-eabi/13.3.1/../../../../arm-none-eabi/lib/thumb/v7e-m+dp/hard/crt0.o (exit)
C:/ST/STM32CubeIDE_1.19.0/STM32CubeIDE/plugins/com.st.stm32cube.ide.mcu.externaltools.gnu-tools-for-stm32.13.3.rel1.win32_1.0.0.202411081344/tools/bin/../lib/gcc/arm-none-eabi/13.3.1/../../../../arm-none-eabi/lib/thumb/v7e-m+dp/hard\libc_nano.a(libc_a-findfp.o)
                              C:/ST/STM32CubeIDE_1.19.0/STM32CubeIDE/plugins/com.st.stm32cube.ide.mcu.externaltools.gnu-tools-for-stm32.13.3.rel1.win32_1.0.0.202411081344/tools/bin/../lib/gcc/arm-none-eabi/13.3.1/../../../../arm-none-eabi/lib/thumb/v7e-m+dp/hard\libc_nano.a(libc_a-exit.o) (__stdio_exit_handler)
C:/ST/STM32CubeIDE_1.19.0/STM32CubeIDE/plugins/com.st.stm32cube.ide.mcu.externaltools.gnu-tools-for-stm32.13.3.rel1.win32_1.0.0.202411081344/tools/bin/../lib/gcc/arm-none-eabi/13.3.1/../../../../arm-none-eabi/lib/thumb/v7e-m+dp/hard\libc_nano.a(libc_a-fwalk.o)
                              C:/ST/STM32CubeIDE_1.19.0/STM32CubeIDE/plugins/com.st.stm32cube.ide.mcu.externaltools.gnu-tools-for-stm32.13.3.rel1.win32_1.0.0.202411081344/tools/bin/../lib/gcc/arm-none-eabi/13.3.1/../../../../arm-none-eabi/lib/thumb/v7e-m+dp/hard\libc_nano.a(libc_a-findfp.o) (_fwalk_sglue)
C:/ST/STM32CubeIDE_1.19.0/STM32CubeIDE/plugins/com.st.stm32cube.ide.mcu.externaltools.gnu-tools-for-stm32.13.3.rel1.win32_1.0.0.202411081344/tools/bin/../lib/gcc/arm-none-eabi/13.3.1/../../../../arm-none-eabi/lib/thumb/v7e-m+dp/hard\libc_nano.a(libc_a-stdio.o)
                              C:/ST/STM32CubeIDE_1.19.0/STM32CubeIDE/plugins/com.st.stm32cube.ide.mcu.externaltools.gnu-tools-for-stm32.13.3.rel1.win32_1.0.0.202411081344/tools/bin/../lib/gcc/arm-none-eabi/13.3.1/../../../../arm-none-eabi/lib/thumb/v7e-m+dp/hard\libc_nano.a(libc_a-findfp.o) (__sread)
C:/ST/STM32CubeIDE_1.19.0/STM32CubeIDE/plugins/com.st.stm32cube.ide.mcu.externaltools.gnu-tools-for-stm32.13.3.rel1.win32_1.0.0.202411081344/tools/bin/../lib/gcc/arm-none-eabi/13.3.1/../../../../arm-none-eabi/lib/thumb/v7e-m+dp/hard\libc_nano.a(libc_a-memset.o)
                              C:/ST/STM32CubeIDE_1.19.0/STM32CubeIDE/plugins/com.st.stm32cube.ide.mcu.externaltools.gnu-tools-for-stm32.13.3.rel1.win32_1.0.0.202411081344/tools/bin/../lib/gcc/arm-none-eabi/13.3.1/../../../../arm-none-eabi/lib/thumb/v7e-m+dp/hard/crt0.o (memset)
C:/ST/STM32CubeIDE_1.19.0/STM32CubeIDE/plugins/com.st.stm32cube.ide.mcu.externaltools.gnu-tools-for-stm32.13.3.rel1.win32_1.0.0.202411081344/tools/bin/../lib/gcc/arm-none-eabi/13.3.1/../../../../arm-none-eabi/lib/thumb/v7e-m+dp/hard\libc_nano.a(libc_a-closer.o)
                              C:/ST/STM32CubeIDE_1.19.0/STM32CubeIDE/plugins/com.st.stm32cube.ide.mcu.externaltools.gnu-tools-for-stm32.13.3.rel1.win32_1.0.0.202411081344/tools/bin/../lib/gcc/arm-none-eabi/13.3.1/../../../../arm-none-eabi/lib/thumb/v7e-m+dp/hard\libc_nano.a(libc_a-stdio.o) (_close_r)
C:/ST/STM32CubeIDE_1.19.0/STM32CubeIDE/plugins/com.st.stm32cube.ide.mcu.externaltools.gnu-tools-for-stm32.13.3.rel1.win32_1.0.0.202411081344/tools/bin/../lib/gcc/arm-none-eabi/13.3.1/../../../../arm-none-eabi/lib/thumb/v7e-m+dp/hard\libc_nano.a(libc_a-reent.o)
                              C:/ST/STM32CubeIDE_1.19.0/STM32CubeIDE/plugins/com.st.stm32cube.ide.mcu.externaltools.gnu-tools-for-stm32.13.3.rel1.win32_1.0.0.202411081344/tools/bin/../lib/gcc/arm-none-eabi/13.3.1/../../../../arm-none-eabi/lib/thumb/v7e-m+dp/hard\libc_nano.a(libc_a-closer.o) (errno)
C:/ST/STM32CubeIDE_1.19.0/STM32CubeIDE/plugins/com.st.stm32cube.ide.mcu.externaltools.gnu-tools-for-stm32.13.3.rel1.win32_1.0.0.202411081344/tools/bin/../lib/gcc/arm-none-eabi/13.3.1/../../../../arm-none-eabi/lib/thumb/v7e-m+dp/hard\libc_nano.a(libc_a-impure.o)
                              C:/ST/STM32CubeIDE_1.19.0/STM32CubeIDE/plugins/com.st.stm32cube.ide.mcu.externaltools.gnu-tools-for-stm32.13.3.rel1.win32_1.0.0.202411081344/tools/bin/../lib/gcc/arm-none-eabi/13.3.1/../../../../arm-none-eabi/lib/thumb/v7e-m+dp/hard\libc_nano.a(libc_a-reent.o) (_impure_ptr)
C:/ST/STM32CubeIDE_1.19.0/STM32CubeIDE/plugins/com.st.stm32cube.ide.mcu.externaltools.gnu-tools-for-stm32.13.3.rel1.win32_1.0.0.202411081344/tools/bin/../lib/gcc/arm-none-eabi/13.3.1/../../../../arm-none-eabi/lib/thumb/v7e-m+dp/hard\libc_nano.a(libc_a-lseekr.o)
[...]
Memory Configuration

Name             Origin             Length             Attributes
FLASH            0x08000000         0x00200000         xr
DTCMRAM          0x20000000         0x00020000         xrw
RAM_D1           0x24000000         0x00080000         xrw
RAM_D2           0x30000000         0x00048000         xrw
RAM_D3           0x38000000         0x00010000         xrw
ITCMRAM          0x00000000         0x00010000         xrw
*default*        0x00000000         0xffffffff

Linker script and memory map

LOAD C:/ST/STM32CubeIDE_1.19.0/STM32CubeIDE/plugins/com.st.stm32cube.ide.mcu.externaltools.gnu-tools-for-stm32.13.3.rel1.win32_1.0.0.202411081344/tools/bin/../lib/gcc/arm-none-eabi/13.3.1/thumb/v7e-m+dp/hard/crti.o
LOAD C:/ST/STM32CubeIDE_1.19.0/STM32CubeIDE/plugins/com.st.stm32cube.ide.mcu.externaltools.gnu-tools-for-stm32.13.3.rel1.win32_1.0.0.202411081344/tools/bin/../lib/gcc/arm-none-eabi/13.3.1/thumb/v7e-m+dp/hard/crtbegin.o
LOAD C:/ST/STM32CubeIDE_1.19.0/STM32CubeIDE/plugins/com.st.stm32cube.ide.mcu.externaltools.gnu-tools-for-stm32.13.3.rel1.win32_1.0.0.202411081344/tools/bin/../lib/gcc/arm-none-eabi/13.3.1/../../../../arm-none-eabi/lib/thumb/v7e-m+dp/hard/crt0.o
LOAD ./Core/Src/main.o
LOAD ./Core/Src/stm32h7xx_hal_msp.o
LOAD ./Core/Src/stm32h7xx_it.o
LOAD ./Core/Src/syscalls.o
LOAD ./Core/Src/sysmem.o
LOAD ./Core/Src/system_stm32h7xx.o
LOAD ./Core/Startup/startup_stm32h753zitx.o
LOAD ./Drivers/STM32H7xx_HAL_Driver/Src/stm32h7xx_hal.o
LOAD ./Drivers/STM32H7xx_HAL_Driver/Src/stm32h7xx_hal_cortex.o
LOAD ./Drivers/STM32H7xx_HAL_Driver/Src/stm32h7xx_hal_dma.o
LOAD ./Drivers/STM32H7xx_HAL_Driver/Src/stm32h7xx_hal_dma_ex.o
LOAD ./Drivers/STM32H7xx_HAL_Driver/Src/stm32h7xx_hal_exti.o
LOAD ./Drivers/STM32H7xx_HAL_Driver/Src/stm32h7xx_hal_fdcan.o
LOAD ./Drivers/STM32H7xx_HAL_Driver/Src/stm32h7xx_hal_flash.o
LOAD ./Drivers/STM32H7xx_HAL_Driver/Src/stm32h7xx_hal_flash_ex.o
LOAD ./Drivers/STM32H7xx_HAL_Driver/Src/stm32h7xx_hal_gpio.o
LOAD ./Drivers/STM32H7xx_HAL_Driver/Src/stm32h7xx_hal_hsem.o
LOAD ./Drivers/STM32H7xx_HAL_Driver/Src/stm32h7xx_hal_i2c.o
LOAD ./Drivers/STM32H7xx_HAL_Driver/Src/stm32h7xx_hal_i2c_ex.o
LOAD ./Drivers/STM32H7xx_HAL_Driver/Src/stm32h7xx_hal_mdma.o
LOAD ./Drivers/STM32H7xx_HAL_Driver/Src/stm32h7xx_hal_pwr.o
LOAD ./Drivers/STM32H7xx_HAL_Driver/Src/stm32h7xx_hal_pwr_ex.o
LOAD ./Drivers/STM32H7xx_HAL_Driver/Src/stm32h7xx_hal_rcc.o
LOAD ./Drivers/STM32H7xx_HAL_Driver/Src/stm32h7xx_hal_rcc_ex.o
LOAD ./Drivers/STM32H7xx_HAL_Driver/Src/stm32h7xx_hal_spi.o
LOAD ./Drivers/STM32H7xx_HAL_Driver/Src/stm32h7xx_hal_spi_ex.o
LOAD ./Drivers/STM32H7xx_HAL_Driver/Src/stm32h7xx_hal_tim.o
LOAD ./Drivers/STM32H7xx_HAL_Driver/Src/stm32h7xx_hal_tim_ex.o
LOAD ./Drivers/STM32H7xx_HAL_Driver/Src/stm32h7xx_hal_uart.o
LOAD ./Drivers/STM32H7xx_HAL_Driver/Src/stm32h7xx_hal_uart_ex.o
START GROUP
LOAD C:/ST/STM32CubeIDE_1.19.0/STM32CubeIDE/plugins/com.st.stm32cube.ide.mcu.externaltools.gnu-tools-for-stm32.13.3.rel1.win32_1.0.0.202411081344/tools/bin/../lib/gcc/arm-none-eabi/13.3.1/../../../../arm-none-eabi/lib/thumb/v7e-m+dp/hard\libc_nano.a
LOAD C:/ST/STM32CubeIDE_1.19.0/STM32CubeIDE/plugins/com.st.stm32cube.ide.mcu.externaltools.gnu-tools-for-stm32.13.3.rel1.win32_1.0.0.202411081344/tools/bin/../lib/gcc/arm-none-eabi/13.3.1/../../../../arm-none-eabi/lib/thumb/v7e-m+dp/hard\libm.a
END GROUP
START GROUP
LOAD C:/ST/STM32CubeIDE_1.19.0/STM32CubeIDE/plugins/com.st.stm32cube.ide.mcu.externaltools.gnu-tools-for-stm32.13.3.rel1.win32_1.0.0.202411081344/tools/bin/../lib/gcc/arm-none-eabi/13.3.1/thumb/v7e-m+dp/hard\libgcc.a
LOAD C:/ST/STM32CubeIDE_1.19.0/STM32CubeIDE/plugins/com.st.stm32cube.ide.mcu.externaltools.gnu-tools-for-stm32.13.3.rel1.win32_1.0.0.202411081344/tools/bin/../lib/gcc/arm-none-eabi/13.3.1/../../../../arm-none-eabi/lib/thumb/v7e-m+dp/hard\libc_nano.a
END GROUP
START GROUP
LOAD C:/ST/STM32CubeIDE_1.19.0/STM32CubeIDE/plugins/com.st.stm32cube.ide.mcu.externaltools.gnu-tools-for-stm32.13.3.rel1.win32_1.0.0.202411081344/tools/bin/../lib/gcc/arm-none-eabi/13.3.1/thumb/v7e-m+dp/hard\libgcc.a
LOAD C:/ST/STM32CubeIDE_1.19.0/STM32CubeIDE/plugins/com.st.stm32cube.ide.mcu.externaltools.gnu-tools-for-stm32.13.3.rel1.win32_1.0.0.202411081344/tools/bin/../lib/gcc/arm-none-eabi/13.3.1/../../../../arm-none-eabi/lib/thumb/v7e-m+dp/hard\libc_nano.a
LOAD C:/ST/STM32CubeIDE_1.19.0/STM32CubeIDE/plugins/com.st.stm32cube.ide.mcu.externaltools.gnu-tools-for-stm32.13.3.rel1.win32_1.0.0.202411081344/tools/bin/../lib/gcc/arm-none-eabi/13.3.1/../../../../arm-none-eabi/lib/thumb/v7e-m+dp/hard\libnosys.a
END GROUP
START GROUP
LOAD C:/ST/STM32CubeIDE_1.19.0/STM32CubeIDE/plugins/com.st.stm32cube.ide.mcu.externaltools.gnu-tools-for-stm32.13.3.rel1.win32_1.0.0.202411081344/tools/bin/../lib/gcc/arm-none-eabi/13.3.1/thumb/v7e-m+dp/hard\libgcc.a
LOAD C:/ST/STM32CubeIDE_1.19.0/STM32CubeIDE/plugins/com.st.stm32cube.ide.mcu.externaltools.gnu-tools-for-stm32.13.3.rel1.win32_1.0.0.202411081344/tools/bin/../lib/gcc/arm-none-eabi/13.3.1/../../../../arm-none-eabi/lib/thumb/v7e-m+dp/hard\libc_nano.a
LOAD C:/ST/STM32CubeIDE_1.19.0/STM32CubeIDE/plugins/com.st.stm32cube.ide.mcu.externaltools.gnu-tools-for-stm32.13.3.rel1.win32_1.0.0.202411081344/tools/bin/../lib/gcc/arm-none-eabi/13.3.1/../../../../arm-none-eabi/lib/thumb/v7e-m+dp/hard\libnosys.a
END GROUP
LOAD C:/ST/STM32CubeIDE_1.19.0/STM32CubeIDE/plugins/com.st.stm32cube.ide.mcu.externaltools.gnu-tools-for-stm32.13.3.rel1.win32_1.0.0.202411081344/tools/bin/../lib/gcc/arm-none-eabi/13.3.1/thumb/v7e-m+dp/hard/crtend.o
LOAD C:/ST/STM32CubeIDE_1.19.0/STM32CubeIDE/plugins/com.st.stm32cube.ide.mcu.externaltools.gnu-tools-for-stm32.13.3.rel1.win32_1.0.0.202411081344/tools/bin/../lib/gcc/arm-none-eabi/13.3.1/thumb/v7e-m+dp/hard/crtn.o
                0x24080000                        _estack = (ORIGIN (RAM_D1) + LENGTH (RAM_D1))
                0x00000200                        _Min_Heap_Size = 0x200
                0x00000400                        _Min_Stack_Size = 0x400

.isr_vector     0x08000000      0x298
                0x08000000                        . = ALIGN (0x4)
 *(.isr_vector)
 .isr_vector    0x08000000      0x298 ./Core/Startup/startup_stm32h753zitx.o
                0x08000000                g_pfnVectors
                0x08000298                        . = ALIGN (0x4)

.text           0x08000298     0x600c
                0x08000298                        . = ALIGN (0x4)
 *(.text)
 .text          0x08000298       0x40 C:/ST/STM32CubeIDE_1.19.0/STM32CubeIDE/plugins/com.st.stm32cube.ide.mcu.externaltools.gnu-tools-for-stm32.13.3.rel1.win32_1.0.0.202411081344/tools/bin/../lib/gcc/arm-none-eabi/13.3.1/thumb/v7e-m+dp/hard/crtbegin.o
 .text          0x080002d8       0x30 C:/ST/STM32CubeIDE_1.19.0/STM32CubeIDE/plugins/com.st.stm32cube.ide.mcu.externaltools.gnu-tools-for-stm32.13.3.rel1.win32_1.0.0.202411081344/tools/bin/../lib/gcc/arm-none-eabi/13.3.1/thumb/v7e-m+dp/hard\libgcc.a(_aeabi_uldivmod.o)
                0x080002d8                __aeabi_uldivmod
 .text          0x08000308      0x2f8 C:/ST/STM32CubeIDE_1.19.0/STM32CubeIDE/plugins/com.st.stm32cube.ide.mcu.externaltools.gnu-tools-for-stm32.13.3.rel1.win32_1.0.0.202411081344/tools/bin/../lib/gcc/arm-none-eabi/13.3.1/thumb/v7e-m+dp/hard\libgcc.a(_udivmoddi4.o)
                0x08000308                __udivmoddi4
 .text          0x08000600        0x4 C:/ST/STM32CubeIDE_1.19.0/STM32CubeIDE/plugins/com.st.stm32cube.ide.mcu.externaltools.gnu-tools-for-stm32.13.3.rel1.win32_1.0.0.202411081344/tools/bin/../lib/gcc/arm-none-eabi/13.3.1/thumb/v7e-m+dp/hard\libgcc.a(_dvmd_tls.o)
                0x08000600                __aeabi_idiv0
                0x08000600                __aeabi_ldiv0
 *(.text*)
 .text.main     0x08000604       0x2c ./Core/Src/main.o
                0x08000604                main
 .text.SystemClock_Config
                0x08000630      0x104 ./Core/Src/main.o
                0x08000630                SystemClock_Config
 .text.MX_FDCAN1_Init
                0x08000734       0xc8 ./Core/Src/main.o
 .text.MX_SPI4_Init
                0x080007fc       0xac ./Core/Src/main.o
 .text.MX_SPI6_Init
                0x080008a8       0xac ./Core/Src/main.o
 .text.MX_USART1_UART_Init
                0x08000954       0x98 ./Core/Src/main.o
 .text.MX_USART2_UART_Init
                0x080009ec       0xa0 ./Core/Src/main.o
 .text.MX_GPIO_Init
                0x08000a8c      0x120 ./Core/Src/main.o
 .text.MPU_Config
                0x08000bac       0x58 ./Core/Src/main.o
 .text.Error_Handler
                0x08000c04        0xc ./Core/Src/main.o
                0x08000c04                Error_Handler
 .text.HAL_MspInit
                0x08000c10       0x34 ./Core/Src/stm32h7xx_hal_msp.o
                0x08000c10                HAL_MspInit
 .text.HAL_FDCAN_MspInit
                0x08000c44       0xd4 ./Core/Src/stm32h7xx_hal_msp.o
                0x08000c44                HAL_FDCAN_MspInit
 .text.HAL_SPI_MspInit
                0x08000d18      0x170 ./Core/Src/stm32h7xx_hal_msp.o
                0x08000d18                HAL_SPI_MspInit
 .text.HAL_UART_MspInit
                0x08000e88      0x174 ./Core/Src/stm32h7xx_hal_msp.o
                0x08000e88                HAL_UART_MspInit
 .text.NMI_Handler
                0x08000ffc        0x8 ./Core/Src/stm32h7xx_it.o
                0x08000ffc                NMI_Handler
 .text.HardFault_Handler
                0x08001004        0x8 ./Core/Src/stm32h7xx_it.o
                0x08001004                HardFault_Handler
 .text.MemManage_Handler
                0x0800100c        0x8 ./Core/Src/stm32h7xx_it.o
                0x0800100c                MemManage_Handler
 .text.BusFault_Handler
                0x08001014        0x8 ./Core/Src/stm32h7xx_it.o
                0x08001014                BusFault_Handler
 .text.UsageFault_Handler
                0x0800101c        0x8 ./Core/Src/stm32h7xx_it.o
                0x0800101c                UsageFault_Handler
 .text.SVC_Handler
                0x08001024        0xe ./Core/Src/stm32h7xx_it.o
                0x08001024                SVC_Handler
 .text.DebugMon_Handler
                0x08001032        0xe ./Core/Src/stm32h7xx_it.o
                0x08001032                DebugMon_Handler
 .text.PendSV_Handler
                0x08001040        0xe ./Core/Src/stm32h7xx_it.o
                0x08001040                PendSV_Handler
 .text.SysTick_Handler
                0x0800104e        0xc ./Core/Src/stm32h7xx_it.o
                0x0800104e                SysTick_Handler
 *fill*         0x0800105a        0x2 
 .text.SystemInit
                0x0800105c      0x140 ./Core/Src/system_stm32h7xx.o
                0x0800105c                SystemInit
 .text.ExitRun0Mode
                0x0800119c       0x30 ./Core/Src/system_stm32h7xx.o
                0x0800119c                ExitRun0Mode
 .text.Reset_Handler
                0x080011cc       0x54 ./Core/Startup/startup_stm32h753zitx.o
                0x080011cc                Reset_Handler
 .text.Default_Handler
                0x08001220        0x2 ./Core/Startup/startup_stm32h753zitx.o
                0x08001220                RTC_Alarm_IRQHandler
                0x08001220                HASH_RNG_IRQHandler
                0x08001220                EXTI2_IRQHandler
                0x08001220                TIM8_CC_IRQHandler
                0x08001220                HRTIM1_Master_IRQHandler
                0x08001220                UART8_IRQHandler
                0x08001220                SPI4_IRQHandler
                0x08001220                TIM1_CC_IRQHandler
                0x08001220                BDMA_Channel6_IRQHandler
                0x08001220                DMA2_Stream5_IRQHandler
                0x08001220                HRTIM1_FLT_IRQHandler
                0x08001220                JPEG_IRQHandler
                0x08001220                DMA1_Stream5_IRQHandler
                0x08001220                BDMA_Channel1_IRQHandler
                0x08001220                HRTIM1_TIMD_IRQHandler
                0x08001220                TAMP_STAMP_IRQHandler
                0x08001220                EXTI3_IRQHandler
                0x08001220                LPTIM4_IRQHandler
                0x08001220                TIM8_TRG_COM_TIM14_IRQHandler
                0x08001220                LPTIM2_IRQHandler
                0x08001220                DFSDM1_FLT1_IRQHandler
                0x08001220                DMAMUX2_OVR_IRQHandler
                0x08001220                TIM8_UP_TIM13_IRQHandler
                0x08001220                I2C3_ER_IRQHandler
                0x08001220                DFSDM1_FLT2_IRQHandler
                0x08001220                MDMA_IRQHandler
                0x08001220                LPTIM3_IRQHandler
                0x08001220                HSEM1_IRQHandler
                0x08001220                EXTI0_IRQHandler
                0x08001220                I2C2_EV_IRQHandler
                0x08001220                DMA1_Stream2_IRQHandler
                0x08001220                FPU_IRQHandler
                0x08001220                OTG_HS_WKUP_IRQHandler
                0x08001220                FDCAN1_IT1_IRQHandler
                0x08001220                LTDC_ER_IRQHandler
                0x08001220                DMA2_Stream2_IRQHandler
                0x08001220                HRTIM1_TIME_IRQHandler
                0x08001220                SPI1_IRQHandler
                0x08001220                TIM6_DAC_IRQHandler
                0x08001220                DCMI_IRQHandler
                0x08001220                HRTIM1_TIMC_IRQHandler
                0x08001220                DMA2_Stream3_IRQHandler
                0x08001220                SAI2_IRQHandler
                0x08001220                DFSDM1_FLT3_IRQHandler
                0x08001220                USART6_IRQHandler
                0x08001220                TIM17_IRQHandler
                0x08001220                USART3_IRQHandler
                0x08001220                BDMA_Channel7_IRQHandler
                0x08001220                CRYP_IRQHandler
                0x08001220                LPTIM5_IRQHandler
                0x08001220                UART5_IRQHandler
                0x08001220                ADC3_IRQHandler
                0x08001220                DMA2_Stream0_IRQHandler
                0x08001220                TIM4_IRQHandler
                0x08001220                BDMA_Channel2_IRQHandler
                0x08001220                QUADSPI_IRQHandler
                0x08001220                I2C1_EV_IRQHandler
                0x08001220                DMA1_Stream6_IRQHandler
                0x08001220                DMAMUX1_OVR_IRQHandler
                0x08001220                DMA1_Stream1_IRQHandler
                0x08001220                TIM16_IRQHandler
                0x08001220                UART4_IRQHandler
                0x08001220                BDMA_Channel5_IRQHandler
                0x08001220                TIM3_IRQHandler
                0x08001220                RCC_IRQHandler
                0x08001220                TIM8_BRK_TIM12_IRQHandler
                0x08001220                TIM1_TRG_COM_IRQHandler
                0x08001220                Default_Handler
                0x08001220                ECC_IRQHandler
                0x08001220                CEC_IRQHandler
                0x08001220                EXTI15_10_IRQHandler
                0x08001220                BDMA_Channel0_IRQHandler
                0x08001220                ADC_IRQHandler
                0x08001220                DMA1_Stream7_IRQHandler
                0x08001220                HRTIM1_TIMA_IRQHandler
                0x08001220                SPI5_IRQHandler
                0x08001220                TIM7_IRQHandler
                0x08001220                SDMMC1_IRQHandler
                0x08001220                TIM5_IRQHandler
                0x08001220                DMA2_Stream7_IRQHandler
                0x08001220                TIM15_IRQHandler
                0x08001220                PVD_AVD_IRQHandler
                0x08001220                I2C3_EV_IRQHandler
                0x08001220                EXTI9_5_IRQHandler
                0x08001220                RTC_WKUP_IRQHandler
                0x08001220                LTDC_IRQHandler
                0x08001220                SAI3_IRQHandler
                0x08001220                ETH_WKUP_IRQHandler
                0x08001220                SPDIF_RX_IRQHandler
                0x08001220                SPI2_IRQHandler
                0x08001220                OTG_HS_EP1_IN_IRQHandler
                0x08001220                DMA1_Stream0_IRQHandler
                0x08001220                CRS_IRQHandler
                0x08001220                EXTI4_IRQHandler
                0x08001220                HRTIM1_TIMB_IRQHandler
                0x08001220                FDCAN2_IT1_IRQHandler
                0x08001220                ETH_IRQHandler
                0x08001220                TIM1_UP_IRQHandler
                0x08001220                BDMA_Channel4_IRQHandler
                0x08001220                OTG_HS_EP1_OUT_IRQHandler
                0x08001220                WWDG_IRQHandler
                0x08001220                SPI6_IRQHandler
                0x08001220                MDIOS_IRQHandler
                0x08001220                I2C4_EV_IRQHandler
                0x08001220                FDCAN2_IT0_IRQHandler
                0x08001220                LPUART1_IRQHandler
                0x08001220                FDCAN1_IT0_IRQHandler
                0x08001220                TIM2_IRQHandler
                0x08001220                OTG_FS_WKUP_IRQHandler
                0x08001220                OTG_HS_IRQHandler
                0x08001220                DMA2D_IRQHandler
                0x08001220                TIM1_BRK_IRQHandler
                0x08001220                EXTI1_IRQHandler
                0x08001220                SDMMC2_IRQHandler
                0x08001220                OTG_FS_EP1_OUT_IRQHandler
                0x08001220                BDMA_Channel3_IRQHandler
                0x08001220                UART7_IRQHandler
                0x08001220                MDIOS_WKUP_IRQHandler
                0x08001220                USART2_IRQHandler
                0x08001220                DFSDM1_FLT0_IRQHandler
                0x08001220                SAI4_IRQHandler
                0x08001220                I2C2_ER_IRQHandler
                0x08001220                DMA2_Stream1_IRQHandler
                0x08001220                FLASH_IRQHandler
                0x08001220                DMA2_Stream4_IRQHandler
                0x08001220                USART1_IRQHandler
                0x08001220                OTG_FS_IRQHandler
                0x08001220                SPI3_IRQHandler
                0x08001220                WAKEUP_PIN_IRQHandler
                0x08001220                DMA1_Stream4_IRQHandler
                0x08001220                OTG_FS_EP1_IN_IRQHandler
                0x08001220                I2C1_ER_IRQHandler
                0x08001220                FMC_IRQHandler
                0x08001220                FDCAN_CAL_IRQHandler
                0x08001220                SWPMI1_IRQHandler
                0x08001220                COMP1_IRQHandler
                0x08001220                LPTIM1_IRQHandler
                0x08001220                I2C4_ER_IRQHandler
                0x08001220                DMA2_Stream6_IRQHandler
                0x08001220                SAI1_IRQHandler
                0x08001220                DMA1_Stream3_IRQHandler
 *fill*         0x08001222        0x2 
 .text.HAL_Init
                0x08001224       0x78 ./Drivers/STM32H7xx_HAL_Driver/Src/stm32h7xx_hal.o
                0x08001224                HAL_Init
 .text.HAL_InitTick
                0x0800129c       0x6c ./Drivers/STM32H7xx_HAL_Driver/Src/stm32h7xx_hal.o
                0x0800129c                HAL_InitTick
 .text.HAL_IncTick
                0x08001308       0x28 ./Drivers/STM32H7xx_HAL_Driver/Src/stm32h7xx_hal.o
                0x08001308                HAL_IncTick
 .text.HAL_GetTick
                0x08001330       0x18 ./Drivers/STM32H7xx_HAL_Driver/Src/stm32h7xx_hal.o
                0x08001330                HAL_GetTick
 .text.HAL_GetREVID
                0x08001348       0x18 ./Drivers/STM32H7xx_HAL_Driver/Src/stm32h7xx_hal.o
                0x08001348                HAL_GetREVID
 .text.__NVIC_SetPriorityGrouping
                0x08001360       0x48 ./Drivers/STM32H7xx_HAL_Driver/Src/stm32h7xx_hal_cortex.o
 .text.__NVIC_GetPriorityGrouping
                0x080013a8       0x1c ./Drivers/STM32H7xx_HAL_Driver/Src/stm32h7xx_hal_cortex.o
 .text.__NVIC_SetPriority
                0x080013c4       0x54 ./Drivers/STM32H7xx_HAL_Driver/Src/stm32h7xx_hal_cortex.o
 .text.NVIC_EncodePriority
                0x08001418       0x66 ./Drivers/STM32H7xx_HAL_Driver/Src/stm32h7xx_hal_cortex.o
 *fill*         0x0800147e        0x2 
 .text.SysTick_Config
                0x08001480       0x44 ./Drivers/STM32H7xx_HAL_Driver/Src/stm32h7xx_hal_cortex.o
 .text.HAL_NVIC_SetPriorityGrouping
                0x080014c4       0x16 ./Drivers/STM32H7xx_HAL_Driver/Src/stm32h7xx_hal_cortex.o
                0x080014c4                HAL_NVIC_SetPriorityGrouping
 .text.HAL_NVIC_SetPriority
                0x080014da       0x34 ./Drivers/STM32H7xx_HAL_Driver/Src/stm32h7xx_hal_cortex.o
                0x080014da                HAL_NVIC_SetPriority
 .text.HAL_SYSTICK_Config
                0x0800150e       0x18 ./Drivers/STM32H7xx_HAL_Driver/Src/stm32h7xx_hal_cortex.o
                0x0800150e                HAL_SYSTICK_Config
 *fill*         0x08001526        0x2 
 .text.HAL_MPU_Disable
                0x08001528       0x30 ./Drivers/STM32H7xx_HAL_Driver/Src/stm32h7xx_hal_cortex.o
                0x08001528                HAL_MPU_Disable
 .text.HAL_MPU_Enable
                0x08001558       0x40 ./Drivers/STM32H7xx_HAL_Driver/Src/stm32h7xx_hal_cortex.o
                0x08001558                HAL_MPU_Enable
 .text.HAL_MPU_ConfigRegion
                0x08001598       0x80 ./Drivers/STM32H7xx_HAL_Driver/Src/stm32h7xx_hal_cortex.o
                0x08001598                HAL_MPU_ConfigRegion
 .text.HAL_FDCAN_Init
                0x08001618      0x3bc ./Drivers/STM32H7xx_HAL_Driver/Src/stm32h7xx_hal_fdcan.o
                0x08001618                HAL_FDCAN_Init
 .text.FDCAN_CalcultateRamBlockAddresses
                0x080019d4      0x30c ./Drivers/STM32H7xx_HAL_Driver/Src/stm32h7xx_hal_fdcan.o
 .text.HAL_GPIO_Init
                0x08001ce0      0x360 ./Drivers/STM32H7xx_HAL_Driver/Src/stm32h7xx_hal_gpio.o
                0x08001ce0                HAL_GPIO_Init
 .text.HAL_GPIO_WritePin
                0x08002040       0x32 ./Drivers/STM32H7xx_HAL_Driver/Src/stm32h7xx_hal_gpio.o
                0x08002040                HAL_GPIO_WritePin
 *fill*         0x08002072        0x2 
 .text.HAL_PWREx_ConfigSupply
                0x08002074       0x74 ./Drivers/STM32H7xx_HAL_Driver/Src/stm32h7xx_hal_pwr_ex.o
                0x08002074                HAL_PWREx_ConfigSupply
 .text.HAL_RCC_OscConfig
                0x080020e8      0x8b4 ./Drivers/STM32H7xx_HAL_Driver/Src/stm32h7xx_hal_rcc.o
                0x080020e8                HAL_RCC_OscConfig
 .text.HAL_RCC_ClockConfig
                0x0800299c      0x36c ./Drivers/STM32H7xx_HAL_Driver/Src/stm32h7xx_hal_rcc.o
                0x0800299c                HAL_RCC_ClockConfig
 .text.HAL_RCC_GetSysClockFreq
                0x08002d08      0x2f4 ./Drivers/STM32H7xx_HAL_Driver/Src/stm32h7xx_hal_rcc.o
                0x08002d08                HAL_RCC_GetSysClockFreq
 .text.HAL_RCC_GetHCLKFreq
                0x08002ffc       0x60 ./Drivers/STM32H7xx_HAL_Driver/Src/stm32h7xx_hal_rcc.o
                0x08002ffc                HAL_RCC_GetHCLKFreq
 .text.HAL_RCC_GetPCLK1Freq
                0x0800305c       0x2c ./Drivers/STM32H7xx_HAL_Driver/Src/stm32h7xx_hal_rcc.o
                0x0800305c                HAL_RCC_GetPCLK1Freq
 .text.HAL_RCC_GetPCLK2Freq
                0x08003088       0x2c ./Drivers/STM32H7xx_HAL_Driver/Src/stm32h7xx_hal_rcc.o
                0x08003088                HAL_RCC_GetPCLK2Freq
 .text.HAL_RCCEx_PeriphCLKConfig
                0x080030b4     0x1414 ./Drivers/STM32H7xx_HAL_Driver/Src/stm32h7xx_hal_rcc_ex.o
                0x080030b4                HAL_RCCEx_PeriphCLKConfig
 .text.HAL_RCCEx_GetD3PCLK1Freq
                0x080044c8       0x2c ./Drivers/STM32H7xx_HAL_Driver/Src/stm32h7xx_hal_rcc_ex.o
                0x080044c8                HAL_RCCEx_GetD3PCLK1Freq
 .text.HAL_RCCEx_GetPLL2ClockFreq
                0x080044f4      0x2a8 ./Drivers/STM32H7xx_HAL_Driver/Src/stm32h7xx_hal_rcc_ex.o
                0x080044f4                HAL_RCCEx_GetPLL2ClockFreq
 .text.HAL_RCCEx_GetPLL3ClockFreq
                0x0800479c      0x2a8 ./Drivers/STM32H7xx_HAL_Driver/Src/stm32h7xx_hal_rcc_ex.o
                0x0800479c                HAL_RCCEx_GetPLL3ClockFreq
 .text.RCCEx_PLL2_Config
                0x08004a44      0x164 ./Drivers/STM32H7xx_HAL_Driver/Src/stm32h7xx_hal_rcc_ex.o
 .text.RCCEx_PLL3_Config
                0x08004ba8      0x164 ./Drivers/STM32H7xx_HAL_Driver/Src/stm32h7xx_hal_rcc_ex.o
 .text.HAL_SPI_Init
                0x08004d0c      0x248 ./Drivers/STM32H7xx_HAL_Driver/Src/stm32h7xx_hal_spi.o
                0x08004d0c                HAL_SPI_Init
 .text.SPI_GetPacketSize
                0x08004f54       0x36 ./Drivers/STM32H7xx_HAL_Driver/Src/stm32h7xx_hal_spi.o
 .text.HAL_UART_Init
                0x08004f8a       0xa0 ./Drivers/STM32H7xx_HAL_Driver/Src/stm32h7xx_hal_uart.o
                0x08004f8a                HAL_UART_Init
 *fill*         0x0800502a        0x2 
 .text.UART_SetConfig
                0x0800502c      0xad0 ./Drivers/STM32H7xx_HAL_Driver/Src/stm32h7xx_hal_uart.o
                0x0800502c                UART_SetConfig
 .text.UART_AdvFeatureConfig
                0x08005afc      0x144 ./Drivers/STM32H7xx_HAL_Driver/Src/stm32h7xx_hal_uart.o
                0x08005afc                UART_AdvFeatureConfig
 .text.UART_CheckIdleState
                0x08005c40      0x154 ./Drivers/STM32H7xx_HAL_Driver/Src/stm32h7xx_hal_uart.o
                0x08005c40                UART_CheckIdleState
 .text.UART_WaitOnFlagUntilTimeout
                0x08005d94       0xda ./Drivers/STM32H7xx_HAL_Driver/Src/stm32h7xx_hal_uart.o
                0x08005d94                UART_WaitOnFlagUntilTimeout
 *fill*         0x08005e6e        0x2 
 .text.UART_EndRxTransfer
                0x08005e70       0xcc ./Drivers/STM32H7xx_HAL_Driver/Src/stm32h7xx_hal_uart.o
 .text.HAL_RS485Ex_Init
                0x08005f3c       0xd4 ./Drivers/STM32H7xx_HAL_Driver/Src/stm32h7xx_hal_uart_ex.o
                0x08005f3c                HAL_RS485Ex_Init
 .text.HAL_UARTEx_DisableFifoMode
                0x08006010       0x72 ./Drivers/STM32H7xx_HAL_Driver/Src/stm32h7xx_hal_uart_ex.o
                0x08006010                HAL_UARTEx_DisableFifoMode
 .text.HAL_UARTEx_SetTxFifoThreshold
                0x08006082       0x7c ./Drivers/STM32H7xx_HAL_Driver/Src/stm32h7xx_hal_uart_ex.o
                0x08006082                HAL_UARTEx_SetTxFifoThreshold
 .text.HAL_UARTEx_SetRxFifoThreshold
                0x080060fe       0x7c ./Drivers/STM32H7xx_HAL_Driver/Src/stm32h7xx_hal_uart_ex.o
                0x080060fe                HAL_UARTEx_SetRxFifoThreshold
 *fill*         0x0800617a        0x2 
 .text.UARTEx_SetNbDataToProcess
                0x0800617c       0x9c ./Drivers/STM32H7xx_HAL_Driver/Src/stm32h7xx_hal_uart_ex.o
 .text.memset   0x08006218       0x10 C:/ST/STM32CubeIDE_1.19.0/STM32CubeIDE/plugins/com.st.stm32cube.ide.mcu.externaltools.gnu-tools-for-stm32.13.3.rel1.win32_1.0.0.202411081344/tools/bin/../lib/gcc/arm-none-eabi/13.3.1/../../../../arm-none-eabi/lib/thumb/v7e-m+dp/hard\libc_nano.a(libc_a-memset.o)
                0x08006218                memset
 .text.__libc_init_array
                0x08006228       0x48 C:/ST/STM32CubeIDE_1.19.0/STM32CubeIDE/plugins/com.st.stm32cube.ide.mcu.externaltools.gnu-tools-for-stm32.13.3.rel1.win32_1.0.0.202411081344/tools/bin/../lib/gcc/arm-none-eabi/13.3.1/../../../../arm-none-eabi/lib/thumb/v7e-m+dp/hard\libc_nano.a(libc_a-init.o)
                0x08006228                __libc_init_array
 .text.memcpy   0x08006270       0x1c C:/ST/STM32CubeIDE_1.19.0/STM32CubeIDE/plugins/com.st.stm32cube.ide.mcu.externaltools.gnu-tools-for-stm32.13.3.rel1.win32_1.0.0.202411081344/tools/bin/../lib/gcc/arm-none-eabi/13.3.1/../../../../arm-none-eabi/lib/thumb/v7e-m+dp/hard\libc_nano.a(libc_a-memcpy-stub.o)
                0x08006270                memcpy
 *(.glue_7)
 .glue_7        0x0800628c        0x0 linker stubs
 *(.glue_7t)
 .glue_7t       0x0800628c        0x0 linker stubs
 *(.eh_frame)
 .eh_frame      0x0800628c        0x0 C:/ST/STM32CubeIDE_1.19.0/STM32CubeIDE/plugins/com.st.stm32cube.ide.mcu.externaltools.gnu-tools-for-stm32.13.3.rel1.win32_1.0.0.202411081344/tools/bin/../lib/gcc/arm-none-eabi/13.3.1/thumb/v7e-m+dp/hard/crtbegin.o
 *(.init)
 .init          0x0800628c        0x4 C:/ST/STM32CubeIDE_1.19.0/STM32CubeIDE/plugins/com.st.stm32cube.ide.mcu.externaltools.gnu-tools-for-stm32.13.3.rel1.win32_1.0.0.202411081344/tools/bin/../lib/gcc/arm-none-eabi/13.3.1/thumb/v7e-m+dp/hard/crti.o
                0x0800628c                _init
 .init          0x08006290        0x8 C:/ST/STM32CubeIDE_1.19.0/STM32CubeIDE/plugins/com.st.stm32cube.ide.mcu.externaltools.gnu-tools-for-stm32.13.3.rel1.win32_1.0.0.202411081344/tools/bin/../lib/gcc/arm-none-eabi/13.3.1/thumb/v7e-m+dp/hard/crtn.o
 *(.fini)
 .fini          0x08006298        0x4 C:/ST/STM32CubeIDE_1.19.0/STM32CubeIDE/plugins/com.st.stm32cube.ide.mcu.externaltools.gnu-tools-for-stm32.13.3.rel1.win32_1.0.0.202411081344/tools/bin/../lib/gcc/arm-none-eabi/13.3.1/thumb/v7e-m+dp/hard/crti.o
                0x08006298                _fini
 .fini          0x0800629c        0x8 C:/ST/STM32CubeIDE_1.19.0/STM32CubeIDE/plugins/com.st.stm32cube.ide.mcu.externaltools.gnu-tools-for-stm32.13.3.rel1.win32_1.0.0.202411081344/tools/bin/../lib/gcc/arm-none-eabi/13.3.1/thumb/v7e-m+dp/hard/crtn.o
                0x080062a4                        . = ALIGN (0x4)
                0x080062a4                        _etext = .

.vfp11_veneer   0x080062a4        0x0
 .vfp11_veneer  0x080062a4        0x0 linker stubs

.v4_bx          0x080062a4        0x0
 .v4_bx         0x080062a4        0x0 linker stubs

.iplt           0x080062a4        0x0
 .iplt          0x080062a4        0x0 C:/ST/STM32CubeIDE_1.19.0/STM32CubeIDE/plugins/com.st.stm32cube.ide.mcu.externaltools.gnu-tools-for-stm32.13.3.rel1.win32_1.0.0.202411081344/tools/bin/../lib/gcc/arm-none-eabi/13.3.1/thumb/v7e-m+dp/hard/crtbegin.o

.rodata         0x080062a4       0x84
                0x080062a4                        . = ALIGN (0x4)
 *(.rodata)
 .rodata        0x080062a4       0x4c ./Drivers/STM32H7xx_HAL_Driver/Src/stm32h7xx_hal_fdcan.o
 *(.rodata*)
 .rodata.D1CorePrescTable
                0x080062f0       0x10 ./Core/Src/system_stm32h7xx.o
                0x080062f0                D1CorePrescTable
 .rodata.UARTPrescTable
                0x08006300       0x18 ./Drivers/STM32H7xx_HAL_Driver/Src/stm32h7xx_hal_uart.o
                0x08006300                UARTPrescTable
 .rodata.numerator.1
                0x08006318        0x8 ./Drivers/STM32H7xx_HAL_Driver/Src/stm32h7xx_hal_uart_ex.o
 .rodata.denominator.0
                0x08006320        0x8 ./Drivers/STM32H7xx_HAL_Driver/Src/stm32h7xx_hal_uart_ex.o
                0x08006328                        . = ALIGN (0x4)

.ARM.extab
 *(.ARM.extab* .gnu.linkonce.armextab.*)

.ARM            0x08006328        0x8
                0x08006328                        __exidx_start = .
 *(.ARM.exidx*)
 .ARM.exidx     0x08006328        0x8 C:/ST/STM32CubeIDE_1.19.0/STM32CubeIDE/plugins/com.st.stm32cube.ide.mcu.externaltools.gnu-tools-for-stm32.13.3.rel1.win32_1.0.0.202411081344/tools/bin/../lib/gcc/arm-none-eabi/13.3.1/thumb/v7e-m+dp/hard\libgcc.a(_udivmoddi4.o)
                0x08006330                        __exidx_end = .

.preinit_array  0x08006330        0x0
                0x08006330                        PROVIDE (__preinit_array_start = .)
 *(.preinit_array*)
                0x08006330                        PROVIDE (__preinit_array_end = .)

.init_array     0x08006330        0x4
                0x08006330                        PROVIDE (__init_array_start = .)
 *(SORT_BY_NAME(.init_array.*))
 *(.init_array*)
 .init_array    0x08006330        0x4 C:/ST/STM32CubeIDE_1.19.0/STM32CubeIDE/plugins/com.st.stm32cube.ide.mcu.externaltools.gnu-tools-for-stm32.13.3.rel1.win32_1.0.0.202411081344/tools/bin/../lib/gcc/arm-none-eabi/13.3.1/thumb/v7e-m+dp/hard/crtbegin.o
                0x08006334                        PROVIDE (__init_array_end = .)

.fini_array     0x08006334        0x4
                [!provide]                        PROVIDE (__fini_array_start = .)
 *(SORT_BY_NAME(.fini_array.*))
 *(.fini_array*)
 .fini_array    0x08006334        0x4 C:/ST/STM32CubeIDE_1.19.0/STM32CubeIDE/plugins/com.st.stm32cube.ide.mcu.externaltools.gnu-tools-for-stm32.13.3.rel1.win32_1.0.0.202411081344/tools/bin/../lib/gcc/arm-none-eabi/13.3.1/thumb/v7e-m+dp/hard/crtbegin.o
                [!provide]                        PROVIDE (__fini_array_end = .)
                0x08006338                        _sidata = LOADADDR (.data)

.rel.dyn        0x08006338        0x0
 .rel.iplt      0x08006338        0x0 C:/ST/STM32CubeIDE_1.19.0/STM32CubeIDE/plugins/com.st.stm32cube.ide.mcu.externaltools.gnu-tools-for-stm32.13.3.rel1.win32_1.0.0.202411081344/tools/bin/../lib/gcc/arm-none-eabi/13.3.1/thumb/v7e-m+dp/hard/crtbegin.o

.data           0x24000000       0x10 load address 0x08006338
                0x24000000                        . = ALIGN (0x4)
                0x24000000                        _sdata = .
 *(.data)
 *(.data*)
 .data.SystemCoreClock
                0x24000000        0x4 ./Core/Src/system_stm32h7xx.o
                0x24000000                SystemCoreClock
 .data.SystemD2Clock
                0x24000004        0x4 ./Core/Src/system_stm32h7xx.o
                0x24000004                SystemD2Clock
 .data.uwTickPrio
                0x24000008        0x4 ./Drivers/STM32H7xx_HAL_Driver/Src/stm32h7xx_hal.o
                0x24000008                uwTickPrio
 .data.uwTickFreq
                0x2400000c        0x1 ./Drivers/STM32H7xx_HAL_Driver/Src/stm32h7xx_hal.o
                0x2400000c                uwTickFreq
 *(.RamFunc)
 *(.RamFunc*)
                0x24000010                        . = ALIGN (0x4)
 *fill*         0x2400000d        0x3 
                0x24000010                        _edata = .

.igot.plt       0x24000010        0x0 load address 0x08006348
 .igot.plt      0x24000010        0x0 C:/ST/STM32CubeIDE_1.19.0/STM32CubeIDE/plugins/com.st.stm32cube.ide.mcu.externaltools.gnu-tools-for-stm32.13.3.rel1.win32_1.0.0.202411081344/tools/bin/../lib/gcc/arm-none-eabi/13.3.1/thumb/v7e-m+dp/hard/crtbegin.o
                0x24000010                        . = ALIGN (0x4)

.bss            0x24000010      0x2f8 load address 0x08006348
                0x24000010                        _sbss = .
                0x24000010                        __bss_start__ = _sbss
 *(.bss)
 .bss           0x24000010       0x1c C:/ST/STM32CubeIDE_1.19.0/STM32CubeIDE/plugins/com.st.stm32cube.ide.mcu.externaltools.gnu-tools-for-stm32.13.3.rel1.win32_1.0.0.202411081344/tools/bin/../lib/gcc/arm-none-eabi/13.3.1/thumb/v7e-m+dp/hard/crtbegin.o
 *(.bss*)
 .bss.hfdcan1   0x2400002c       0xa0 ./Core/Src/main.o
                0x2400002c                hfdcan1
 .bss.hspi4     0x240000cc       0x88 ./Core/Src/main.o
                0x240000cc                hspi4
 .bss.hspi6     0x24000154       0x88 ./Core/Src/main.o
                0x24000154                hspi6
 .bss.huart1    0x240001dc       0x94 ./Core/Src/main.o
                0x240001dc                huart1
 .bss.huart2    0x24000270       0x94 ./Core/Src/main.o
                0x24000270                huart2
 .bss.uwTick    0x24000304        0x4 ./Drivers/STM32H7xx_HAL_Driver/Src/stm32h7xx_hal.o
                0x24000304                uwTick
 *(COMMON)
                0x24000308                        . = ALIGN (0x4)
                0x24000308                        _ebss = .
                0x24000308                        __bss_end__ = _ebss

._user_heap_stack
                0x24000308      0x600 load address 0x08006348
                0x24000308                        . = ALIGN (0x8)
                [!provide]                        PROVIDE (end = .)
                0x24000308                        PROVIDE (_end = .)
                0x24000508                        . = (. + _Min_Heap_Size)
 *fill*         0x24000308      0x200 
                0x24000908                        . = (. + _Min_Stack_Size)
 *fill*         0x24000508      0x400 
                0x24000908                        . = ALIGN (0x8)

/DISCARD/
 libc.a(*)
 libm.a(*)
 libgcc.a(*)

.ARM.attributes
                0x00000000       0x2e
 *(.ARM.attributes)
 .ARM.attributes
                0x00000000       0x20 C:/ST/STM32CubeIDE_1.19.0/STM32CubeIDE/plugins/com.st.stm32cube.ide.mcu.externaltools.gnu-tools-for-stm32.13.3.rel1.win32_1.0.0.202411081344/tools/bin/../lib/gcc/arm-none-eabi/13.3.1/thumb/v7e-m+dp/hard/crti.o
 .ARM.attributes
                0x00000020       0x32 C:/ST/STM32CubeIDE_1.19.0/STM32CubeIDE/plugins/com.st.stm32cube.ide.mcu.externaltools.gnu-tools-for-stm32.13.3.rel1.win32_1.0.0.202411081344/tools/bin/../lib/gcc/arm-none-eabi/13.3.1/thumb/v7e-m+dp/hard/crtbegin.o
 .ARM.attributes
                0x00000052       0x32 ./Core/Src/main.o
 .ARM.attributes
                0x00000084       0x32 ./Core/Src/stm32h7xx_hal_msp.o
 .ARM.attributes
                0x000000b6       0x32 ./Core/Src/stm32h7xx_it.o
 .ARM.attributes
                0x000000e8       0x32 ./Core/Src/system_stm32h7xx.o
 .ARM.attributes
                0x0000011a       0x21 ./Core/Startup/startup_stm32h753zitx.o
 .ARM.attributes
                0x0000013b       0x32 ./Drivers/STM32H7xx_HAL_Driver/Src/stm32h7xx_hal.o
 .ARM.attributes
                0x0000016d       0x32 ./Drivers/STM32H7xx_HAL_Driver/Src/stm32h7xx_hal_cortex.o
 .ARM.attributes
                0x0000019f       0x32 ./Drivers/STM32H7xx_HAL_Driver/Src/stm32h7xx_hal_fdcan.o
 .ARM.attributes
                0x000001d1       0x32 ./Drivers/STM32H7xx_HAL_Driver/Src/stm32h7xx_hal_gpio.o
 .ARM.attributes
                0x00000203       0x32 ./Drivers/STM32H7xx_HAL_Driver/Src/stm32h7xx_hal_pwr_ex.o
 .ARM.attributes
                0x00000235       0x32 ./Drivers/STM32H7xx_HAL_Driver/Src/stm32h7xx_hal_rcc.o
 .ARM.attributes
                0x00000267       0x32 ./Drivers/STM32H7xx_HAL_Driver/Src/stm32h7xx_hal_rcc_ex.o
 .ARM.attributes
                0x00000299       0x32 ./Drivers/STM32H7xx_HAL_Driver/Src/stm32h7xx_hal_spi.o
 .ARM.attributes
                0x000002cb       0x32 ./Drivers/STM32H7xx_HAL_Driver/Src/stm32h7xx_hal_uart.o
 .ARM.attributes
                0x000002fd       0x32 ./Drivers/STM32H7xx_HAL_Driver/Src/stm32h7xx_hal_uart_ex.o
 .ARM.attributes
                0x0000032f       0x32 C:/ST/STM32CubeIDE_1.19.0/STM32CubeIDE/plugins/com.st.stm32cube.ide.mcu.externaltools.gnu-tools-for-stm32.13.3.rel1.win32_1.0.0.202411081344/tools/bin/../lib/gcc/arm-none-eabi/13.3.1/../../../../arm-none-eabi/lib/thumb/v7e-m+dp/hard\libc_nano.a(libc_a-memset.o)
 .ARM.attributes
                0x00000361       0x32 C:/ST/STM32CubeIDE_1.19.0/STM32CubeIDE/plugins/com.st.stm32cube.ide.mcu.externaltools.gnu-tools-for-stm32.13.3.rel1.win32_1.0.0.202411081344/tools/bin/../lib/gcc/arm-none-eabi/13.3.1/../../../../arm-none-eabi/lib/thumb/v7e-m+dp/hard\libc_nano.a(libc_a-init.o)
 .ARM.attributes
                0x00000393       0x32 C:/ST/STM32CubeIDE_1.19.0/STM32CubeIDE/plugins/com.st.stm32cube.ide.mcu.externaltools.gnu-tools-for-stm32.13.3.rel1.win32_1.0.0.202411081344/tools/bin/../lib/gcc/arm-none-eabi/13.3.1/../../../../arm-none-eabi/lib/thumb/v7e-m+dp/hard\libc_nano.a(libc_a-memcpy-stub.o)
 .ARM.attributes
                0x000003c5       0x20 C:/ST/STM32CubeIDE_1.19.0/STM32CubeIDE/plugins/com.st.stm32cube.ide.mcu.externaltools.gnu-tools-for-stm32.13.3.rel1.win32_1.0.0.202411081344/tools/bin/../lib/gcc/arm-none-eabi/13.3.1/thumb/v7e-m+dp/hard\libgcc.a(_aeabi_uldivmod.o)
 .ARM.attributes
                0x000003e5       0x32 C:/ST/STM32CubeIDE_1.19.0/STM32CubeIDE/plugins/com.st.stm32cube.ide.mcu.externaltools.gnu-tools-for-stm32.13.3.rel1.win32_1.0.0.202411081344/tools/bin/../lib/gcc/arm-none-eabi/13.3.1/thumb/v7e-m+dp/hard\libgcc.a(_udivmoddi4.o)
 .ARM.attributes
                0x00000417       0x20 C:/ST/STM32CubeIDE_1.19.0/STM32CubeIDE/plugins/com.st.stm32cube.ide.mcu.externaltools.gnu-tools-for-stm32.13.3.rel1.win32_1.0.0.202411081344/tools/bin/../lib/gcc/arm-none-eabi/13.3.1/thumb/v7e-m+dp/hard\libgcc.a(_dvmd_tls.o)
 .ARM.attributes
                0x00000437       0x20 C:/ST/STM32CubeIDE_1.19.0/STM32CubeIDE/plugins/com.st.stm32cube.ide.mcu.externaltools.gnu-tools-for-stm32.13.3.rel1.win32_1.0.0.202411081344/tools/bin/../lib/gcc/arm-none-eabi/13.3.1/thumb/v7e-m+dp/hard/crtn.o
OUTPUT(SW_Controller_420.elf elf32-littlearm)
LOAD linker stubs
LOAD C:/ST/STM32CubeIDE_1.19.0/STM32CubeIDE/plugins/com.st.stm32cube.ide.mcu.externaltools.gnu-tools-for-stm32.13.3.rel1.win32_1.0.0.202411081344/tools/bin/../lib/gcc/arm-none-eabi/13.3.1/../../../../arm-none-eabi/lib/thumb/v7e-m+dp/hard\libc.a
LOAD C:/ST/STM32CubeIDE_1.19.0/STM32CubeIDE/plugins/com.st.stm32cube.ide.mcu.externaltools.gnu-tools-for-stm32.13.3.rel1.win32_1.0.0.202411081344/tools/bin/../lib/gcc/arm-none-eabi/13.3.1/../../../../arm-none-eabi/lib/thumb/v7e-m+dp/hard\libm.a
LOAD C:/ST/STM32CubeIDE_1.19.0/STM32CubeIDE/plugins/com.st.stm32cube.ide.mcu.externaltools.gnu-tools-for-stm32.13.3.rel1.win32_1.0.0.202411081344/tools/bin/../lib/gcc/arm-none-eabi/13.3.1/thumb/v7e-m+dp/hard\libgcc.a

.debug_info     0x00000000    0x149e5
 .debug_info    0x00000000     0x2015 ./Core/Src/main.o
 .debug_info    0x00002015     0x1cfe ./Core/Src/stm32h7xx_hal_msp.o
 .debug_info    0x00003d13      0x128 ./Core/Src/stm32h7xx_it.o
 .debug_info    0x00003e3b      0xdb2 ./Core/Src/system_stm32h7xx.o
 .debug_info    0x00004bed       0x30 ./Core/Startup/startup_stm32h753zitx.o
 .debug_info    0x00004c1d     0x1541 ./Drivers/STM32H7xx_HAL_Driver/Src/stm32h7xx_hal.o
 .debug_info    0x0000615e     0x10b7 ./Drivers/STM32H7xx_HAL_Driver/Src/stm32h7xx_hal_cortex.o
 .debug_info    0x00007215     0x2baf ./Drivers/STM32H7xx_HAL_Driver/Src/stm32h7xx_hal_fdcan.o
 .debug_info    0x00009dc4      0xc5a ./Drivers/STM32H7xx_HAL_Driver/Src/stm32h7xx_hal_gpio.o
 .debug_info    0x0000aa1e     0x1012 ./Drivers/STM32H7xx_HAL_Driver/Src/stm32h7xx_hal_pwr_ex.o
 .debug_info    0x0000ba30      0xe6a ./Drivers/STM32H7xx_HAL_Driver/Src/stm32h7xx_hal_rcc.o
 .debug_info    0x0000c89a     0x1225 ./Drivers/STM32H7xx_HAL_Driver/Src/stm32h7xx_hal_rcc_ex.o
 .debug_info    0x0000dabf     0x144a ./Drivers/STM32H7xx_HAL_Driver/Src/stm32h7xx_hal_spi.o
 .debug_info    0x0000ef09     0x4b1d ./Drivers/STM32H7xx_HAL_Driver/Src/stm32h7xx_hal_uart.o
 .debug_info    0x00013a26      0xfbf ./Drivers/STM32H7xx_HAL_Driver/Src/stm32h7xx_hal_uart_ex.o

.debug_abbrev   0x00000000     0x221d
 .debug_abbrev  0x00000000      0x2e6 ./Core/Src/main.o
 .debug_abbrev  0x000002e6      0x248 ./Core/Src/stm32h7xx_hal_msp.o
 .debug_abbrev  0x0000052e       0x73 ./Core/Src/stm32h7xx_it.o
 .debug_abbrev  0x000005a1      0x165 ./Core/Src/system_stm32h7xx.o
 .debug_abbrev  0x00000706       0x24 ./Core/Startup/startup_stm32h753zitx.o
 .debug_abbrev  0x0000072a      0x295 ./Drivers/STM32H7xx_HAL_Driver/Src/stm32h7xx_hal.o
 .debug_abbrev  0x000009bf      0x339 ./Drivers/STM32H7xx_HAL_Driver/Src/stm32h7xx_hal_cortex.o
 .debug_abbrev  0x00000cf8      0x288 ./Drivers/STM32H7xx_HAL_Driver/Src/stm32h7xx_hal_fdcan.o
 .debug_abbrev  0x00000f80      0x205 ./Drivers/STM32H7xx_HAL_Driver/Src/stm32h7xx_hal_gpio.o
 .debug_abbrev  0x00001185      0x2a7 ./Drivers/STM32H7xx_HAL_Driver/Src/stm32h7xx_hal_pwr_ex.o
 .debug_abbrev  0x0000142c      0x2c8 ./Drivers/STM32H7xx_HAL_Driver/Src/stm32h7xx_hal_rcc.o
 .debug_abbrev  0x000016f4      0x269 ./Drivers/STM32H7xx_HAL_Driver/Src/stm32h7xx_hal_rcc_ex.o
 .debug_abbrev  0x0000195d      0x2b1 ./Drivers/STM32H7xx_HAL_Driver/Src/stm32h7xx_hal_spi.o
 .debug_abbrev  0x00001c0e      0x33d ./Drivers/STM32H7xx_HAL_Driver/Src/stm32h7xx_hal_uart.o
 .debug_abbrev  0x00001f4b      0x2d2 ./Drivers/STM32H7xx_HAL_Driver/Src/stm32h7xx_hal_uart_ex.o

.debug_aranges  0x00000000      0xf38
 .debug_aranges
                0x00000000       0x68 ./Core/Src/main.o
 .debug_aranges
                0x00000068       0x50 ./Core/Src/stm32h7xx_hal_msp.o
 .debug_aranges
                0x000000b8       0x60 ./Core/Src/stm32h7xx_it.o
 .debug_aranges
                0x00000118       0x30 ./Core/Src/system_stm32h7xx.o
 .debug_aranges
                0x00000148       0x28 ./Core/Startup/startup_stm32h753zitx.o
 .debug_aranges
                0x00000170      0x198 ./Drivers/STM32H7xx_HAL_Driver/Src/stm32h7xx_hal.o
 .debug_aranges
                0x00000308      0x130 ./Drivers/STM32H7xx_HAL_Driver/Src/stm32h7xx_hal_cortex.o
 .debug_aranges
                0x00000438      0x338 ./Drivers/STM32H7xx_HAL_Driver/Src/stm32h7xx_hal_fdcan.o
 .debug_aranges
                0x00000770       0x58 ./Drivers/STM32H7xx_HAL_Driver/Src/stm32h7xx_hal_gpio.o
 .debug_aranges
                0x000007c8      0x158 ./Drivers/STM32H7xx_HAL_Driver/Src/stm32h7xx_hal_pwr_ex.o
 .debug_aranges
                0x00000920       0x88 ./Drivers/STM32H7xx_HAL_Driver/Src/stm32h7xx_hal_rcc.o
 .debug_aranges
                0x000009a8       0xf8 ./Drivers/STM32H7xx_HAL_Driver/Src/stm32h7xx_hal_rcc_ex.o
 .debug_aranges
                0x00000aa0      0x1a8 ./Drivers/STM32H7xx_HAL_Driver/Src/stm32h7xx_hal_spi.o
 .debug_aranges
                0x00000c48      0x248 ./Drivers/STM32H7xx_HAL_Driver/Src/stm32h7xx_hal_uart.o
 .debug_aranges
                0x00000e90       0xa8 ./Drivers/STM32H7xx_HAL_Driver/Src/stm32h7xx_hal_uart_ex.o

.debug_rnglists
                0x00000000      0xbce
 .debug_rnglists
                0x00000000       0x50 ./Core/Src/main.o
 .debug_rnglists
                0x00000050       0x3a ./Core/Src/stm32h7xx_hal_msp.o
 .debug_rnglists
                0x0000008a       0x43 ./Core/Src/stm32h7xx_it.o
 .debug_rnglists
                0x000000cd       0x21 ./Core/Src/system_stm32h7xx.o
 .debug_rnglists
                0x000000ee       0x19 ./Core/Startup/startup_stm32h753zitx.o
 .debug_rnglists
                0x00000107      0x131 ./Drivers/STM32H7xx_HAL_Driver/Src/stm32h7xx_hal.o
 .debug_rnglists
                0x00000238       0xe0 ./Drivers/STM32H7xx_HAL_Driver/Src/stm32h7xx_hal_cortex.o
 .debug_rnglists
                0x00000318      0x28b ./Drivers/STM32H7xx_HAL_Driver/Src/stm32h7xx_hal_fdcan.o
 .debug_rnglists
                0x000005a3       0x3f ./Drivers/STM32H7xx_HAL_Driver/Src/stm32h7xx_hal_gpio.o
 .debug_rnglists
                0x000005e2      0x103 ./Drivers/STM32H7xx_HAL_Driver/Src/stm32h7xx_hal_pwr_ex.o
 .debug_rnglists
                0x000006e5       0x68 ./Drivers/STM32H7xx_HAL_Driver/Src/stm32h7xx_hal_rcc.o
 .debug_rnglists
                0x0000074d       0xc0 ./Drivers/STM32H7xx_HAL_Driver/Src/stm32h7xx_hal_rcc_ex.o
 .debug_rnglists
                0x0000080d      0x148 ./Drivers/STM32H7xx_HAL_Driver/Src/stm32h7xx_hal_spi.o
 .debug_rnglists
                0x00000955      0x1fa ./Drivers/STM32H7xx_HAL_Driver/Src/stm32h7xx_hal_uart.o
 .debug_rnglists
                0x00000b4f       0x7f ./Drivers/STM32H7xx_HAL_Driver/Src/stm32h7xx_hal_uart_ex.o

.debug_macro    0x00000000    0x37ac7
 .debug_macro   0x00000000      0x2c2 ./Core/Src/main.o
 .debug_macro   0x000002c2      0xaf6 ./Core/Src/main.o
 .debug_macro   0x00000db8      0x23e ./Core/Src/main.o
 .debug_macro   0x00000ff6       0x2e ./Core/Src/main.o
 .debug_macro   0x00001024       0x3b ./Core/Src/main.o
 .debug_macro   0x0000105f       0x22 ./Core/Src/main.o
 .debug_macro   0x00001081       0x8e ./Core/Src/main.o
 .debug_macro   0x0000110f       0x51 ./Core/Src/main.o
 .debug_macro   0x00001160      0x103 ./Core/Src/main.o
 .debug_macro   0x00001263       0x6a ./Core/Src/main.o
 .debug_macro   0x000012cd      0x1df ./Core/Src/main.o
 .debug_macro   0x000014ac       0x1c ./Core/Src/main.o
 .debug_macro   0x000014c8       0x22 ./Core/Src/main.o
 .debug_macro   0x000014ea       0xfb ./Core/Src/main.o
 .debug_macro   0x000015e5     0x1305 ./Core/Src/main.o
 .debug_macro   0x000028ea      0x11f ./Core/Src/main.o
 .debug_macro   0x00002a09       0x27 ./Core/Src/main.o
 .debug_macro   0x00002a30    0x261cc ./Core/Src/main.o
 .debug_macro   0x00028bfc       0x6d ./Core/Src/main.o
 .debug_macro   0x00028c69     0x3d79 ./Core/Src/main.o
 .debug_macro   0x0002c9e2      0x190 ./Core/Src/main.o
 .debug_macro   0x0002cb72       0x61 ./Core/Src/main.o
 .debug_macro   0x0002cbd3       0x29 ./Core/Src/main.o
 .debug_macro   0x0002cbfc       0x43 ./Core/Src/main.o
 .debug_macro   0x0002cc3f       0x34 ./Core/Src/main.o
 .debug_macro   0x0002cc73      0x370 ./Core/Src/main.o
 .debug_macro   0x0002cfe3       0x16 ./Core/Src/main.o
 .debug_macro   0x0002cff9       0x4a ./Core/Src/main.o
 .debug_macro   0x0002d043       0x34 ./Core/Src/main.o
 .debug_macro   0x0002d077       0x10 ./Core/Src/main.o
 .debug_macro   0x0002d087       0x58 ./Core/Src/main.o
 .debug_macro   0x0002d0df       0x8e ./Core/Src/main.o
 .debug_macro   0x0002d16d       0x1c ./Core/Src/main.o
 .debug_macro   0x0002d189      0x185 ./Core/Src/main.o
 .debug_macro   0x0002d30e      0x19b ./Core/Src/main.o
 .debug_macro   0x0002d4a9       0x5d ./Core/Src/main.o
 .debug_macro   0x0002d506     0x240e ./Core/Src/main.o
 .debug_macro   0x0002f914     0x102c ./Core/Src/main.o
 .debug_macro   0x00030940      0x154 ./Core/Src/main.o
 .debug_macro   0x00030a94      0x114 ./Core/Src/main.o
 .debug_macro   0x00030ba8      0x3b6 ./Core/Src/main.o
 .debug_macro   0x00030f5e       0xac ./Core/Src/main.o
 .debug_macro   0x0003100a      0x72d ./Core/Src/main.o
 .debug_macro   0x00031737      0x228 ./Core/Src/main.o
 .debug_macro   0x0003195f       0x66 ./Core/Src/main.o
 .debug_macro   0x000319c5      0x3bb ./Core/Src/main.o
 .debug_macro   0x00031d80      0x3e4 ./Core/Src/main.o
 .debug_macro   0x00032164      0x275 ./Core/Src/main.o
 .debug_macro   0x000323d9      0xe42 ./Core/Src/main.o
 .debug_macro   0x0003321b      0x3ca ./Core/Src/main.o
 .debug_macro   0x000335e5      0x408 ./Core/Src/main.o
 .debug_macro   0x000339ed       0x51 ./Core/Src/main.o
 .debug_macro   0x00033a3e       0x4a ./Core/Src/main.o
 .debug_macro   0x00033a88      0x22c ./Core/Src/main.o
 .debug_macro   0x00033cb4       0x67 ./Core/Src/main.o
 .debug_macro   0x00033d1b       0xa5 ./Core/Src/main.o
 .debug_macro   0x00033dc0      0x1c4 ./Core/Src/main.o
 .debug_macro   0x00033f84      0x25e ./Core/Src/main.o
 .debug_macro   0x000341e2       0x35 ./Core/Src/main.o
 .debug_macro   0x00034217      0x5e4 ./Core/Src/main.o
 .debug_macro   0x000347fb       0xc1 ./Core/Src/main.o
 .debug_macro   0x000348bc      0x693 ./Core/Src/main.o
 .debug_macro   0x00034f4f       0xa6 ./Core/Src/main.o
 .debug_macro   0x00034ff5      0x5ac ./Core/Src/main.o
 .debug_macro   0x000355a1      0x2c2 ./Core/Src/stm32h7xx_hal_msp.o
 .debug_macro   0x00035863      0x2cc ./Core/Src/stm32h7xx_it.o
 .debug_macro   0x00035b2f      0x2b8 ./Core/Src/system_stm32h7xx.o
 .debug_macro   0x00035de7      0x2e2 ./Drivers/STM32H7xx_HAL_Driver/Src/stm32h7xx_hal.o
 .debug_macro   0x000360c9      0x2b8 ./Drivers/STM32H7xx_HAL_Driver/Src/stm32h7xx_hal_cortex.o
 .debug_macro   0x00036381      0x37d ./Drivers/STM32H7xx_HAL_Driver/Src/stm32h7xx_hal_fdcan.o
 .debug_macro   0x000366fe      0x2bf ./Drivers/STM32H7xx_HAL_Driver/Src/stm32h7xx_hal_gpio.o
 .debug_macro   0x000369bd      0x2f1 ./Drivers/STM32H7xx_HAL_Driver/Src/stm32h7xx_hal_pwr_ex.o
 .debug_macro   0x00036cae      0x2dc ./Drivers/STM32H7xx_HAL_Driver/Src/stm32h7xx_hal_rcc.o
 .debug_macro   0x00036f8a      0x2d6 ./Drivers/STM32H7xx_HAL_Driver/Src/stm32h7xx_hal_rcc_ex.o
 .debug_macro   0x00037260      0x2c0 ./Drivers/STM32H7xx_HAL_Driver/Src/stm32h7xx_hal_spi.o
 .debug_macro   0x00037520      0x2e3 ./Drivers/STM32H7xx_HAL_Driver/Src/stm32h7xx_hal_uart.o
 .debug_macro   0x00037803      0x2c4 ./Drivers/STM32H7xx_HAL_Driver/Src/stm32h7xx_hal_uart_ex.o

.debug_line     0x00000000    0x12e3f
 .debug_line    0x00000000      0xc0c ./Core/Src/main.o
 .debug_line    0x00000c0c      0xaab ./Core/Src/stm32h7xx_hal_msp.o
 .debug_line    0x000016b7      0x9a2 ./Core/Src/stm32h7xx_it.o
 .debug_line    0x00002059      0xaf2 ./Core/Src/system_stm32h7xx.o
 .debug_line    0x00002b4b       0x7b ./Core/Startup/startup_stm32h753zitx.o
 .debug_line    0x00002bc6      0xecb ./Drivers/STM32H7xx_HAL_Driver/Src/stm32h7xx_hal.o
 .debug_line    0x00003a91      0xeb5 ./Drivers/STM32H7xx_HAL_Driver/Src/stm32h7xx_hal_cortex.o
 .debug_line    0x00004946     0x2956 ./Drivers/STM32H7xx_HAL_Driver/Src/stm32h7xx_hal_fdcan.o
 .debug_line    0x0000729c      0xd54 ./Drivers/STM32H7xx_HAL_Driver/Src/stm32h7xx_hal_gpio.o
 .debug_line    0x00007ff0     0x104f ./Drivers/STM32H7xx_HAL_Driver/Src/stm32h7xx_hal_pwr_ex.o
 .debug_line    0x0000903f     0x1572 ./Drivers/STM32H7xx_HAL_Driver/Src/stm32h7xx_hal_rcc.o
 .debug_line    0x0000a5b1     0x1e7e ./Drivers/STM32H7xx_HAL_Driver/Src/stm32h7xx_hal_rcc_ex.o
 .debug_line    0x0000c42f     0x225d ./Drivers/STM32H7xx_HAL_Driver/Src/stm32h7xx_hal_spi.o
 .debug_line    0x0000e68c     0x3952 ./Drivers/STM32H7xx_HAL_Driver/Src/stm32h7xx_hal_uart.o
 .debug_line    0x00011fde      0xe61 ./Drivers/STM32H7xx_HAL_Driver/Src/stm32h7xx_hal_uart_ex.o

.debug_str      0x00000000   0x1670e0
 .debug_str     0x00000000   0x1670e0 ./Core/Src/main.o
                             0x161df5 (size before relaxing)
 .debug_str     0x001670e0   0x161d65 ./Core/Src/stm32h7xx_hal_msp.o
 .debug_str     0x001670e0   0x160a9d ./Core/Src/stm32h7xx_it.o
 .debug_str     0x001670e0   0x160fb0 ./Core/Src/system_stm32h7xx.o
 .debug_str     0x001670e0       0x8b ./Core/Startup/startup_stm32h753zitx.o
 .debug_str     0x001670e0   0x161e96 ./Drivers/STM32H7xx_HAL_Driver/Src/stm32h7xx_hal.o
 .debug_str     0x001670e0   0x1618d1 ./Drivers/STM32H7xx_HAL_Driver/Src/stm32h7xx_hal_cortex.o
 .debug_str     0x001670e0   0x162c5f ./Drivers/STM32H7xx_HAL_Driver/Src/stm32h7xx_hal_fdcan.o
 .debug_str     0x001670e0   0x160f28 ./Drivers/STM32H7xx_HAL_Driver/Src/stm32h7xx_hal_gpio.o
 .debug_str     0x001670e0   0x1613e9 ./Drivers/STM32H7xx_HAL_Driver/Src/stm32h7xx_hal_pwr_ex.o
 .debug_str     0x001670e0   0x16130c ./Drivers/STM32H7xx_HAL_Driver/Src/stm32h7xx_hal_rcc.o
 .debug_str     0x001670e0   0x1617ed ./Drivers/STM32H7xx_HAL_Driver/Src/stm32h7xx_hal_rcc_ex.o
 .debug_str     0x001670e0   0x161630 ./Drivers/STM32H7xx_HAL_Driver/Src/stm32h7xx_hal_spi.o
 .debug_str     0x001670e0   0x161e4d ./Drivers/STM32H7xx_HAL_Driver/Src/stm32h7xx_hal_uart.o
 .debug_str     0x001670e0   0x16140d ./Drivers/STM32H7xx_HAL_Driver/Src/stm32h7xx_hal_uart_ex.o

.comment        0x00000000       0x43
 .comment       0x00000000       0x43 ./Core/Src/main.o
                                 0x44 (size before relaxing)
 .comment       0x00000043       0x44 ./Core/Src/stm32h7xx_hal_msp.o
 .comment       0x00000043       0x44 ./Core/Src/stm32h7xx_it.o
 .comment       0x00000043       0x44 ./Core/Src/system_stm32h7xx.o
 .comment       0x00000043       0x44 ./Drivers/STM32H7xx_HAL_Driver/Src/stm32h7xx_hal.o
 .comment       0x00000043       0x44 ./Drivers/STM32H7xx_HAL_Driver/Src/stm32h7xx_hal_cortex.o
 .comment       0x00000043       0x44 ./Drivers/STM32H7xx_HAL_Driver/Src/stm32h7xx_hal_fdcan.o
 .comment       0x00000043       0x44 ./Drivers/STM32H7xx_HAL_Driver/Src/stm32h7xx_hal_gpio.o
 .comment       0x00000043       0x44 ./Drivers/STM32H7xx_HAL_Driver/Src/stm32h7xx_hal_pwr_ex.o
 .comment       0x00000043       0x44 ./Drivers/STM32H7xx_HAL_Driver/Src/stm32h7xx_hal_rcc.o
 .comment       0x00000043       0x44 ./Drivers/STM32H7xx_HAL_Driver/Src/stm32h7xx_hal_rcc_ex.o
 .comment       0x00000043       0x44 ./Drivers/STM32H7xx_HAL_Driver/Src/stm32h7xx_hal_spi.o
 .comment       0x00000043       0x44 ./Drivers/STM32H7xx_HAL_Driver/Src/stm32h7xx_hal_uart.o
 .comment       0x00000043       0x44 ./Drivers/STM32H7xx_HAL_Driver/Src/stm32h7xx_hal_uart_ex.o

.debug_frame    0x00000000     0x41b0
 .debug_frame   0x00000000      0x13c ./Core/Src/main.o
 .debug_frame   0x0000013c      0x11c ./Core/Src/stm32h7xx_hal_msp.o
 .debug_frame   0x00000258      0x104 ./Core/Src/stm32h7xx_it.o
 .debug_frame   0x0000035c       0x78 ./Core/Src/system_stm32h7xx.o
 .debug_frame   0x000003d4      0x690 ./Drivers/STM32H7xx_HAL_Driver/Src/stm32h7xx_hal.o
 .debug_frame   0x00000a64      0x508 ./Drivers/STM32H7xx_HAL_Driver/Src/stm32h7xx_hal_cortex.o
 .debug_frame   0x00000f6c      0xf9c ./Drivers/STM32H7xx_HAL_Driver/Src/stm32h7xx_hal_fdcan.o
 .debug_frame   0x00001f08      0x14c ./Drivers/STM32H7xx_HAL_Driver/Src/stm32h7xx_hal_gpio.o
 .debug_frame   0x00002054      0x580 ./Drivers/STM32H7xx_HAL_Driver/Src/stm32h7xx_hal_pwr_ex.o
 .debug_frame   0x000025d4      0x1f8 ./Drivers/STM32H7xx_HAL_Driver/Src/stm32h7xx_hal_rcc.o
 .debug_frame   0x000027cc      0x414 ./Drivers/STM32H7xx_HAL_Driver/Src/stm32h7xx_hal_rcc_ex.o
 .debug_frame   0x00002be0      0x7a8 ./Drivers/STM32H7xx_HAL_Driver/Src/stm32h7xx_hal_spi.o
 .debug_frame   0x00003388      0xa94 ./Drivers/STM32H7xx_HAL_Driver/Src/stm32h7xx_hal_uart.o
 .debug_frame   0x00003e1c      0x2c0 ./Drivers/STM32H7xx_HAL_Driver/Src/stm32h7xx_hal_uart_ex.o
 .debug_frame   0x000040dc       0x20 C:/ST/STM32CubeIDE_1.19.0/STM32CubeIDE/plugins/com.st.stm32cube.ide.mcu.externaltools.gnu-tools-for-stm32.13.3.rel1.win32_1.0.0.202411081344/tools/bin/../lib/gcc/arm-none-eabi/13.3.1/../../../../arm-none-eabi/lib/thumb/v7e-m+dp/hard\libc_nano.a(libc_a-memset.o)
 .debug_frame   0x000040fc       0x2c C:/ST/STM32CubeIDE_1.19.0/STM32CubeIDE/plugins/com.st.stm32cube.ide.mcu.externaltools.gnu-tools-for-stm32.13.3.rel1.win32_1.0.0.202411081344/tools/bin/../lib/gcc/arm-none-eabi/13.3.1/../../../../arm-none-eabi/lib/thumb/v7e-m+dp/hard\libc_nano.a(libc_a-init.o)
 .debug_frame   0x00004128       0x28 C:/ST/STM32CubeIDE_1.19.0/STM32CubeIDE/plugins/com.st.stm32cube.ide.mcu.externaltools.gnu-tools-for-stm32.13.3.rel1.win32_1.0.0.202411081344/tools/bin/../lib/gcc/arm-none-eabi/13.3.1/../../../../arm-none-eabi/lib/thumb/v7e-m+dp/hard\libc_nano.a(libc_a-memcpy-stub.o)
 .debug_frame   0x00004150       0x2c C:/ST/STM32CubeIDE_1.19.0/STM32CubeIDE/plugins/com.st.stm32cube.ide.mcu.externaltools.gnu-tools-for-stm32.13.3.rel1.win32_1.0.0.202411081344/tools/bin/../lib/gcc/arm-none-eabi/13.3.1/thumb/v7e-m+dp/hard\libgcc.a(_aeabi_uldivmod.o)
 .debug_frame   0x0000417c       0x34 C:/ST/STM32CubeIDE_1.19.0/STM32CubeIDE/plugins/com.st.stm32cube.ide.mcu.externaltools.gnu-tools-for-stm32.13.3.rel1.win32_1.0.0.202411081344/tools/bin/../lib/gcc/arm-none-eabi/13.3.1/thumb/v7e-m+dp/hard\libgcc.a(_udivmoddi4.o)

.debug_line_str
                0x00000000       0x6f
 .debug_line_str
                0x00000000       0x6f ./Core/Startup/startup_stm32h753zitx.o
