../Core/Src/main.c:82:5:main	40	static
../Core/Src/main.c:178:6:SystemClock_Config	120	static
../Core/Src/main.c:230:13:MX_FDCAN1_Init	8	static
../Core/Src/main.c:283:13:MX_USART1_UART_Init	8	static
../Core/Src/main.c:331:13:MX_USART2_UART_Init	8	static
../Core/Src/main.c:379:13:MX_GPIO_Init	64	static
../Core/Src/main.c:523:6:HandleWriteDO	16	static
../Core/Src/main.c:539:6:HandleReadDO	24	static
../Core/Src/main.c:553:6:MPU_Config	24	static
../Core/Src/main.c:584:6:Error_Handler	4	static,ignoring_inline_asm
