../Core/Src/main.c:82:5:main	8	static
../Core/Src/main.c:175:6:SystemClock_Config	120	static
../Core/Src/main.c:227:13:MX_FDCAN1_Init	8	static
../Core/Src/main.c:280:13:MX_USART1_UART_Init	8	static
../Core/Src/main.c:328:13:MX_USART2_UART_Init	8	static
../Core/Src/main.c:376:13:MX_GPIO_Init	64	static
../Core/Src/main.c:520:6:HandleWriteDO	16	static
../Core/Src/main.c:534:6:HandleReadDO	24	static
../Core/Src/main.c:546:6:MPU_Config	24	static
../Core/Src/main.c:577:6:Error_Handler	4	static,ignoring_inline_asm
