../Core/Src/rs485_protocol.c:44:6:RS485_Init	16	static
../Core/Src/rs485_protocol.c:70:6:RS485_Process	8	static
../Core/Src/rs485_protocol.c:84:19:RS485_SendPacket	344	dynamic,ignoring_inline_asm
../Core/Src/rs485_protocol.c:182:19:RS485_SendResponse	16	static
../Core/Src/rs485_protocol.c:194:19:RS485_SendError	24	static
../Core/Src/rs485_protocol.c:209:6:RS485_RegisterCommandHandler	16	static
../Core/Src/rs485_protocol.c:219:17:RS485_GetStatus	4	static
../Core/Src/rs485_protocol.c:230:10:RS485_CalculateCRC	24	static
../Core/Src/rs485_protocol.c:253:13:RS485_ProcessPacket	320	dynamic
../Core/Src/rs485_protocol.c:313:13:RS485_HandlePing	16	static
../Core/Src/rs485_protocol.c:323:13:RS485_HandleGetVersion	24	static
../Core/Src/rs485_protocol.c:343:13:RS485_HandleHeartbeat	24	static
../Core/Src/rs485_protocol.c:357:13:RS485_HandleGetStatus	32	static
../Core/Src/rs485_protocol.c:375:6:HAL_UART_RxCpltCallback	16	static
../Core/Src/rs485_protocol.c:394:13:RS485_ProcessReceivedByte	24	static
