../Core/Src/rs485_protocol.c:44:6:RS485_Init	16	static
../Core/Src/rs485_protocol.c:72:6:RS485_Process	8	static
../Core/Src/rs485_protocol.c:86:19:RS485_SendPacket	352	dynamic,ignoring_inline_asm
../Core/Src/rs485_protocol.c:197:19:RS485_SendResponse	16	static
../Core/Src/rs485_protocol.c:209:19:RS485_SendError	24	static
../Core/Src/rs485_protocol.c:224:6:RS485_RegisterCommandHandler	16	static
../Core/Src/rs485_protocol.c:234:17:RS485_GetStatus	4	static
../Core/Src/rs485_protocol.c:245:10:RS485_CalculateCRC	24	static
../Core/Src/rs485_protocol.c:268:13:RS485_ProcessPacket	320	dynamic
../Core/Src/rs485_protocol.c:341:13:RS485_HandlePing	24	static
../Core/Src/rs485_protocol.c:358:13:RS485_HandleGetVersion	24	static
../Core/Src/rs485_protocol.c:378:13:RS485_HandleHeartbeat	24	static
../Core/Src/rs485_protocol.c:392:13:RS485_HandleGetStatus	32	static
../Core/Src/rs485_protocol.c:410:6:HAL_UART_RxCpltCallback	16	static
../Core/Src/rs485_protocol.c:431:13:RS485_ProcessReceivedByte	24	static
