../Core/Src/analog_input_handler.c:76:6:AnalogInput_Init	16	static
../Core/Src/analog_input_handler.c:168:6:AnalogInput_Update	80	static
../Core/Src/analog_input_handler.c:240:10:AnalogInput_Get420mA_Raw	16	static
../Core/Src/analog_input_handler.c:251:7:AnalogInput_Get420mA_Current	16	static
../Core/Src/analog_input_handler.c:262:7:AnalogInput_Get420mA_Percent	16	static
../Core/Src/analog_input_handler.c:273:16:AnalogInput_Get420mA_Status	16	static
../Core/Src/analog_input_handler.c:286:6:AnalogInput_GetAll420mA	24	static
../Core/Src/analog_input_handler.c:305:10:AnalogInput_GetVoltage_Raw	16	static
../Core/Src/analog_input_handler.c:316:7:AnalogInput_GetVoltage_V	16	static
../Core/Src/analog_input_handler.c:327:7:AnalogInput_GetVoltage_Percent	16	static
../Core/Src/analog_input_handler.c:338:16:AnalogInput_GetVoltage_Status	16	static
../Core/Src/analog_input_handler.c:351:6:AnalogInput_GetAllVoltage	24	static
../Core/Src/analog_input_handler.c:370:6:AnalogInput_GetAllNTC	16	static
../Core/Src/analog_input_handler.c:379:6:AnalogInput_GetAllData	24	static
../Core/Src/analog_input_handler.c:400:15:AnalogInput_GetDataStructure	4	static
../Core/Src/analog_input_handler.c:408:6:AnalogInput_StartConversion	8	static
../Core/Src/analog_input_handler.c:416:6:AnalogInput_SetUpdateRate	16	static
../Core/Src/analog_input_handler.c:424:6:AnalogInput_Calibrate420mA	40	static
../Core/Src/analog_input_handler.c:437:6:AnalogInput_CalibrateVoltage	40	static
../Core/Src/analog_input_handler.c:460:14:Convert_ADC_To_420mA	24	static
../Core/Src/analog_input_handler.c:475:14:Convert_ADC_To_Voltage	24	static
../Core/Src/analog_input_handler.c:485:23:Check_420mA_Status	16	static
../Core/Src/analog_input_handler.c:499:23:Check_Voltage_Status	16	static
