../Core/Src/main.c:89:5:main	40	static
../Core/Src/main.c:194:6:SystemClock_Config	120	static
../Core/Src/main.c:253:13:MX_FDCAN1_Init	8	static
../Core/Src/main.c:306:13:MX_SPI1_Init	8	static
../Core/Src/main.c:354:13:MX_SPI4_Init	8	static
../Core/Src/main.c:402:13:MX_USART1_UART_Init	8	static
../Core/Src/main.c:450:13:MX_USART2_UART_Init	8	static
../Core/Src/main.c:498:13:MX_GPIO_Init	56	static
../Core/Src/main.c:535:6:HandleRead420mA	192	static
../Core/Src/main.c:566:6:HandleReadVoltage	72	static
../Core/Src/main.c:595:6:MPU_Config	24	static
../Core/Src/main.c:626:6:Error_Handler	4	static,ignoring_inline_asm
