../Core/Src/main.c:89:5:main	4
../Core/Src/main.c:224:6:SystemClock_Config	4
../Core/Src/main.c:283:13:MX_FDCAN1_Init	2
../Core/Src/main.c:336:13:MX_SPI1_Init	3
../Core/Src/main.c:392:13:MX_SPI4_Init	3
../Core/Src/main.c:448:13:MX_USART1_UART_Init	5
../Core/Src/main.c:496:13:MX_USART2_UART_Init	5
../Core/Src/main.c:544:13:MX_GPIO_Init	1
../Core/Src/main.c:581:6:HandleRead420mA	3
../Core/Src/main.c:612:6:HandleReadVoltage	2
../Core/Src/main.c:641:6:MPU_Config	1
../Core/Src/main.c:672:6:Error_Handler	1
