../Core/Src/rs485_protocol.c:44:6:RS485_Init	16	static
../Core/Src/rs485_protocol.c:78:6:RS485_Process	8	static
../Core/Src/rs485_protocol.c:92:19:RS485_SendPacket	352	dynamic,ignoring_inline_asm
../Core/Src/rs485_protocol.c:192:19:RS485_SendResponse	16	static
../Core/Src/rs485_protocol.c:204:19:RS485_SendError	24	static
../Core/Src/rs485_protocol.c:219:6:RS485_RegisterCommandHandler	16	static
../Core/Src/rs485_protocol.c:229:17:RS485_GetStatus	4	static
../Core/Src/rs485_protocol.c:240:10:RS485_CalculateCRC	24	static
../Core/Src/rs485_protocol.c:263:13:RS485_ProcessPacket	320	dynamic
../Core/Src/rs485_protocol.c:324:13:RS485_HandlePing	16	static
../Core/Src/rs485_protocol.c:334:13:RS485_HandleGetVersion	24	static
../Core/Src/rs485_protocol.c:354:13:RS485_HandleHeartbeat	24	static
../Core/Src/rs485_protocol.c:368:13:RS485_HandleGetStatus	32	static
../Core/Src/rs485_protocol.c:386:6:HAL_UART_RxCpltCallback	16	static
../Core/Src/rs485_protocol.c:407:13:RS485_ProcessReceivedByte	24	static
