../Core/Src/main.c:84:5:main	8	static
../Core/Src/main.c:184:6:SystemClock_Config	120	static
../Core/Src/main.c:240:13:MX_ADC1_Init	48	static
../Core/Src/main.c:309:13:MX_FDCAN1_Init	8	static
../Core/Src/main.c:362:13:MX_USART1_UART_Init	8	static
../Core/Src/main.c:410:13:MX_USART2_UART_Init	8	static
../Core/Src/main.c:458:13:MX_GPIO_Init	64	static
../Core/Src/main.c:557:6:HandleReadDI	24	static
../Core/Src/main.c:569:6:MPU_Config	24	static
../Core/Src/main.c:600:6:Error_Handler	4	static,ignoring_inline_asm
