../Core/Src/main.c:84:5:main	40	static
../Core/Src/main.c:187:6:SystemClock_Config	120	static
../Core/Src/main.c:243:13:MX_ADC1_Init	48	static
../Core/Src/main.c:312:13:MX_FDCAN1_Init	8	static
../Core/Src/main.c:365:13:MX_USART1_UART_Init	8	static
../Core/Src/main.c:413:13:MX_USART2_UART_Init	8	static
../Core/Src/main.c:461:13:MX_GPIO_Init	64	static
../Core/Src/main.c:560:6:HandleReadDI	24	static
../Core/Src/main.c:574:6:MPU_Config	24	static
../Core/Src/main.c:605:6:Error_Handler	4	static,ignoring_inline_asm
